Archive member included to satisfy reference by file (symbol)

d:/stuff/stm32cubeide_1.4.0/stm32cubeide/plugins/com.st.stm32cube.ide.mcu.externaltools.gnu-tools-for-stm32.7-2018-q2-update.win32_1.4.0.202007081208/tools/bin/../lib/gcc/arm-none-eabi/7.3.1/../../../../arm-none-eabi/lib/thumb/v7e-m/fpv4-sp/hard\libc_nano.a(lib_a-errno.o)
                              Core/Src/syscalls.o (__errno)
d:/stuff/stm32cubeide_1.4.0/stm32cubeide/plugins/com.st.stm32cube.ide.mcu.externaltools.gnu-tools-for-stm32.7-2018-q2-update.win32_1.4.0.202007081208/tools/bin/../lib/gcc/arm-none-eabi/7.3.1/../../../../arm-none-eabi/lib/thumb/v7e-m/fpv4-sp/hard\libc_nano.a(lib_a-exit.o)
                              d:/stuff/stm32cubeide_1.4.0/stm32cubeide/plugins/com.st.stm32cube.ide.mcu.externaltools.gnu-tools-for-stm32.7-2018-q2-update.win32_1.4.0.202007081208/tools/bin/../lib/gcc/arm-none-eabi/7.3.1/../../../../arm-none-eabi/lib/thumb/v7e-m/fpv4-sp/hard/crt0.o (exit)
d:/stuff/stm32cubeide_1.4.0/stm32cubeide/plugins/com.st.stm32cube.ide.mcu.externaltools.gnu-tools-for-stm32.7-2018-q2-update.win32_1.4.0.202007081208/tools/bin/../lib/gcc/arm-none-eabi/7.3.1/../../../../arm-none-eabi/lib/thumb/v7e-m/fpv4-sp/hard\libc_nano.a(lib_a-impure.o)
                              d:/stuff/stm32cubeide_1.4.0/stm32cubeide/plugins/com.st.stm32cube.ide.mcu.externaltools.gnu-tools-for-stm32.7-2018-q2-update.win32_1.4.0.202007081208/tools/bin/../lib/gcc/arm-none-eabi/7.3.1/../../../../arm-none-eabi/lib/thumb/v7e-m/fpv4-sp/hard\libc_nano.a(lib_a-exit.o) (_global_impure_ptr)
d:/stuff/stm32cubeide_1.4.0/stm32cubeide/plugins/com.st.stm32cube.ide.mcu.externaltools.gnu-tools-for-stm32.7-2018-q2-update.win32_1.4.0.202007081208/tools/bin/../lib/gcc/arm-none-eabi/7.3.1/../../../../arm-none-eabi/lib/thumb/v7e-m/fpv4-sp/hard\libc_nano.a(lib_a-init.o)
                              d:/stuff/stm32cubeide_1.4.0/stm32cubeide/plugins/com.st.stm32cube.ide.mcu.externaltools.gnu-tools-for-stm32.7-2018-q2-update.win32_1.4.0.202007081208/tools/bin/../lib/gcc/arm-none-eabi/7.3.1/../../../../arm-none-eabi/lib/thumb/v7e-m/fpv4-sp/hard/crt0.o (__libc_init_array)
d:/stuff/stm32cubeide_1.4.0/stm32cubeide/plugins/com.st.stm32cube.ide.mcu.externaltools.gnu-tools-for-stm32.7-2018-q2-update.win32_1.4.0.202007081208/tools/bin/../lib/gcc/arm-none-eabi/7.3.1/../../../../arm-none-eabi/lib/thumb/v7e-m/fpv4-sp/hard\libc_nano.a(lib_a-memset.o)
                              d:/stuff/stm32cubeide_1.4.0/stm32cubeide/plugins/com.st.stm32cube.ide.mcu.externaltools.gnu-tools-for-stm32.7-2018-q2-update.win32_1.4.0.202007081208/tools/bin/../lib/gcc/arm-none-eabi/7.3.1/../../../../arm-none-eabi/lib/thumb/v7e-m/fpv4-sp/hard/crt0.o (memset)
d:/stuff/stm32cubeide_1.4.0/stm32cubeide/plugins/com.st.stm32cube.ide.mcu.externaltools.gnu-tools-for-stm32.7-2018-q2-update.win32_1.4.0.202007081208/tools/bin/../lib/gcc/arm-none-eabi/7.3.1/../../../../arm-none-eabi/lib/thumb/v7e-m/fpv4-sp/hard\libc_nano.a(lib_a-snprintf.o)
                              Core/Src/main.o (snprintf)
d:/stuff/stm32cubeide_1.4.0/stm32cubeide/plugins/com.st.stm32cube.ide.mcu.externaltools.gnu-tools-for-stm32.7-2018-q2-update.win32_1.4.0.202007081208/tools/bin/../lib/gcc/arm-none-eabi/7.3.1/../../../../arm-none-eabi/lib/thumb/v7e-m/fpv4-sp/hard\libc_nano.a(lib_a-strlen.o)
                              Core/Src/main.o (strlen)
d:/stuff/stm32cubeide_1.4.0/stm32cubeide/plugins/com.st.stm32cube.ide.mcu.externaltools.gnu-tools-for-stm32.7-2018-q2-update.win32_1.4.0.202007081208/tools/bin/../lib/gcc/arm-none-eabi/7.3.1/../../../../arm-none-eabi/lib/thumb/v7e-m/fpv4-sp/hard\libc_nano.a(lib_a-nano-svfprintf.o)
                              d:/stuff/stm32cubeide_1.4.0/stm32cubeide/plugins/com.st.stm32cube.ide.mcu.externaltools.gnu-tools-for-stm32.7-2018-q2-update.win32_1.4.0.202007081208/tools/bin/../lib/gcc/arm-none-eabi/7.3.1/../../../../arm-none-eabi/lib/thumb/v7e-m/fpv4-sp/hard\libc_nano.a(lib_a-snprintf.o) (_svfprintf_r)
d:/stuff/stm32cubeide_1.4.0/stm32cubeide/plugins/com.st.stm32cube.ide.mcu.externaltools.gnu-tools-for-stm32.7-2018-q2-update.win32_1.4.0.202007081208/tools/bin/../lib/gcc/arm-none-eabi/7.3.1/../../../../arm-none-eabi/lib/thumb/v7e-m/fpv4-sp/hard\libc_nano.a(lib_a-nano-vfprintf_i.o)
                              d:/stuff/stm32cubeide_1.4.0/stm32cubeide/plugins/com.st.stm32cube.ide.mcu.externaltools.gnu-tools-for-stm32.7-2018-q2-update.win32_1.4.0.202007081208/tools/bin/../lib/gcc/arm-none-eabi/7.3.1/../../../../arm-none-eabi/lib/thumb/v7e-m/fpv4-sp/hard\libc_nano.a(lib_a-nano-svfprintf.o) (_printf_i)
d:/stuff/stm32cubeide_1.4.0/stm32cubeide/plugins/com.st.stm32cube.ide.mcu.externaltools.gnu-tools-for-stm32.7-2018-q2-update.win32_1.4.0.202007081208/tools/bin/../lib/gcc/arm-none-eabi/7.3.1/../../../../arm-none-eabi/lib/thumb/v7e-m/fpv4-sp/hard\libc_nano.a(lib_a-memchr.o)
[...]
Memory Configuration

Name             Origin             Length             Attributes
RAM              0x0000000020000000 0x0000000000018000 xrw
FLASH            0x0000000008000000 0x0000000000080000 xr
*default*        0x0000000000000000 0xffffffffffffffff

Linker script and memory map

LOAD d:/stuff/stm32cubeide_1.4.0/stm32cubeide/plugins/com.st.stm32cube.ide.mcu.externaltools.gnu-tools-for-stm32.7-2018-q2-update.win32_1.4.0.202007081208/tools/bin/../lib/gcc/arm-none-eabi/7.3.1/thumb/v7e-m/fpv4-sp/hard/crti.o
LOAD d:/stuff/stm32cubeide_1.4.0/stm32cubeide/plugins/com.st.stm32cube.ide.mcu.externaltools.gnu-tools-for-stm32.7-2018-q2-update.win32_1.4.0.202007081208/tools/bin/../lib/gcc/arm-none-eabi/7.3.1/thumb/v7e-m/fpv4-sp/hard/crtbegin.o
LOAD d:/stuff/stm32cubeide_1.4.0/stm32cubeide/plugins/com.st.stm32cube.ide.mcu.externaltools.gnu-tools-for-stm32.7-2018-q2-update.win32_1.4.0.202007081208/tools/bin/../lib/gcc/arm-none-eabi/7.3.1/../../../../arm-none-eabi/lib/thumb/v7e-m/fpv4-sp/hard/crt0.o
LOAD Core/Src/fatfs_sd.o
LOAD Core/Src/main.o
LOAD Core/Src/stm32f4xx_hal_msp.o
LOAD Core/Src/stm32f4xx_it.o
LOAD Core/Src/syscalls.o
LOAD Core/Src/sysmem.o
LOAD Core/Src/system_stm32f4xx.o
LOAD Core/Startup/startup_stm32f401retx.o
LOAD Drivers/STM32F4xx_HAL_Driver/Src/stm32f4xx_hal.o
LOAD Drivers/STM32F4xx_HAL_Driver/Src/stm32f4xx_hal_adc.o
LOAD Drivers/STM32F4xx_HAL_Driver/Src/stm32f4xx_hal_adc_ex.o
LOAD Drivers/STM32F4xx_HAL_Driver/Src/stm32f4xx_hal_cortex.o
LOAD Drivers/STM32F4xx_HAL_Driver/Src/stm32f4xx_hal_dma.o
LOAD Drivers/STM32F4xx_HAL_Driver/Src/stm32f4xx_hal_dma_ex.o
LOAD Drivers/STM32F4xx_HAL_Driver/Src/stm32f4xx_hal_exti.o
LOAD Drivers/STM32F4xx_HAL_Driver/Src/stm32f4xx_hal_flash.o
LOAD Drivers/STM32F4xx_HAL_Driver/Src/stm32f4xx_hal_flash_ex.o
LOAD Drivers/STM32F4xx_HAL_Driver/Src/stm32f4xx_hal_flash_ramfunc.o
LOAD Drivers/STM32F4xx_HAL_Driver/Src/stm32f4xx_hal_gpio.o
LOAD Drivers/STM32F4xx_HAL_Driver/Src/stm32f4xx_hal_pwr.o
LOAD Drivers/STM32F4xx_HAL_Driver/Src/stm32f4xx_hal_pwr_ex.o
LOAD Drivers/STM32F4xx_HAL_Driver/Src/stm32f4xx_hal_rcc.o
LOAD Drivers/STM32F4xx_HAL_Driver/Src/stm32f4xx_hal_rcc_ex.o
LOAD Drivers/STM32F4xx_HAL_Driver/Src/stm32f4xx_hal_rtc.o
LOAD Drivers/STM32F4xx_HAL_Driver/Src/stm32f4xx_hal_rtc_ex.o
LOAD Drivers/STM32F4xx_HAL_Driver/Src/stm32f4xx_hal_spi.o
LOAD Drivers/STM32F4xx_HAL_Driver/Src/stm32f4xx_hal_tim.o
LOAD Drivers/STM32F4xx_HAL_Driver/Src/stm32f4xx_hal_tim_ex.o
LOAD Drivers/STM32F4xx_HAL_Driver/Src/stm32f4xx_hal_uart.o
LOAD FATFS/App/fatfs.o
LOAD FATFS/Target/user_diskio.o
LOAD Middlewares/Third_Party/FatFs/src/diskio.o
LOAD Middlewares/Third_Party/FatFs/src/ff.o
LOAD Middlewares/Third_Party/FatFs/src/ff_gen_drv.o
LOAD Middlewares/Third_Party/FatFs/src/option/ccsbcs.o
LOAD Middlewares/Third_Party/FatFs/src/option/syscall.o
START GROUP
LOAD d:/stuff/stm32cubeide_1.4.0/stm32cubeide/plugins/com.st.stm32cube.ide.mcu.externaltools.gnu-tools-for-stm32.7-2018-q2-update.win32_1.4.0.202007081208/tools/bin/../lib/gcc/arm-none-eabi/7.3.1/../../../../arm-none-eabi/lib/thumb/v7e-m/fpv4-sp/hard\libc_nano.a
LOAD d:/stuff/stm32cubeide_1.4.0/stm32cubeide/plugins/com.st.stm32cube.ide.mcu.externaltools.gnu-tools-for-stm32.7-2018-q2-update.win32_1.4.0.202007081208/tools/bin/../lib/gcc/arm-none-eabi/7.3.1/../../../../arm-none-eabi/lib/thumb/v7e-m/fpv4-sp/hard\libm.a
END GROUP
START GROUP
LOAD d:/stuff/stm32cubeide_1.4.0/stm32cubeide/plugins/com.st.stm32cube.ide.mcu.externaltools.gnu-tools-for-stm32.7-2018-q2-update.win32_1.4.0.202007081208/tools/bin/../lib/gcc/arm-none-eabi/7.3.1/thumb/v7e-m/fpv4-sp/hard\libgcc.a
LOAD d:/stuff/stm32cubeide_1.4.0/stm32cubeide/plugins/com.st.stm32cube.ide.mcu.externaltools.gnu-tools-for-stm32.7-2018-q2-update.win32_1.4.0.202007081208/tools/bin/../lib/gcc/arm-none-eabi/7.3.1/../../../../arm-none-eabi/lib/thumb/v7e-m/fpv4-sp/hard\libc_nano.a
END GROUP
START GROUP
LOAD d:/stuff/stm32cubeide_1.4.0/stm32cubeide/plugins/com.st.stm32cube.ide.mcu.externaltools.gnu-tools-for-stm32.7-2018-q2-update.win32_1.4.0.202007081208/tools/bin/../lib/gcc/arm-none-eabi/7.3.1/thumb/v7e-m/fpv4-sp/hard\libgcc.a
LOAD d:/stuff/stm32cubeide_1.4.0/stm32cubeide/plugins/com.st.stm32cube.ide.mcu.externaltools.gnu-tools-for-stm32.7-2018-q2-update.win32_1.4.0.202007081208/tools/bin/../lib/gcc/arm-none-eabi/7.3.1/../../../../arm-none-eabi/lib/thumb/v7e-m/fpv4-sp/hard\libc_nano.a
LOAD d:/stuff/stm32cubeide_1.4.0/stm32cubeide/plugins/com.st.stm32cube.ide.mcu.externaltools.gnu-tools-for-stm32.7-2018-q2-update.win32_1.4.0.202007081208/tools/bin/../lib/gcc/arm-none-eabi/7.3.1/../../../../arm-none-eabi/lib/thumb/v7e-m/fpv4-sp/hard\libnosys.a
END GROUP
START GROUP
LOAD d:/stuff/stm32cubeide_1.4.0/stm32cubeide/plugins/com.st.stm32cube.ide.mcu.externaltools.gnu-tools-for-stm32.7-2018-q2-update.win32_1.4.0.202007081208/tools/bin/../lib/gcc/arm-none-eabi/7.3.1/thumb/v7e-m/fpv4-sp/hard\libgcc.a
LOAD d:/stuff/stm32cubeide_1.4.0/stm32cubeide/plugins/com.st.stm32cube.ide.mcu.externaltools.gnu-tools-for-stm32.7-2018-q2-update.win32_1.4.0.202007081208/tools/bin/../lib/gcc/arm-none-eabi/7.3.1/../../../../arm-none-eabi/lib/thumb/v7e-m/fpv4-sp/hard\libc_nano.a
LOAD d:/stuff/stm32cubeide_1.4.0/stm32cubeide/plugins/com.st.stm32cube.ide.mcu.externaltools.gnu-tools-for-stm32.7-2018-q2-update.win32_1.4.0.202007081208/tools/bin/../lib/gcc/arm-none-eabi/7.3.1/../../../../arm-none-eabi/lib/thumb/v7e-m/fpv4-sp/hard\libnosys.a
END GROUP
LOAD d:/stuff/stm32cubeide_1.4.0/stm32cubeide/plugins/com.st.stm32cube.ide.mcu.externaltools.gnu-tools-for-stm32.7-2018-q2-update.win32_1.4.0.202007081208/tools/bin/../lib/gcc/arm-none-eabi/7.3.1/thumb/v7e-m/fpv4-sp/hard/crtend.o
LOAD d:/stuff/stm32cubeide_1.4.0/stm32cubeide/plugins/com.st.stm32cube.ide.mcu.externaltools.gnu-tools-for-stm32.7-2018-q2-update.win32_1.4.0.202007081208/tools/bin/../lib/gcc/arm-none-eabi/7.3.1/thumb/v7e-m/fpv4-sp/hard/crtn.o
                0x0000000020018000                _estack = (ORIGIN (RAM) + LENGTH (RAM))
                0x0000000000000200                _Min_Heap_Size = 0x200
                0x0000000000000400                _Min_Stack_Size = 0x400

.isr_vector     0x0000000008000000      0x194
                0x0000000008000000                . = ALIGN (0x4)
 *(.isr_vector)
 .isr_vector    0x0000000008000000      0x194 Core/Startup/startup_stm32f401retx.o
                0x0000000008000000                g_pfnVectors
                0x0000000008000194                . = ALIGN (0x4)

.text           0x00000000080001a0     0x8b18
                0x00000000080001a0                . = ALIGN (0x4)
 *(.text)
 .text          0x00000000080001a0       0x40 d:/stuff/stm32cubeide_1.4.0/stm32cubeide/plugins/com.st.stm32cube.ide.mcu.externaltools.gnu-tools-for-stm32.7-2018-q2-update.win32_1.4.0.202007081208/tools/bin/../lib/gcc/arm-none-eabi/7.3.1/thumb/v7e-m/fpv4-sp/hard/crtbegin.o
 .text          0x00000000080001e0       0x10 d:/stuff/stm32cubeide_1.4.0/stm32cubeide/plugins/com.st.stm32cube.ide.mcu.externaltools.gnu-tools-for-stm32.7-2018-q2-update.win32_1.4.0.202007081208/tools/bin/../lib/gcc/arm-none-eabi/7.3.1/../../../../arm-none-eabi/lib/thumb/v7e-m/fpv4-sp/hard\libc_nano.a(lib_a-strlen.o)
                0x00000000080001e0                strlen
 .text          0x00000000080001f0       0xa0 d:/stuff/stm32cubeide_1.4.0/stm32cubeide/plugins/com.st.stm32cube.ide.mcu.externaltools.gnu-tools-for-stm32.7-2018-q2-update.win32_1.4.0.202007081208/tools/bin/../lib/gcc/arm-none-eabi/7.3.1/../../../../arm-none-eabi/lib/thumb/v7e-m/fpv4-sp/hard\libc_nano.a(lib_a-memchr.o)
                0x00000000080001f0                memchr
 .text          0x0000000008000290       0x30 d:/stuff/stm32cubeide_1.4.0/stm32cubeide/plugins/com.st.stm32cube.ide.mcu.externaltools.gnu-tools-for-stm32.7-2018-q2-update.win32_1.4.0.202007081208/tools/bin/../lib/gcc/arm-none-eabi/7.3.1/thumb/v7e-m/fpv4-sp/hard\libgcc.a(_aeabi_uldivmod.o)
                0x0000000008000290                __aeabi_uldivmod
 .text          0x00000000080002c0      0x2cc d:/stuff/stm32cubeide_1.4.0/stm32cubeide/plugins/com.st.stm32cube.ide.mcu.externaltools.gnu-tools-for-stm32.7-2018-q2-update.win32_1.4.0.202007081208/tools/bin/../lib/gcc/arm-none-eabi/7.3.1/thumb/v7e-m/fpv4-sp/hard\libgcc.a(_udivmoddi4.o)
                0x00000000080002c0                __udivmoddi4
 .text          0x000000000800058c        0x4 d:/stuff/stm32cubeide_1.4.0/stm32cubeide/plugins/com.st.stm32cube.ide.mcu.externaltools.gnu-tools-for-stm32.7-2018-q2-update.win32_1.4.0.202007081208/tools/bin/../lib/gcc/arm-none-eabi/7.3.1/thumb/v7e-m/fpv4-sp/hard\libgcc.a(_dvmd_tls.o)
                0x000000000800058c                __aeabi_idiv0
                0x000000000800058c                __aeabi_ldiv0
 *(.text*)
 .text.SELECT   0x0000000008000590       0x18 Core/Src/fatfs_sd.o
 .text.DESELECT
                0x00000000080005a8       0x18 Core/Src/fatfs_sd.o
 .text.SPI_TxByte
                0x00000000080005c0       0x34 Core/Src/fatfs_sd.o
 .text.SPI_RxByte
                0x00000000080005f4       0x3c Core/Src/fatfs_sd.o
 .text.SPI_RxBytePtr
                0x0000000008000630       0x1c Core/Src/fatfs_sd.o
 .text.SD_ReadyWait
                0x000000000800064c       0x38 Core/Src/fatfs_sd.o
 .text.SD_PowerOn
                0x0000000008000684       0x98 Core/Src/fatfs_sd.o
 .text.SD_PowerOff
                0x000000000800071c       0x18 Core/Src/fatfs_sd.o
 .text.SD_CheckPower
                0x0000000008000734       0x18 Core/Src/fatfs_sd.o
 .text.SD_RxDataBlock
                0x000000000800074c       0x6c Core/Src/fatfs_sd.o
 .text.SD_TxDataBlock
                0x00000000080007b8       0xa8 Core/Src/fatfs_sd.o
 .text.SD_SendCmd
                0x0000000008000860       0xa4 Core/Src/fatfs_sd.o
 .text.SD_disk_initialize
                0x0000000008000904      0x1d4 Core/Src/fatfs_sd.o
                0x0000000008000904                SD_disk_initialize
 .text.SD_disk_status
                0x0000000008000ad8       0x2c Core/Src/fatfs_sd.o
                0x0000000008000ad8                SD_disk_status
 .text.SD_disk_read
                0x0000000008000b04       0xd4 Core/Src/fatfs_sd.o
                0x0000000008000b04                SD_disk_read
 .text.SD_disk_write
                0x0000000008000bd8      0x108 Core/Src/fatfs_sd.o
                0x0000000008000bd8                SD_disk_write
 .text.SD_disk_ioctl
                0x0000000008000ce0      0x25c Core/Src/fatfs_sd.o
                0x0000000008000ce0                SD_disk_ioctl
 .text.main     0x0000000008000f3c       0x38 Core/Src/main.o
                0x0000000008000f3c                main
 .text.SystemClock_Config
                0x0000000008000f74      0x108 Core/Src/main.o
                0x0000000008000f74                SystemClock_Config
 .text.MX_ADC1_Init
                0x000000000800107c       0xa4 Core/Src/main.o
 .text.MX_RTC_Init
                0x0000000008001120       0xb0 Core/Src/main.o
 .text.MX_SPI2_Init
                0x00000000080011d0       0x6c Core/Src/main.o
 .text.MX_TIM1_Init
                0x000000000800123c       0xa4 Core/Src/main.o
 .text.MX_USART2_UART_Init
                0x00000000080012e0       0x54 Core/Src/main.o
 .text.MX_GPIO_Init
                0x0000000008001334      0x104 Core/Src/main.o
 .text.InitDateTime
                0x0000000008001438       0x54 Core/Src/main.o
                0x0000000008001438                InitDateTime
 .text.Print    0x000000000800148c       0x2c Core/Src/main.o
                0x000000000800148c                Print
 .text.GetSensorValue
                0x00000000080014b8       0x34 Core/Src/main.o
                0x00000000080014b8                GetSensorValue
 .text.FormatOutputLine
                0x00000000080014ec       0x78 Core/Src/main.o
                0x00000000080014ec                FormatOutputLine
 .text.GetFileName
                0x0000000008001564       0x48 Core/Src/main.o
                0x0000000008001564                GetFileName
 .text.AddLineToFile
                0x00000000080015ac      0x208 Core/Src/main.o
                0x00000000080015ac                AddLineToFile
 .text.Error_Handler
                0x00000000080017b4        0xe Core/Src/main.o
                0x00000000080017b4                Error_Handler
 *fill*         0x00000000080017c2        0x2 
 .text.HAL_MspInit
                0x00000000080017c4       0x50 Core/Src/stm32f4xx_hal_msp.o
                0x00000000080017c4                HAL_MspInit
 .text.HAL_ADC_MspInit
                0x0000000008001814       0x88 Core/Src/stm32f4xx_hal_msp.o
                0x0000000008001814                HAL_ADC_MspInit
 .text.HAL_RTC_MspInit
                0x000000000800189c       0x2c Core/Src/stm32f4xx_hal_msp.o
                0x000000000800189c                HAL_RTC_MspInit
 .text.HAL_SPI_MspInit
                0x00000000080018c8       0x90 Core/Src/stm32f4xx_hal_msp.o
                0x00000000080018c8                HAL_SPI_MspInit
 .text.HAL_TIM_Base_MspInit
                0x0000000008001958       0x50 Core/Src/stm32f4xx_hal_msp.o
                0x0000000008001958                HAL_TIM_Base_MspInit
 .text.HAL_UART_MspInit
                0x00000000080019a8       0x90 Core/Src/stm32f4xx_hal_msp.o
                0x00000000080019a8                HAL_UART_MspInit
 .text.SDTimer_Handler
                0x0000000008001a38       0x48 Core/Src/stm32f4xx_it.o
                0x0000000008001a38                SDTimer_Handler
 .text.NMI_Handler
                0x0000000008001a80        0xe Core/Src/stm32f4xx_it.o
                0x0000000008001a80                NMI_Handler
 .text.HardFault_Handler
                0x0000000008001a8e        0x6 Core/Src/stm32f4xx_it.o
                0x0000000008001a8e                HardFault_Handler
 .text.MemManage_Handler
                0x0000000008001a94        0x6 Core/Src/stm32f4xx_it.o
                0x0000000008001a94                MemManage_Handler
 .text.BusFault_Handler
                0x0000000008001a9a        0x6 Core/Src/stm32f4xx_it.o
                0x0000000008001a9a                BusFault_Handler
 .text.UsageFault_Handler
                0x0000000008001aa0        0x6 Core/Src/stm32f4xx_it.o
                0x0000000008001aa0                UsageFault_Handler
 .text.SVC_Handler
                0x0000000008001aa6        0xe Core/Src/stm32f4xx_it.o
                0x0000000008001aa6                SVC_Handler
 .text.DebugMon_Handler
                0x0000000008001ab4        0xe Core/Src/stm32f4xx_it.o
                0x0000000008001ab4                DebugMon_Handler
 .text.PendSV_Handler
                0x0000000008001ac2        0xe Core/Src/stm32f4xx_it.o
                0x0000000008001ac2                PendSV_Handler
 .text.SysTick_Handler
                0x0000000008001ad0       0x34 Core/Src/stm32f4xx_it.o
                0x0000000008001ad0                SysTick_Handler
 .text.TIM1_UP_TIM10_IRQHandler
                0x0000000008001b04       0x98 Core/Src/stm32f4xx_it.o
                0x0000000008001b04                TIM1_UP_TIM10_IRQHandler
 .text._sbrk    0x0000000008001b9c       0x6c Core/Src/sysmem.o
                0x0000000008001b9c                _sbrk
 .text.SystemInit
                0x0000000008001c08       0x2c Core/Src/system_stm32f4xx.o
                0x0000000008001c08                SystemInit
 .text.Reset_Handler
                0x0000000008001c34       0x50 Core/Startup/startup_stm32f401retx.o
                0x0000000008001c34                Reset_Handler
 .text.Default_Handler
                0x0000000008001c84        0x2 Core/Startup/startup_stm32f401retx.o
                0x0000000008001c84                RTC_Alarm_IRQHandler
                0x0000000008001c84                EXTI2_IRQHandler
                0x0000000008001c84                SPI4_IRQHandler
                0x0000000008001c84                TIM1_CC_IRQHandler
                0x0000000008001c84                DMA2_Stream5_IRQHandler
                0x0000000008001c84                DMA1_Stream5_IRQHandler
                0x0000000008001c84                PVD_IRQHandler
                0x0000000008001c84                SDIO_IRQHandler
                0x0000000008001c84                TAMP_STAMP_IRQHandler
                0x0000000008001c84                EXTI3_IRQHandler
                0x0000000008001c84                I2C3_ER_IRQHandler
                0x0000000008001c84                EXTI0_IRQHandler
                0x0000000008001c84                I2C2_EV_IRQHandler
                0x0000000008001c84                DMA1_Stream2_IRQHandler
                0x0000000008001c84                FPU_IRQHandler
                0x0000000008001c84                DMA2_Stream2_IRQHandler
                0x0000000008001c84                SPI1_IRQHandler
                0x0000000008001c84                TIM1_BRK_TIM9_IRQHandler
                0x0000000008001c84                DMA2_Stream3_IRQHandler
                0x0000000008001c84                USART6_IRQHandler
                0x0000000008001c84                DMA2_Stream0_IRQHandler
                0x0000000008001c84                TIM4_IRQHandler
                0x0000000008001c84                I2C1_EV_IRQHandler
                0x0000000008001c84                DMA1_Stream6_IRQHandler
                0x0000000008001c84                DMA1_Stream1_IRQHandler
                0x0000000008001c84                TIM3_IRQHandler
                0x0000000008001c84                RCC_IRQHandler
                0x0000000008001c84                Default_Handler
                0x0000000008001c84                EXTI15_10_IRQHandler
                0x0000000008001c84                ADC_IRQHandler
                0x0000000008001c84                DMA1_Stream7_IRQHandler
                0x0000000008001c84                TIM5_IRQHandler
                0x0000000008001c84                DMA2_Stream7_IRQHandler
                0x0000000008001c84                I2C3_EV_IRQHandler
                0x0000000008001c84                EXTI9_5_IRQHandler
                0x0000000008001c84                RTC_WKUP_IRQHandler
                0x0000000008001c84                SPI2_IRQHandler
                0x0000000008001c84                DMA1_Stream0_IRQHandler
                0x0000000008001c84                EXTI4_IRQHandler
                0x0000000008001c84                WWDG_IRQHandler
                0x0000000008001c84                TIM2_IRQHandler
                0x0000000008001c84                OTG_FS_WKUP_IRQHandler
                0x0000000008001c84                TIM1_TRG_COM_TIM11_IRQHandler
                0x0000000008001c84                EXTI1_IRQHandler
                0x0000000008001c84                USART2_IRQHandler
                0x0000000008001c84                I2C2_ER_IRQHandler
                0x0000000008001c84                DMA2_Stream1_IRQHandler
                0x0000000008001c84                FLASH_IRQHandler
                0x0000000008001c84                DMA2_Stream4_IRQHandler
                0x0000000008001c84                USART1_IRQHandler
                0x0000000008001c84                OTG_FS_IRQHandler
                0x0000000008001c84                SPI3_IRQHandler
                0x0000000008001c84                DMA1_Stream4_IRQHandler
                0x0000000008001c84                I2C1_ER_IRQHandler
                0x0000000008001c84                DMA2_Stream6_IRQHandler
                0x0000000008001c84                DMA1_Stream3_IRQHandler
 *fill*         0x0000000008001c86        0x2 
 .text.HAL_Init
                0x0000000008001c88       0x44 Drivers/STM32F4xx_HAL_Driver/Src/stm32f4xx_hal.o
                0x0000000008001c88                HAL_Init
 .text.HAL_InitTick
                0x0000000008001ccc       0x60 Drivers/STM32F4xx_HAL_Driver/Src/stm32f4xx_hal.o
                0x0000000008001ccc                HAL_InitTick
 .text.HAL_IncTick
                0x0000000008001d2c       0x28 Drivers/STM32F4xx_HAL_Driver/Src/stm32f4xx_hal.o
                0x0000000008001d2c                HAL_IncTick
 .text.HAL_GetTick
                0x0000000008001d54       0x18 Drivers/STM32F4xx_HAL_Driver/Src/stm32f4xx_hal.o
                0x0000000008001d54                HAL_GetTick
 .text.HAL_ADC_Init
                0x0000000008001d6c       0x86 Drivers/STM32F4xx_HAL_Driver/Src/stm32f4xx_hal_adc.o
                0x0000000008001d6c                HAL_ADC_Init
 *fill*         0x0000000008001df2        0x2 
 .text.HAL_ADC_Start
                0x0000000008001df4      0x14c Drivers/STM32F4xx_HAL_Driver/Src/stm32f4xx_hal_adc.o
                0x0000000008001df4                HAL_ADC_Start
 .text.HAL_ADC_PollForConversion
                0x0000000008001f40      0x108 Drivers/STM32F4xx_HAL_Driver/Src/stm32f4xx_hal_adc.o
                0x0000000008001f40                HAL_ADC_PollForConversion
 .text.HAL_ADC_GetValue
                0x0000000008002048       0x1a Drivers/STM32F4xx_HAL_Driver/Src/stm32f4xx_hal_adc.o
                0x0000000008002048                HAL_ADC_GetValue
 *fill*         0x0000000008002062        0x2 
 .text.HAL_ADC_ConfigChannel
                0x0000000008002064      0x244 Drivers/STM32F4xx_HAL_Driver/Src/stm32f4xx_hal_adc.o
                0x0000000008002064                HAL_ADC_ConfigChannel
 .text.ADC_Init
                0x00000000080022a8      0x1f8 Drivers/STM32F4xx_HAL_Driver/Src/stm32f4xx_hal_adc.o
 .text.__NVIC_SetPriorityGrouping
                0x00000000080024a0       0x48 Drivers/STM32F4xx_HAL_Driver/Src/stm32f4xx_hal_cortex.o
 .text.__NVIC_GetPriorityGrouping
                0x00000000080024e8       0x1c Drivers/STM32F4xx_HAL_Driver/Src/stm32f4xx_hal_cortex.o
 .text.__NVIC_EnableIRQ
                0x0000000008002504       0x3c Drivers/STM32F4xx_HAL_Driver/Src/stm32f4xx_hal_cortex.o
 .text.__NVIC_SetPriority
                0x0000000008002540       0x54 Drivers/STM32F4xx_HAL_Driver/Src/stm32f4xx_hal_cortex.o
 .text.NVIC_EncodePriority
                0x0000000008002594       0x66 Drivers/STM32F4xx_HAL_Driver/Src/stm32f4xx_hal_cortex.o
 *fill*         0x00000000080025fa        0x2 
 .text.SysTick_Config
                0x00000000080025fc       0x44 Drivers/STM32F4xx_HAL_Driver/Src/stm32f4xx_hal_cortex.o
 .text.HAL_NVIC_SetPriorityGrouping
                0x0000000008002640       0x16 Drivers/STM32F4xx_HAL_Driver/Src/stm32f4xx_hal_cortex.o
                0x0000000008002640                HAL_NVIC_SetPriorityGrouping
 .text.HAL_NVIC_SetPriority
                0x0000000008002656       0x38 Drivers/STM32F4xx_HAL_Driver/Src/stm32f4xx_hal_cortex.o
                0x0000000008002656                HAL_NVIC_SetPriority
 .text.HAL_NVIC_EnableIRQ
                0x000000000800268e       0x1c Drivers/STM32F4xx_HAL_Driver/Src/stm32f4xx_hal_cortex.o
                0x000000000800268e                HAL_NVIC_EnableIRQ
 .text.HAL_SYSTICK_Config
                0x00000000080026aa       0x18 Drivers/STM32F4xx_HAL_Driver/Src/stm32f4xx_hal_cortex.o
                0x00000000080026aa                HAL_SYSTICK_Config
 *fill*         0x00000000080026c2        0x2 
 .text.HAL_GPIO_Init
                0x00000000080026c4      0x304 Drivers/STM32F4xx_HAL_Driver/Src/stm32f4xx_hal_gpio.o
                0x00000000080026c4                HAL_GPIO_Init
 .text.HAL_GPIO_WritePin
                0x00000000080029c8       0x32 Drivers/STM32F4xx_HAL_Driver/Src/stm32f4xx_hal_gpio.o
                0x00000000080029c8                HAL_GPIO_WritePin
 *fill*         0x00000000080029fa        0x2 
 .text.HAL_RCC_OscConfig
                0x00000000080029fc      0x4e0 Drivers/STM32F4xx_HAL_Driver/Src/stm32f4xx_hal_rcc.o
                0x00000000080029fc                HAL_RCC_OscConfig
 .text.HAL_RCC_ClockConfig
                0x0000000008002edc      0x1cc Drivers/STM32F4xx_HAL_Driver/Src/stm32f4xx_hal_rcc.o
                0x0000000008002edc                HAL_RCC_ClockConfig
 .text.HAL_RCC_GetSysClockFreq
                0x00000000080030a8      0x1b0 Drivers/STM32F4xx_HAL_Driver/Src/stm32f4xx_hal_rcc.o
                0x00000000080030a8                HAL_RCC_GetSysClockFreq
 .text.HAL_RCC_GetHCLKFreq
                0x0000000008003258       0x18 Drivers/STM32F4xx_HAL_Driver/Src/stm32f4xx_hal_rcc.o
                0x0000000008003258                HAL_RCC_GetHCLKFreq
 .text.HAL_RCC_GetPCLK1Freq
                0x0000000008003270       0x28 Drivers/STM32F4xx_HAL_Driver/Src/stm32f4xx_hal_rcc.o
                0x0000000008003270                HAL_RCC_GetPCLK1Freq
 .text.HAL_RCC_GetPCLK2Freq
                0x0000000008003298       0x28 Drivers/STM32F4xx_HAL_Driver/Src/stm32f4xx_hal_rcc.o
                0x0000000008003298                HAL_RCC_GetPCLK2Freq
 .text.HAL_RCCEx_PeriphCLKConfig
                0x00000000080032c0      0x1dc Drivers/STM32F4xx_HAL_Driver/Src/stm32f4xx_hal_rcc_ex.o
                0x00000000080032c0                HAL_RCCEx_PeriphCLKConfig
 .text.HAL_RTC_Init
                0x000000000800349c      0x122 Drivers/STM32F4xx_HAL_Driver/Src/stm32f4xx_hal_rtc.o
                0x000000000800349c                HAL_RTC_Init
 .text.HAL_RTC_SetTime
                0x00000000080035be      0x17a Drivers/STM32F4xx_HAL_Driver/Src/stm32f4xx_hal_rtc.o
                0x00000000080035be                HAL_RTC_SetTime
 .text.HAL_RTC_GetTime
                0x0000000008003738       0xbc Drivers/STM32F4xx_HAL_Driver/Src/stm32f4xx_hal_rtc.o
                0x0000000008003738                HAL_RTC_GetTime
 .text.HAL_RTC_SetDate
                0x00000000080037f4      0x14e Drivers/STM32F4xx_HAL_Driver/Src/stm32f4xx_hal_rtc.o
                0x00000000080037f4                HAL_RTC_SetDate
 .text.HAL_RTC_GetDate
                0x0000000008003942       0x9e Drivers/STM32F4xx_HAL_Driver/Src/stm32f4xx_hal_rtc.o
                0x0000000008003942                HAL_RTC_GetDate
 .text.HAL_RTC_WaitForSynchro
                0x00000000080039e0       0x50 Drivers/STM32F4xx_HAL_Driver/Src/stm32f4xx_hal_rtc.o
                0x00000000080039e0                HAL_RTC_WaitForSynchro
 .text.RTC_EnterInitMode
                0x0000000008003a30       0x58 Drivers/STM32F4xx_HAL_Driver/Src/stm32f4xx_hal_rtc.o
                0x0000000008003a30                RTC_EnterInitMode
 .text.RTC_ByteToBcd2
                0x0000000008003a88       0x3c Drivers/STM32F4xx_HAL_Driver/Src/stm32f4xx_hal_rtc.o
                0x0000000008003a88                RTC_ByteToBcd2
 .text.RTC_Bcd2ToByte
                0x0000000008003ac4       0x3c Drivers/STM32F4xx_HAL_Driver/Src/stm32f4xx_hal_rtc.o
                0x0000000008003ac4                RTC_Bcd2ToByte
 .text.HAL_SPI_Init
                0x0000000008003b00       0xc8 Drivers/STM32F4xx_HAL_Driver/Src/stm32f4xx_hal_spi.o
                0x0000000008003b00                HAL_SPI_Init
 .text.HAL_SPI_Transmit
                0x0000000008003bc8      0x268 Drivers/STM32F4xx_HAL_Driver/Src/stm32f4xx_hal_spi.o
                0x0000000008003bc8                HAL_SPI_Transmit
 .text.HAL_SPI_TransmitReceive
                0x0000000008003e30      0x344 Drivers/STM32F4xx_HAL_Driver/Src/stm32f4xx_hal_spi.o
                0x0000000008003e30                HAL_SPI_TransmitReceive
 .text.HAL_SPI_GetState
                0x0000000008004174       0x1c Drivers/STM32F4xx_HAL_Driver/Src/stm32f4xx_hal_spi.o
                0x0000000008004174                HAL_SPI_GetState
 .text.SPI_WaitFlagStateUntilTimeout
                0x0000000008004190       0xd4 Drivers/STM32F4xx_HAL_Driver/Src/stm32f4xx_hal_spi.o
 .text.SPI_EndRxTxTransaction
                0x0000000008004264       0x84 Drivers/STM32F4xx_HAL_Driver/Src/stm32f4xx_hal_spi.o
 .text.HAL_TIM_Base_Init
                0x00000000080042e8       0x56 Drivers/STM32F4xx_HAL_Driver/Src/stm32f4xx_hal_tim.o
                0x00000000080042e8                HAL_TIM_Base_Init
 .text.HAL_TIM_Base_Start_IT
                0x000000000800433e       0x48 Drivers/STM32F4xx_HAL_Driver/Src/stm32f4xx_hal_tim.o
                0x000000000800433e                HAL_TIM_Base_Start_IT
 .text.HAL_TIM_IRQHandler
                0x0000000008004386      0x210 Drivers/STM32F4xx_HAL_Driver/Src/stm32f4xx_hal_tim.o
                0x0000000008004386                HAL_TIM_IRQHandler
 .text.HAL_TIM_ConfigClockSource
                0x0000000008004596      0x16e Drivers/STM32F4xx_HAL_Driver/Src/stm32f4xx_hal_tim.o
                0x0000000008004596                HAL_TIM_ConfigClockSource
 .text.HAL_TIM_PeriodElapsedCallback
                0x0000000008004704       0x14 Drivers/STM32F4xx_HAL_Driver/Src/stm32f4xx_hal_tim.o
                0x0000000008004704                HAL_TIM_PeriodElapsedCallback
 .text.HAL_TIM_OC_DelayElapsedCallback
                0x0000000008004718       0x14 Drivers/STM32F4xx_HAL_Driver/Src/stm32f4xx_hal_tim.o
                0x0000000008004718                HAL_TIM_OC_DelayElapsedCallback
 .text.HAL_TIM_IC_CaptureCallback
                0x000000000800472c       0x14 Drivers/STM32F4xx_HAL_Driver/Src/stm32f4xx_hal_tim.o
                0x000000000800472c                HAL_TIM_IC_CaptureCallback
 .text.HAL_TIM_PWM_PulseFinishedCallback
                0x0000000008004740       0x14 Drivers/STM32F4xx_HAL_Driver/Src/stm32f4xx_hal_tim.o
                0x0000000008004740                HAL_TIM_PWM_PulseFinishedCallback
 .text.HAL_TIM_TriggerCallback
                0x0000000008004754       0x14 Drivers/STM32F4xx_HAL_Driver/Src/stm32f4xx_hal_tim.o
                0x0000000008004754                HAL_TIM_TriggerCallback
 .text.TIM_Base_SetConfig
                0x0000000008004768      0x100 Drivers/STM32F4xx_HAL_Driver/Src/stm32f4xx_hal_tim.o
                0x0000000008004768                TIM_Base_SetConfig
 .text.TIM_TI1_ConfigInputStage
                0x0000000008004868       0x5e Drivers/STM32F4xx_HAL_Driver/Src/stm32f4xx_hal_tim.o
 .text.TIM_TI2_ConfigInputStage
                0x00000000080048c6       0x60 Drivers/STM32F4xx_HAL_Driver/Src/stm32f4xx_hal_tim.o
 .text.TIM_ITRx_SetConfig
                0x0000000008004926       0x36 Drivers/STM32F4xx_HAL_Driver/Src/stm32f4xx_hal_tim.o
 .text.TIM_ETR_SetConfig
                0x000000000800495c       0x40 Drivers/STM32F4xx_HAL_Driver/Src/stm32f4xx_hal_tim.o
                0x000000000800495c                TIM_ETR_SetConfig
 .text.HAL_TIMEx_MasterConfigSynchronization
                0x000000000800499c       0xdc Drivers/STM32F4xx_HAL_Driver/Src/stm32f4xx_hal_tim_ex.o
                0x000000000800499c                HAL_TIMEx_MasterConfigSynchronization
 .text.HAL_TIMEx_CommutCallback
                0x0000000008004a78       0x14 Drivers/STM32F4xx_HAL_Driver/Src/stm32f4xx_hal_tim_ex.o
                0x0000000008004a78                HAL_TIMEx_CommutCallback
 .text.HAL_TIMEx_BreakCallback
                0x0000000008004a8c       0x14 Drivers/STM32F4xx_HAL_Driver/Src/stm32f4xx_hal_tim_ex.o
                0x0000000008004a8c                HAL_TIMEx_BreakCallback
 .text.HAL_UART_Init
                0x0000000008004aa0       0x9a Drivers/STM32F4xx_HAL_Driver/Src/stm32f4xx_hal_uart.o
                0x0000000008004aa0                HAL_UART_Init
 .text.HAL_UART_Transmit
                0x0000000008004b3a      0x132 Drivers/STM32F4xx_HAL_Driver/Src/stm32f4xx_hal_uart.o
                0x0000000008004b3a                HAL_UART_Transmit
 .text.UART_WaitOnFlagUntilTimeout
                0x0000000008004c6c       0x94 Drivers/STM32F4xx_HAL_Driver/Src/stm32f4xx_hal_uart.o
 .text.UART_SetConfig
                0x0000000008004d00      0x6f8 Drivers/STM32F4xx_HAL_Driver/Src/stm32f4xx_hal_uart.o
 .text.MX_FATFS_Init
                0x00000000080053f8       0x24 FATFS/App/fatfs.o
                0x00000000080053f8                MX_FATFS_Init
 .text.get_fattime
                0x000000000800541c       0x10 FATFS/App/fatfs.o
                0x000000000800541c                get_fattime
 .text.MX_FATFS_DeInit
                0x000000000800542c       0x20 FATFS/App/fatfs.o
                0x000000000800542c                MX_FATFS_DeInit
 .text.USER_initialize
                0x000000000800544c       0x1c FATFS/Target/user_diskio.o
                0x000000000800544c                USER_initialize
 .text.USER_status
                0x0000000008005468       0x1c FATFS/Target/user_diskio.o
                0x0000000008005468                USER_status
 .text.USER_read
                0x0000000008005484       0x26 FATFS/Target/user_diskio.o
                0x0000000008005484                USER_read
 .text.USER_write
                0x00000000080054aa       0x26 FATFS/Target/user_diskio.o
                0x00000000080054aa                USER_write
 .text.USER_ioctl
                0x00000000080054d0       0x26 FATFS/Target/user_diskio.o
                0x00000000080054d0                USER_ioctl
 *fill*         0x00000000080054f6        0x2 
 .text.disk_status
                0x00000000080054f8       0x34 Middlewares/Third_Party/FatFs/src/diskio.o
                0x00000000080054f8                disk_status
 .text.disk_initialize
                0x000000000800552c       0x4c Middlewares/Third_Party/FatFs/src/diskio.o
                0x000000000800552c                disk_initialize
 .text.disk_read
                0x0000000008005578       0x40 Middlewares/Third_Party/FatFs/src/diskio.o
                0x0000000008005578                disk_read
 .text.disk_write
                0x00000000080055b8       0x40 Middlewares/Third_Party/FatFs/src/diskio.o
                0x00000000080055b8                disk_write
 .text.disk_ioctl
                0x00000000080055f8       0x3c Middlewares/Third_Party/FatFs/src/diskio.o
                0x00000000080055f8                disk_ioctl
 .text.ld_word  0x0000000008005634       0x30 Middlewares/Third_Party/FatFs/src/ff.o
 .text.ld_dword
                0x0000000008005664       0x46 Middlewares/Third_Party/FatFs/src/ff.o
 .text.st_word  0x00000000080056aa       0x36 Middlewares/Third_Party/FatFs/src/ff.o
 .text.st_dword
                0x00000000080056e0       0x58 Middlewares/Third_Party/FatFs/src/ff.o
 .text.mem_cpy  0x0000000008005738       0x42 Middlewares/Third_Party/FatFs/src/ff.o
 .text.mem_set  0x000000000800577a       0x34 Middlewares/Third_Party/FatFs/src/ff.o
 .text.mem_cmp  0x00000000080057ae       0x4e Middlewares/Third_Party/FatFs/src/ff.o
 .text.chk_chr  0x00000000080057fc       0x36 Middlewares/Third_Party/FatFs/src/ff.o
 *fill*         0x0000000008005832        0x2 
 .text.chk_lock
                0x0000000008005834       0xb8 Middlewares/Third_Party/FatFs/src/ff.o
 .text.enq_lock
                0x00000000080058ec       0x44 Middlewares/Third_Party/FatFs/src/ff.o
 .text.inc_lock
                0x0000000008005930      0x11c Middlewares/Third_Party/FatFs/src/ff.o
 .text.dec_lock
                0x0000000008005a4c       0x78 Middlewares/Third_Party/FatFs/src/ff.o
 .text.clear_lock
                0x0000000008005ac4       0x48 Middlewares/Third_Party/FatFs/src/ff.o
 .text.sync_window
                0x0000000008005b0c       0x88 Middlewares/Third_Party/FatFs/src/ff.o
 .text.move_window
                0x0000000008005b94       0x5a Middlewares/Third_Party/FatFs/src/ff.o
 *fill*         0x0000000008005bee        0x2 
 .text.sync_fs  0x0000000008005bf0       0xe0 Middlewares/Third_Party/FatFs/src/ff.o
 .text.clust2sect
                0x0000000008005cd0       0x3e Middlewares/Third_Party/FatFs/src/ff.o
 .text.get_fat  0x0000000008005d0e      0x1a0 Middlewares/Third_Party/FatFs/src/ff.o
 .text.put_fat  0x0000000008005eae      0x22e Middlewares/Third_Party/FatFs/src/ff.o
 .text.remove_chain
                0x00000000080060dc       0xca Middlewares/Third_Party/FatFs/src/ff.o
 .text.create_chain
                0x00000000080061a6      0x130 Middlewares/Third_Party/FatFs/src/ff.o
 .text.clmt_clust
                0x00000000080062d6       0x70 Middlewares/Third_Party/FatFs/src/ff.o
 .text.dir_sdi  0x0000000008006346      0x112 Middlewares/Third_Party/FatFs/src/ff.o
 .text.dir_next
                0x0000000008006458      0x1ac Middlewares/Third_Party/FatFs/src/ff.o
 .text.dir_alloc
                0x0000000008006604       0x8e Middlewares/Third_Party/FatFs/src/ff.o
 .text.ld_clust
                0x0000000008006692       0x3e Middlewares/Third_Party/FatFs/src/ff.o
 .text.st_clust
                0x00000000080066d0       0x40 Middlewares/Third_Party/FatFs/src/ff.o
 .text.cmp_lfn  0x0000000008006710       0xe0 Middlewares/Third_Party/FatFs/src/ff.o
 .text.put_lfn  0x00000000080067f0       0xd0 Middlewares/Third_Party/FatFs/src/ff.o
 .text.gen_numname
                0x00000000080068c0      0x11e Middlewares/Third_Party/FatFs/src/ff.o
 .text.sum_sfn  0x00000000080069de       0x42 Middlewares/Third_Party/FatFs/src/ff.o
 .text.dir_find
                0x0000000008006a20      0x180 Middlewares/Third_Party/FatFs/src/ff.o
 .text.dir_register
                0x0000000008006ba0      0x1f0 Middlewares/Third_Party/FatFs/src/ff.o
 .text.create_name
                0x0000000008006d90      0x370 Middlewares/Third_Party/FatFs/src/ff.o
 .text.follow_path
                0x0000000008007100       0xec Middlewares/Third_Party/FatFs/src/ff.o
 .text.get_ldnumber
                0x00000000080071ec       0x88 Middlewares/Third_Party/FatFs/src/ff.o
 .text.check_fs
                0x0000000008007274       0xac Middlewares/Third_Party/FatFs/src/ff.o
 .text.find_volume
                0x0000000008007320      0x510 Middlewares/Third_Party/FatFs/src/ff.o
 .text.validate
                0x0000000008007830       0x6a Middlewares/Third_Party/FatFs/src/ff.o
 *fill*         0x000000000800789a        0x2 
 .text.f_mount  0x000000000800789c       0x8c Middlewares/Third_Party/FatFs/src/ff.o
                0x000000000800789c                f_mount
 .text.f_open   0x0000000008007928      0x398 Middlewares/Third_Party/FatFs/src/ff.o
                0x0000000008007928                f_open
 .text.f_write  0x0000000008007cc0      0x328 Middlewares/Third_Party/FatFs/src/ff.o
                0x0000000008007cc0                f_write
 .text.f_sync   0x0000000008007fe8       0xfc Middlewares/Third_Party/FatFs/src/ff.o
                0x0000000008007fe8                f_sync
 .text.f_close  0x00000000080080e4       0x54 Middlewares/Third_Party/FatFs/src/ff.o
                0x00000000080080e4                f_close
 .text.FATFS_LinkDriverEx
                0x0000000008008138       0x98 Middlewares/Third_Party/FatFs/src/ff_gen_drv.o
                0x0000000008008138                FATFS_LinkDriverEx
 .text.FATFS_LinkDriver
                0x00000000080081d0       0x1e Middlewares/Third_Party/FatFs/src/ff_gen_drv.o
                0x00000000080081d0                FATFS_LinkDriver
 *fill*         0x00000000080081ee        0x2 
 .text.FATFS_UnLinkDriverEx
                0x00000000080081f0       0x70 Middlewares/Third_Party/FatFs/src/ff_gen_drv.o
                0x00000000080081f0                FATFS_UnLinkDriverEx
 .text.FATFS_UnLinkDriver
                0x0000000008008260       0x1a Middlewares/Third_Party/FatFs/src/ff_gen_drv.o
                0x0000000008008260                FATFS_UnLinkDriver
 *fill*         0x000000000800827a        0x2 
 .text.ff_convert
                0x000000000800827c       0x78 Middlewares/Third_Party/FatFs/src/option/ccsbcs.o
                0x000000000800827c                ff_convert
 .text.ff_wtoupper
                0x00000000080082f4      0x114 Middlewares/Third_Party/FatFs/src/option/ccsbcs.o
                0x00000000080082f4                ff_wtoupper
 .text.__errno  0x0000000008008408        0xc d:/stuff/stm32cubeide_1.4.0/stm32cubeide/plugins/com.st.stm32cube.ide.mcu.externaltools.gnu-tools-for-stm32.7-2018-q2-update.win32_1.4.0.202007081208/tools/bin/../lib/gcc/arm-none-eabi/7.3.1/../../../../arm-none-eabi/lib/thumb/v7e-m/fpv4-sp/hard\libc_nano.a(lib_a-errno.o)
                0x0000000008008408                __errno
 .text.__libc_init_array
                0x0000000008008414       0x48 d:/stuff/stm32cubeide_1.4.0/stm32cubeide/plugins/com.st.stm32cube.ide.mcu.externaltools.gnu-tools-for-stm32.7-2018-q2-update.win32_1.4.0.202007081208/tools/bin/../lib/gcc/arm-none-eabi/7.3.1/../../../../arm-none-eabi/lib/thumb/v7e-m/fpv4-sp/hard\libc_nano.a(lib_a-init.o)
                0x0000000008008414                __libc_init_array
 .text.memset   0x000000000800845c       0x10 d:/stuff/stm32cubeide_1.4.0/stm32cubeide/plugins/com.st.stm32cube.ide.mcu.externaltools.gnu-tools-for-stm32.7-2018-q2-update.win32_1.4.0.202007081208/tools/bin/../lib/gcc/arm-none-eabi/7.3.1/../../../../arm-none-eabi/lib/thumb/v7e-m/fpv4-sp/hard\libc_nano.a(lib_a-memset.o)
                0x000000000800845c                memset
 .text.snprintf
                0x000000000800846c       0x68 d:/stuff/stm32cubeide_1.4.0/stm32cubeide/plugins/com.st.stm32cube.ide.mcu.externaltools.gnu-tools-for-stm32.7-2018-q2-update.win32_1.4.0.202007081208/tools/bin/../lib/gcc/arm-none-eabi/7.3.1/../../../../arm-none-eabi/lib/thumb/v7e-m/fpv4-sp/hard\libc_nano.a(lib_a-snprintf.o)
                0x000000000800846c                sniprintf
                0x000000000800846c                snprintf
 .text.__ssputs_r
                0x00000000080084d4       0xb4 d:/stuff/stm32cubeide_1.4.0/stm32cubeide/plugins/com.st.stm32cube.ide.mcu.externaltools.gnu-tools-for-stm32.7-2018-q2-update.win32_1.4.0.202007081208/tools/bin/../lib/gcc/arm-none-eabi/7.3.1/../../../../arm-none-eabi/lib/thumb/v7e-m/fpv4-sp/hard\libc_nano.a(lib_a-nano-svfprintf.o)
                0x00000000080084d4                __ssputs_r
 .text._svfprintf_r
                0x0000000008008588      0x1f0 d:/stuff/stm32cubeide_1.4.0/stm32cubeide/plugins/com.st.stm32cube.ide.mcu.externaltools.gnu-tools-for-stm32.7-2018-q2-update.win32_1.4.0.202007081208/tools/bin/../lib/gcc/arm-none-eabi/7.3.1/../../../../arm-none-eabi/lib/thumb/v7e-m/fpv4-sp/hard\libc_nano.a(lib_a-nano-svfprintf.o)
                0x0000000008008588                _svfiprintf_r
                0x0000000008008588                _svfprintf_r
 .text._printf_common
                0x0000000008008778       0xea d:/stuff/stm32cubeide_1.4.0/stm32cubeide/plugins/com.st.stm32cube.ide.mcu.externaltools.gnu-tools-for-stm32.7-2018-q2-update.win32_1.4.0.202007081208/tools/bin/../lib/gcc/arm-none-eabi/7.3.1/../../../../arm-none-eabi/lib/thumb/v7e-m/fpv4-sp/hard\libc_nano.a(lib_a-nano-vfprintf_i.o)
                0x0000000008008778                _printf_common
 *fill*         0x0000000008008862        0x2 
 .text._printf_i
                0x0000000008008864      0x224 d:/stuff/stm32cubeide_1.4.0/stm32cubeide/plugins/com.st.stm32cube.ide.mcu.externaltools.gnu-tools-for-stm32.7-2018-q2-update.win32_1.4.0.202007081208/tools/bin/../lib/gcc/arm-none-eabi/7.3.1/../../../../arm-none-eabi/lib/thumb/v7e-m/fpv4-sp/hard\libc_nano.a(lib_a-nano-vfprintf_i.o)
                0x0000000008008864                _printf_i
 .text.memcpy   0x0000000008008a88       0x16 d:/stuff/stm32cubeide_1.4.0/stm32cubeide/plugins/com.st.stm32cube.ide.mcu.externaltools.gnu-tools-for-stm32.7-2018-q2-update.win32_1.4.0.202007081208/tools/bin/../lib/gcc/arm-none-eabi/7.3.1/../../../../arm-none-eabi/lib/thumb/v7e-m/fpv4-sp/hard\libc_nano.a(lib_a-memcpy-stub.o)
                0x0000000008008a88                memcpy
 .text.memmove  0x0000000008008a9e       0x32 d:/stuff/stm32cubeide_1.4.0/stm32cubeide/plugins/com.st.stm32cube.ide.mcu.externaltools.gnu-tools-for-stm32.7-2018-q2-update.win32_1.4.0.202007081208/tools/bin/../lib/gcc/arm-none-eabi/7.3.1/../../../../arm-none-eabi/lib/thumb/v7e-m/fpv4-sp/hard\libc_nano.a(lib_a-memmove.o)
                0x0000000008008a9e                memmove
 .text._free_r  0x0000000008008ad0       0x9c d:/stuff/stm32cubeide_1.4.0/stm32cubeide/plugins/com.st.stm32cube.ide.mcu.externaltools.gnu-tools-for-stm32.7-2018-q2-update.win32_1.4.0.202007081208/tools/bin/../lib/gcc/arm-none-eabi/7.3.1/../../../../arm-none-eabi/lib/thumb/v7e-m/fpv4-sp/hard\libc_nano.a(lib_a-nano-freer.o)
                0x0000000008008ad0                _free_r
 .text._malloc_r
                0x0000000008008b6c       0xb4 d:/stuff/stm32cubeide_1.4.0/stm32cubeide/plugins/com.st.stm32cube.ide.mcu.externaltools.gnu-tools-for-stm32.7-2018-q2-update.win32_1.4.0.202007081208/tools/bin/../lib/gcc/arm-none-eabi/7.3.1/../../../../arm-none-eabi/lib/thumb/v7e-m/fpv4-sp/hard\libc_nano.a(lib_a-nano-mallocr.o)
                0x0000000008008b6c                _malloc_r
 .text._realloc_r
                0x0000000008008c20       0x4c d:/stuff/stm32cubeide_1.4.0/stm32cubeide/plugins/com.st.stm32cube.ide.mcu.externaltools.gnu-tools-for-stm32.7-2018-q2-update.win32_1.4.0.202007081208/tools/bin/../lib/gcc/arm-none-eabi/7.3.1/../../../../arm-none-eabi/lib/thumb/v7e-m/fpv4-sp/hard\libc_nano.a(lib_a-nano-reallocr.o)
                0x0000000008008c20                _realloc_r
 .text._sbrk_r  0x0000000008008c6c       0x20 d:/stuff/stm32cubeide_1.4.0/stm32cubeide/plugins/com.st.stm32cube.ide.mcu.externaltools.gnu-tools-for-stm32.7-2018-q2-update.win32_1.4.0.202007081208/tools/bin/../lib/gcc/arm-none-eabi/7.3.1/../../../../arm-none-eabi/lib/thumb/v7e-m/fpv4-sp/hard\libc_nano.a(lib_a-sbrkr.o)
                0x0000000008008c6c                _sbrk_r
 .text.__malloc_lock
                0x0000000008008c8c        0x2 d:/stuff/stm32cubeide_1.4.0/stm32cubeide/plugins/com.st.stm32cube.ide.mcu.externaltools.gnu-tools-for-stm32.7-2018-q2-update.win32_1.4.0.202007081208/tools/bin/../lib/gcc/arm-none-eabi/7.3.1/../../../../arm-none-eabi/lib/thumb/v7e-m/fpv4-sp/hard\libc_nano.a(lib_a-mlock.o)
                0x0000000008008c8c                __malloc_lock
 .text.__malloc_unlock
                0x0000000008008c8e        0x2 d:/stuff/stm32cubeide_1.4.0/stm32cubeide/plugins/com.st.stm32cube.ide.mcu.externaltools.gnu-tools-for-stm32.7-2018-q2-update.win32_1.4.0.202007081208/tools/bin/../lib/gcc/arm-none-eabi/7.3.1/../../../../arm-none-eabi/lib/thumb/v7e-m/fpv4-sp/hard\libc_nano.a(lib_a-mlock.o)
                0x0000000008008c8e                __malloc_unlock
 .text._malloc_usable_size_r
                0x0000000008008c90       0x10 d:/stuff/stm32cubeide_1.4.0/stm32cubeide/plugins/com.st.stm32cube.ide.mcu.externaltools.gnu-tools-for-stm32.7-2018-q2-update.win32_1.4.0.202007081208/tools/bin/../lib/gcc/arm-none-eabi/7.3.1/../../../../arm-none-eabi/lib/thumb/v7e-m/fpv4-sp/hard\libc_nano.a(lib_a-nano-msizer.o)
                0x0000000008008c90                _malloc_usable_size_r
 *(.glue_7)
 .glue_7        0x0000000008008ca0        0x0 linker stubs
 *(.glue_7t)
 .glue_7t       0x0000000008008ca0        0x0 linker stubs
 *(.eh_frame)
 .eh_frame      0x0000000008008ca0        0x0 d:/stuff/stm32cubeide_1.4.0/stm32cubeide/plugins/com.st.stm32cube.ide.mcu.externaltools.gnu-tools-for-stm32.7-2018-q2-update.win32_1.4.0.202007081208/tools/bin/../lib/gcc/arm-none-eabi/7.3.1/thumb/v7e-m/fpv4-sp/hard/crtbegin.o
 *(.init)
 .init          0x0000000008008ca0        0x4 d:/stuff/stm32cubeide_1.4.0/stm32cubeide/plugins/com.st.stm32cube.ide.mcu.externaltools.gnu-tools-for-stm32.7-2018-q2-update.win32_1.4.0.202007081208/tools/bin/../lib/gcc/arm-none-eabi/7.3.1/thumb/v7e-m/fpv4-sp/hard/crti.o
                0x0000000008008ca0                _init
 .init          0x0000000008008ca4        0x8 d:/stuff/stm32cubeide_1.4.0/stm32cubeide/plugins/com.st.stm32cube.ide.mcu.externaltools.gnu-tools-for-stm32.7-2018-q2-update.win32_1.4.0.202007081208/tools/bin/../lib/gcc/arm-none-eabi/7.3.1/thumb/v7e-m/fpv4-sp/hard/crtn.o
 *(.fini)
 .fini          0x0000000008008cac        0x4 d:/stuff/stm32cubeide_1.4.0/stm32cubeide/plugins/com.st.stm32cube.ide.mcu.externaltools.gnu-tools-for-stm32.7-2018-q2-update.win32_1.4.0.202007081208/tools/bin/../lib/gcc/arm-none-eabi/7.3.1/thumb/v7e-m/fpv4-sp/hard/crti.o
                0x0000000008008cac                _fini
 .fini          0x0000000008008cb0        0x8 d:/stuff/stm32cubeide_1.4.0/stm32cubeide/plugins/com.st.stm32cube.ide.mcu.externaltools.gnu-tools-for-stm32.7-2018-q2-update.win32_1.4.0.202007081208/tools/bin/../lib/gcc/arm-none-eabi/7.3.1/thumb/v7e-m/fpv4-sp/hard/crtn.o
                0x0000000008008cb8                . = ALIGN (0x4)
                0x0000000008008cb8                _etext = .

.vfp11_veneer   0x0000000008008cb8        0x0
 .vfp11_veneer  0x0000000008008cb8        0x0 linker stubs

.v4_bx          0x0000000008008cb8        0x0
 .v4_bx         0x0000000008008cb8        0x0 linker stubs

.iplt           0x0000000008008cb8        0x0
 .iplt          0x0000000008008cb8        0x0 d:/stuff/stm32cubeide_1.4.0/stm32cubeide/plugins/com.st.stm32cube.ide.mcu.externaltools.gnu-tools-for-stm32.7-2018-q2-update.win32_1.4.0.202007081208/tools/bin/../lib/gcc/arm-none-eabi/7.3.1/thumb/v7e-m/fpv4-sp/hard/crtbegin.o

.rodata         0x0000000008008cb8      0x584
                0x0000000008008cb8                . = ALIGN (0x4)
 *(.rodata)
 .rodata        0x0000000008008cb8       0xad Core/Src/main.o
 *fill*         0x0000000008008d65        0x3 
 .rodata        0x0000000008008d68       0x48 Middlewares/Third_Party/FatFs/src/ff.o
 *(.rodata*)
 .rodata.AHBPrescTable
                0x0000000008008db0       0x10 Core/Src/system_stm32f4xx.o
                0x0000000008008db0                AHBPrescTable
 .rodata.APBPrescTable
                0x0000000008008dc0        0x8 Core/Src/system_stm32f4xx.o
                0x0000000008008dc0                APBPrescTable
 .rodata.ExCvt  0x0000000008008dc8       0x80 Middlewares/Third_Party/FatFs/src/ff.o
 .rodata.LfnOfs
                0x0000000008008e48        0xd Middlewares/Third_Party/FatFs/src/ff.o
 *fill*         0x0000000008008e55        0x3 
 .rodata.Tbl    0x0000000008008e58      0x100 Middlewares/Third_Party/FatFs/src/option/ccsbcs.o
 .rodata.cvt1.9133
                0x0000000008008f58      0x1f2 Middlewares/Third_Party/FatFs/src/option/ccsbcs.o
 *fill*         0x000000000800914a        0x2 
 .rodata.cvt2.9134
                0x000000000800914c       0xbc Middlewares/Third_Party/FatFs/src/option/ccsbcs.o
 .rodata._svfprintf_r.str1.1
                0x0000000008009208       0x11 d:/stuff/stm32cubeide_1.4.0/stm32cubeide/plugins/com.st.stm32cube.ide.mcu.externaltools.gnu-tools-for-stm32.7-2018-q2-update.win32_1.4.0.202007081208/tools/bin/../lib/gcc/arm-none-eabi/7.3.1/../../../../arm-none-eabi/lib/thumb/v7e-m/fpv4-sp/hard\libc_nano.a(lib_a-nano-svfprintf.o)
 .rodata._printf_i.str1.1
                0x0000000008009219       0x22 d:/stuff/stm32cubeide_1.4.0/stm32cubeide/plugins/com.st.stm32cube.ide.mcu.externaltools.gnu-tools-for-stm32.7-2018-q2-update.win32_1.4.0.202007081208/tools/bin/../lib/gcc/arm-none-eabi/7.3.1/../../../../arm-none-eabi/lib/thumb/v7e-m/fpv4-sp/hard\libc_nano.a(lib_a-nano-vfprintf_i.o)
                0x000000000800923c                . = ALIGN (0x4)
 *fill*         0x000000000800923b        0x1 

.ARM.extab      0x000000000800923c        0x0
                0x000000000800923c                . = ALIGN (0x4)
 *(.ARM.extab* .gnu.linkonce.armextab.*)
                0x000000000800923c                . = ALIGN (0x4)

.ARM            0x000000000800923c        0x8
                0x000000000800923c                . = ALIGN (0x4)
                0x000000000800923c                __exidx_start = .
 *(.ARM.exidx*)
 .ARM.exidx     0x000000000800923c        0x8 d:/stuff/stm32cubeide_1.4.0/stm32cubeide/plugins/com.st.stm32cube.ide.mcu.externaltools.gnu-tools-for-stm32.7-2018-q2-update.win32_1.4.0.202007081208/tools/bin/../lib/gcc/arm-none-eabi/7.3.1/thumb/v7e-m/fpv4-sp/hard\libgcc.a(_udivmoddi4.o)
                0x0000000008009244                __exidx_end = .
                0x0000000008009244                . = ALIGN (0x4)

.rel.dyn        0x0000000008009244        0x0
 .rel.iplt      0x0000000008009244        0x0 d:/stuff/stm32cubeide_1.4.0/stm32cubeide/plugins/com.st.stm32cube.ide.mcu.externaltools.gnu-tools-for-stm32.7-2018-q2-update.win32_1.4.0.202007081208/tools/bin/../lib/gcc/arm-none-eabi/7.3.1/thumb/v7e-m/fpv4-sp/hard/crtbegin.o

.preinit_array  0x0000000008009244        0x0
                0x0000000008009244                . = ALIGN (0x4)
                0x0000000008009244                PROVIDE (__preinit_array_start = .)
 *(.preinit_array*)
                0x0000000008009244                PROVIDE (__preinit_array_end = .)
                0x0000000008009244                . = ALIGN (0x4)

.init_array     0x0000000008009244        0x4
                0x0000000008009244                . = ALIGN (0x4)
                0x0000000008009244                PROVIDE (__init_array_start = .)
 *(SORT_BY_NAME(.init_array.*))
 *(.init_array*)
 .init_array    0x0000000008009244        0x4 d:/stuff/stm32cubeide_1.4.0/stm32cubeide/plugins/com.st.stm32cube.ide.mcu.externaltools.gnu-tools-for-stm32.7-2018-q2-update.win32_1.4.0.202007081208/tools/bin/../lib/gcc/arm-none-eabi/7.3.1/thumb/v7e-m/fpv4-sp/hard/crtbegin.o
                0x0000000008009248                PROVIDE (__init_array_end = .)
                0x0000000008009248                . = ALIGN (0x4)

.fini_array     0x0000000008009248        0x4
                0x0000000008009248                . = ALIGN (0x4)
                [!provide]                        PROVIDE (__fini_array_start = .)
 *(SORT_BY_NAME(.fini_array.*))
 *(.fini_array*)
 .fini_array    0x0000000008009248        0x4 d:/stuff/stm32cubeide_1.4.0/stm32cubeide/plugins/com.st.stm32cube.ide.mcu.externaltools.gnu-tools-for-stm32.7-2018-q2-update.win32_1.4.0.202007081208/tools/bin/../lib/gcc/arm-none-eabi/7.3.1/thumb/v7e-m/fpv4-sp/hard/crtbegin.o
                [!provide]                        PROVIDE (__fini_array_end = .)
                0x000000000800924c                . = ALIGN (0x4)
                0x000000000800924c                _sidata = LOADADDR (.data)

.data           0x0000000020000000       0x88 load address 0x000000000800924c
                0x0000000020000000                . = ALIGN (0x4)
                0x0000000020000000                _sdata = .
 *(.data)
 *(.data*)
 .data.Stat     0x0000000020000000        0x1 Core/Src/fatfs_sd.o
 *fill*         0x0000000020000001        0x3 
 .data.SystemCoreClock
                0x0000000020000004        0x4 Core/Src/system_stm32f4xx.o
                0x0000000020000004                SystemCoreClock
 .data.uwTickPrio
                0x0000000020000008        0x4 Drivers/STM32F4xx_HAL_Driver/Src/stm32f4xx_hal.o
                0x0000000020000008                uwTickPrio
 .data.uwTickFreq
                0x000000002000000c        0x1 Drivers/STM32F4xx_HAL_Driver/Src/stm32f4xx_hal.o
                0x000000002000000c                uwTickFreq
 *fill*         0x000000002000000d        0x3 
 .data.USER_Driver
                0x0000000020000010       0x14 FATFS/Target/user_diskio.o
                0x0000000020000010                USER_Driver
 .data._impure_ptr
                0x0000000020000024        0x4 d:/stuff/stm32cubeide_1.4.0/stm32cubeide/plugins/com.st.stm32cube.ide.mcu.externaltools.gnu-tools-for-stm32.7-2018-q2-update.win32_1.4.0.202007081208/tools/bin/../lib/gcc/arm-none-eabi/7.3.1/../../../../arm-none-eabi/lib/thumb/v7e-m/fpv4-sp/hard\libc_nano.a(lib_a-impure.o)
                0x0000000020000024                _impure_ptr
 .data.impure_data
                0x0000000020000028       0x60 d:/stuff/stm32cubeide_1.4.0/stm32cubeide/plugins/com.st.stm32cube.ide.mcu.externaltools.gnu-tools-for-stm32.7-2018-q2-update.win32_1.4.0.202007081208/tools/bin/../lib/gcc/arm-none-eabi/7.3.1/../../../../arm-none-eabi/lib/thumb/v7e-m/fpv4-sp/hard\libc_nano.a(lib_a-impure.o)
                0x0000000020000088                . = ALIGN (0x4)
                0x0000000020000088                _edata = .

.igot.plt       0x0000000020000088        0x0 load address 0x00000000080092d4
 .igot.plt      0x0000000020000088        0x0 d:/stuff/stm32cubeide_1.4.0/stm32cubeide/plugins/com.st.stm32cube.ide.mcu.externaltools.gnu-tools-for-stm32.7-2018-q2-update.win32_1.4.0.202007081208/tools/bin/../lib/gcc/arm-none-eabi/7.3.1/thumb/v7e-m/fpv4-sp/hard/crtbegin.o
                0x0000000020000088                . = ALIGN (0x4)

.bss            0x0000000020000088     0x244c load address 0x00000000080092d4
                0x0000000020000088                _sbss = .
                0x0000000020000088                __bss_start__ = _sbss
 *(.bss)
 .bss           0x0000000020000088       0x1c d:/stuff/stm32cubeide_1.4.0/stm32cubeide/plugins/com.st.stm32cube.ide.mcu.externaltools.gnu-tools-for-stm32.7-2018-q2-update.win32_1.4.0.202007081208/tools/bin/../lib/gcc/arm-none-eabi/7.3.1/thumb/v7e-m/fpv4-sp/hard/crtbegin.o
 *(.bss*)
 .bss.CardType  0x00000000200000a4        0x1 Core/Src/fatfs_sd.o
 .bss.PowerFlag
                0x00000000200000a5        0x1 Core/Src/fatfs_sd.o
 *fill*         0x00000000200000a6        0x2 
 .bss.sTime     0x00000000200000a8       0x14 Core/Src/main.o
                0x00000000200000a8                sTime
 .bss.sDate     0x00000000200000bc        0x4 Core/Src/main.o
                0x00000000200000bc                sDate
 .bss.FatFsCnt  0x00000000200000c0        0x1 Core/Src/stm32f4xx_it.o
                0x00000000200000c0                FatFsCnt
 *fill*         0x00000000200000c1        0x3 
 .bss.__sbrk_heap_end
                0x00000000200000c4        0x4 Core/Src/sysmem.o
 .bss.FatFs     0x00000000200000c8        0x4 Middlewares/Third_Party/FatFs/src/ff.o
 .bss.Fsid      0x00000000200000cc        0x2 Middlewares/Third_Party/FatFs/src/ff.o
 *fill*         0x00000000200000ce        0x2 
 .bss.Files     0x00000000200000d0       0x20 Middlewares/Third_Party/FatFs/src/ff.o
 .bss.LfnBuf    0x00000000200000f0      0x200 Middlewares/Third_Party/FatFs/src/ff.o
 .bss.disk      0x00000000200002f0        0xc Middlewares/Third_Party/FatFs/src/ff_gen_drv.o
                0x00000000200002f0                disk
 .bss.__malloc_free_list
                0x00000000200002fc        0x4 d:/stuff/stm32cubeide_1.4.0/stm32cubeide/plugins/com.st.stm32cube.ide.mcu.externaltools.gnu-tools-for-stm32.7-2018-q2-update.win32_1.4.0.202007081208/tools/bin/../lib/gcc/arm-none-eabi/7.3.1/../../../../arm-none-eabi/lib/thumb/v7e-m/fpv4-sp/hard\libc_nano.a(lib_a-nano-mallocr.o)
                0x00000000200002fc                __malloc_free_list
 .bss.__malloc_sbrk_start
                0x0000000020000300        0x4 d:/stuff/stm32cubeide_1.4.0/stm32cubeide/plugins/com.st.stm32cube.ide.mcu.externaltools.gnu-tools-for-stm32.7-2018-q2-update.win32_1.4.0.202007081208/tools/bin/../lib/gcc/arm-none-eabi/7.3.1/../../../../arm-none-eabi/lib/thumb/v7e-m/fpv4-sp/hard\libc_nano.a(lib_a-nano-mallocr.o)
                0x0000000020000300                __malloc_sbrk_start
 *(COMMON)
 COMMON         0x0000000020000304      0x154 Core/Src/main.o
                0x0000000020000304                Second
                0x0000000020000308                hspi2
                0x0000000020000360                Hour
                0x0000000020000361                Weekday
                0x0000000020000364                hadc1
                0x00000000200003ac                Minute
                0x00000000200003b0                hrtc
                0x00000000200003d0                Day
                0x00000000200003d4                htim1
                0x0000000020000414                Year
                0x0000000020000415                Month
                0x0000000020000418                huart2
 COMMON         0x0000000020000458        0x2 Core/Src/stm32f4xx_it.o
                0x0000000020000458                Timer2
                0x0000000020000459                Timer1
 *fill*         0x000000002000045a        0x2 
 COMMON         0x000000002000045c        0x4 Drivers/STM32F4xx_HAL_Driver/Src/stm32f4xx_hal.o
                0x000000002000045c                uwTick
 COMMON         0x0000000020000460     0x2070 FATFS/App/fatfs.o
                0x0000000020000460                USERPath
                0x0000000020000464                retUSER
                0x0000000020000468                USERFile
                0x0000000020001498                USERFatFS
 COMMON         0x00000000200024d0        0x4 d:/stuff/stm32cubeide_1.4.0/stm32cubeide/plugins/com.st.stm32cube.ide.mcu.externaltools.gnu-tools-for-stm32.7-2018-q2-update.win32_1.4.0.202007081208/tools/bin/../lib/gcc/arm-none-eabi/7.3.1/../../../../arm-none-eabi/lib/thumb/v7e-m/fpv4-sp/hard\libc_nano.a(lib_a-reent.o)
                0x00000000200024d0                errno
                0x00000000200024d4                . = ALIGN (0x4)
                0x00000000200024d4                _ebss = .
                0x00000000200024d4                __bss_end__ = _ebss

._user_heap_stack
                0x00000000200024d4      0x604 load address 0x00000000080092d4
                0x00000000200024d8                . = ALIGN (0x8)
 *fill*         0x00000000200024d4        0x4 
                [!provide]                        PROVIDE (end = .)
                0x00000000200024d8                PROVIDE (_end = .)
                0x00000000200026d8                . = (. + _Min_Heap_Size)
 *fill*         0x00000000200024d8      0x200 
                0x0000000020002ad8                . = (. + _Min_Stack_Size)
 *fill*         0x00000000200026d8      0x400 
                0x0000000020002ad8                . = ALIGN (0x8)

/DISCARD/
 libc.a(*)
 libm.a(*)
 libgcc.a(*)

.ARM.attributes
                0x0000000000000000       0x30
 *(.ARM.attributes)
 .ARM.attributes
                0x0000000000000000       0x22 d:/stuff/stm32cubeide_1.4.0/stm32cubeide/plugins/com.st.stm32cube.ide.mcu.externaltools.gnu-tools-for-stm32.7-2018-q2-update.win32_1.4.0.202007081208/tools/bin/../lib/gcc/arm-none-eabi/7.3.1/thumb/v7e-m/fpv4-sp/hard/crti.o
 .ARM.attributes
                0x0000000000000022       0x34 d:/stuff/stm32cubeide_1.4.0/stm32cubeide/plugins/com.st.stm32cube.ide.mcu.externaltools.gnu-tools-for-stm32.7-2018-q2-update.win32_1.4.0.202007081208/tools/bin/../lib/gcc/arm-none-eabi/7.3.1/thumb/v7e-m/fpv4-sp/hard/crtbegin.o
 .ARM.attributes
                0x0000000000000056       0x39 Core/Src/fatfs_sd.o
 .ARM.attributes
                0x000000000000008f       0x39 Core/Src/main.o
 .ARM.attributes
                0x00000000000000c8       0x39 Core/Src/stm32f4xx_hal_msp.o
 .ARM.attributes
                0x0000000000000101       0x39 Core/Src/stm32f4xx_it.o
 .ARM.attributes
                0x000000000000013a       0x39 Core/Src/sysmem.o
 .ARM.attributes
                0x0000000000000173       0x39 Core/Src/system_stm32f4xx.o
 .ARM.attributes
                0x00000000000001ac       0x21 Core/Startup/startup_stm32f401retx.o
 .ARM.attributes
                0x00000000000001cd       0x39 Drivers/STM32F4xx_HAL_Driver/Src/stm32f4xx_hal.o
 .ARM.attributes
                0x0000000000000206       0x39 Drivers/STM32F4xx_HAL_Driver/Src/stm32f4xx_hal_adc.o
 .ARM.attributes
                0x000000000000023f       0x39 Drivers/STM32F4xx_HAL_Driver/Src/stm32f4xx_hal_cortex.o
 .ARM.attributes
                0x0000000000000278       0x39 Drivers/STM32F4xx_HAL_Driver/Src/stm32f4xx_hal_gpio.o
 .ARM.attributes
                0x00000000000002b1       0x39 Drivers/STM32F4xx_HAL_Driver/Src/stm32f4xx_hal_rcc.o
 .ARM.attributes
                0x00000000000002ea       0x39 Drivers/STM32F4xx_HAL_Driver/Src/stm32f4xx_hal_rcc_ex.o
 .ARM.attributes
                0x0000000000000323       0x39 Drivers/STM32F4xx_HAL_Driver/Src/stm32f4xx_hal_rtc.o
 .ARM.attributes
                0x000000000000035c       0x39 Drivers/STM32F4xx_HAL_Driver/Src/stm32f4xx_hal_spi.o
 .ARM.attributes
                0x0000000000000395       0x39 Drivers/STM32F4xx_HAL_Driver/Src/stm32f4xx_hal_tim.o
 .ARM.attributes
                0x00000000000003ce       0x39 Drivers/STM32F4xx_HAL_Driver/Src/stm32f4xx_hal_tim_ex.o
 .ARM.attributes
                0x0000000000000407       0x39 Drivers/STM32F4xx_HAL_Driver/Src/stm32f4xx_hal_uart.o
 .ARM.attributes
                0x0000000000000440       0x39 FATFS/App/fatfs.o
 .ARM.attributes
                0x0000000000000479       0x39 FATFS/Target/user_diskio.o
 .ARM.attributes
                0x00000000000004b2       0x39 Middlewares/Third_Party/FatFs/src/diskio.o
 .ARM.attributes
                0x00000000000004eb       0x39 Middlewares/Third_Party/FatFs/src/ff.o
 .ARM.attributes
                0x0000000000000524       0x39 Middlewares/Third_Party/FatFs/src/ff_gen_drv.o
 .ARM.attributes
                0x000000000000055d       0x39 Middlewares/Third_Party/FatFs/src/option/ccsbcs.o
 .ARM.attributes
                0x0000000000000596       0x34 d:/stuff/stm32cubeide_1.4.0/stm32cubeide/plugins/com.st.stm32cube.ide.mcu.externaltools.gnu-tools-for-stm32.7-2018-q2-update.win32_1.4.0.202007081208/tools/bin/../lib/gcc/arm-none-eabi/7.3.1/../../../../arm-none-eabi/lib/thumb/v7e-m/fpv4-sp/hard\libc_nano.a(lib_a-errno.o)
 .ARM.attributes
                0x00000000000005ca       0x34 d:/stuff/stm32cubeide_1.4.0/stm32cubeide/plugins/com.st.stm32cube.ide.mcu.externaltools.gnu-tools-for-stm32.7-2018-q2-update.win32_1.4.0.202007081208/tools/bin/../lib/gcc/arm-none-eabi/7.3.1/../../../../arm-none-eabi/lib/thumb/v7e-m/fpv4-sp/hard\libc_nano.a(lib_a-impure.o)
 .ARM.attributes
                0x00000000000005fe       0x34 d:/stuff/stm32cubeide_1.4.0/stm32cubeide/plugins/com.st.stm32cube.ide.mcu.externaltools.gnu-tools-for-stm32.7-2018-q2-update.win32_1.4.0.202007081208/tools/bin/../lib/gcc/arm-none-eabi/7.3.1/../../../../arm-none-eabi/lib/thumb/v7e-m/fpv4-sp/hard\libc_nano.a(lib_a-init.o)
 .ARM.attributes
                0x0000000000000632       0x34 d:/stuff/stm32cubeide_1.4.0/stm32cubeide/plugins/com.st.stm32cube.ide.mcu.externaltools.gnu-tools-for-stm32.7-2018-q2-update.win32_1.4.0.202007081208/tools/bin/../lib/gcc/arm-none-eabi/7.3.1/../../../../arm-none-eabi/lib/thumb/v7e-m/fpv4-sp/hard\libc_nano.a(lib_a-memset.o)
 .ARM.attributes
                0x0000000000000666       0x34 d:/stuff/stm32cubeide_1.4.0/stm32cubeide/plugins/com.st.stm32cube.ide.mcu.externaltools.gnu-tools-for-stm32.7-2018-q2-update.win32_1.4.0.202007081208/tools/bin/../lib/gcc/arm-none-eabi/7.3.1/../../../../arm-none-eabi/lib/thumb/v7e-m/fpv4-sp/hard\libc_nano.a(lib_a-snprintf.o)
 .ARM.attributes
                0x000000000000069a       0x1b d:/stuff/stm32cubeide_1.4.0/stm32cubeide/plugins/com.st.stm32cube.ide.mcu.externaltools.gnu-tools-for-stm32.7-2018-q2-update.win32_1.4.0.202007081208/tools/bin/../lib/gcc/arm-none-eabi/7.3.1/../../../../arm-none-eabi/lib/thumb/v7e-m/fpv4-sp/hard\libc_nano.a(lib_a-strlen.o)
 .ARM.attributes
                0x00000000000006b5       0x34 d:/stuff/stm32cubeide_1.4.0/stm32cubeide/plugins/com.st.stm32cube.ide.mcu.externaltools.gnu-tools-for-stm32.7-2018-q2-update.win32_1.4.0.202007081208/tools/bin/../lib/gcc/arm-none-eabi/7.3.1/../../../../arm-none-eabi/lib/thumb/v7e-m/fpv4-sp/hard\libc_nano.a(lib_a-nano-svfprintf.o)
 .ARM.attributes
                0x00000000000006e9       0x34 d:/stuff/stm32cubeide_1.4.0/stm32cubeide/plugins/com.st.stm32cube.ide.mcu.externaltools.gnu-tools-for-stm32.7-2018-q2-update.win32_1.4.0.202007081208/tools/bin/../lib/gcc/arm-none-eabi/7.3.1/../../../../arm-none-eabi/lib/thumb/v7e-m/fpv4-sp/hard\libc_nano.a(lib_a-nano-vfprintf_i.o)
 .ARM.attributes
                0x000000000000071d       0x20 d:/stuff/stm32cubeide_1.4.0/stm32cubeide/plugins/com.st.stm32cube.ide.mcu.externaltools.gnu-tools-for-stm32.7-2018-q2-update.win32_1.4.0.202007081208/tools/bin/../lib/gcc/arm-none-eabi/7.3.1/../../../../arm-none-eabi/lib/thumb/v7e-m/fpv4-sp/hard\libc_nano.a(lib_a-memchr.o)
 .ARM.attributes
                0x000000000000073d       0x34 d:/stuff/stm32cubeide_1.4.0/stm32cubeide/plugins/com.st.stm32cube.ide.mcu.externaltools.gnu-tools-for-stm32.7-2018-q2-update.win32_1.4.0.202007081208/tools/bin/../lib/gcc/arm-none-eabi/7.3.1/../../../../arm-none-eabi/lib/thumb/v7e-m/fpv4-sp/hard\libc_nano.a(lib_a-memcpy-stub.o)
 .ARM.attributes
                0x0000000000000771       0x34 d:/stuff/stm32cubeide_1.4.0/stm32cubeide/plugins/com.st.stm32cube.ide.mcu.externaltools.gnu-tools-for-stm32.7-2018-q2-update.win32_1.4.0.202007081208/tools/bin/../lib/gcc/arm-none-eabi/7.3.1/../../../../arm-none-eabi/lib/thumb/v7e-m/fpv4-sp/hard\libc_nano.a(lib_a-memmove.o)
 .ARM.attributes
                0x00000000000007a5       0x34 d:/stuff/stm32cubeide_1.4.0/stm32cubeide/plugins/com.st.stm32cube.ide.mcu.externaltools.gnu-tools-for-stm32.7-2018-q2-update.win32_1.4.0.202007081208/tools/bin/../lib/gcc/arm-none-eabi/7.3.1/../../../../arm-none-eabi/lib/thumb/v7e-m/fpv4-sp/hard\libc_nano.a(lib_a-nano-freer.o)
 .ARM.attributes
                0x00000000000007d9       0x34 d:/stuff/stm32cubeide_1.4.0/stm32cubeide/plugins/com.st.stm32cube.ide.mcu.externaltools.gnu-tools-for-stm32.7-2018-q2-update.win32_1.4.0.202007081208/tools/bin/../lib/gcc/arm-none-eabi/7.3.1/../../../../arm-none-eabi/lib/thumb/v7e-m/fpv4-sp/hard\libc_nano.a(lib_a-nano-mallocr.o)
 .ARM.attributes
                0x000000000000080d       0x34 d:/stuff/stm32cubeide_1.4.0/stm32cubeide/plugins/com.st.stm32cube.ide.mcu.externaltools.gnu-tools-for-stm32.7-2018-q2-update.win32_1.4.0.202007081208/tools/bin/../lib/gcc/arm-none-eabi/7.3.1/../../../../arm-none-eabi/lib/thumb/v7e-m/fpv4-sp/hard\libc_nano.a(lib_a-nano-reallocr.o)
 .ARM.attributes
                0x0000000000000841       0x34 d:/stuff/stm32cubeide_1.4.0/stm32cubeide/plugins/com.st.stm32cube.ide.mcu.externaltools.gnu-tools-for-stm32.7-2018-q2-update.win32_1.4.0.202007081208/tools/bin/../lib/gcc/arm-none-eabi/7.3.1/../../../../arm-none-eabi/lib/thumb/v7e-m/fpv4-sp/hard\libc_nano.a(lib_a-sbrkr.o)
 .ARM.attributes
                0x0000000000000875       0x34 d:/stuff/stm32cubeide_1.4.0/stm32cubeide/plugins/com.st.stm32cube.ide.mcu.externaltools.gnu-tools-for-stm32.7-2018-q2-update.win32_1.4.0.202007081208/tools/bin/../lib/gcc/arm-none-eabi/7.3.1/../../../../arm-none-eabi/lib/thumb/v7e-m/fpv4-sp/hard\libc_nano.a(lib_a-mlock.o)
 .ARM.attributes
                0x00000000000008a9       0x34 d:/stuff/stm32cubeide_1.4.0/stm32cubeide/plugins/com.st.stm32cube.ide.mcu.externaltools.gnu-tools-for-stm32.7-2018-q2-update.win32_1.4.0.202007081208/tools/bin/../lib/gcc/arm-none-eabi/7.3.1/../../../../arm-none-eabi/lib/thumb/v7e-m/fpv4-sp/hard\libc_nano.a(lib_a-nano-msizer.o)
 .ARM.attributes
                0x00000000000008dd       0x34 d:/stuff/stm32cubeide_1.4.0/stm32cubeide/plugins/com.st.stm32cube.ide.mcu.externaltools.gnu-tools-for-stm32.7-2018-q2-update.win32_1.4.0.202007081208/tools/bin/../lib/gcc/arm-none-eabi/7.3.1/../../../../arm-none-eabi/lib/thumb/v7e-m/fpv4-sp/hard\libc_nano.a(lib_a-reent.o)
 .ARM.attributes
                0x0000000000000911       0x22 d:/stuff/stm32cubeide_1.4.0/stm32cubeide/plugins/com.st.stm32cube.ide.mcu.externaltools.gnu-tools-for-stm32.7-2018-q2-update.win32_1.4.0.202007081208/tools/bin/../lib/gcc/arm-none-eabi/7.3.1/thumb/v7e-m/fpv4-sp/hard\libgcc.a(_aeabi_uldivmod.o)
 .ARM.attributes
                0x0000000000000933       0x34 d:/stuff/stm32cubeide_1.4.0/stm32cubeide/plugins/com.st.stm32cube.ide.mcu.externaltools.gnu-tools-for-stm32.7-2018-q2-update.win32_1.4.0.202007081208/tools/bin/../lib/gcc/arm-none-eabi/7.3.1/thumb/v7e-m/fpv4-sp/hard\libgcc.a(_udivmoddi4.o)
 .ARM.attributes
                0x0000000000000967       0x22 d:/stuff/stm32cubeide_1.4.0/stm32cubeide/plugins/com.st.stm32cube.ide.mcu.externaltools.gnu-tools-for-stm32.7-2018-q2-update.win32_1.4.0.202007081208/tools/bin/../lib/gcc/arm-none-eabi/7.3.1/thumb/v7e-m/fpv4-sp/hard\libgcc.a(_dvmd_tls.o)
 .ARM.attributes
                0x0000000000000989       0x22 d:/stuff/stm32cubeide_1.4.0/stm32cubeide/plugins/com.st.stm32cube.ide.mcu.externaltools.gnu-tools-for-stm32.7-2018-q2-update.win32_1.4.0.202007081208/tools/bin/../lib/gcc/arm-none-eabi/7.3.1/thumb/v7e-m/fpv4-sp/hard/crtn.o
OUTPUT(NUCLEO-F401RE-Sensor.elf elf32-littlearm)

.debug_info     0x0000000000000000    0x1712c
 .debug_info    0x0000000000000000      0xc09 Core/Src/fatfs_sd.o
 .debug_info    0x0000000000000c09     0x2670 Core/Src/main.o
 .debug_info    0x0000000000003279     0x16d1 Core/Src/stm32f4xx_hal_msp.o
 .debug_info    0x000000000000494a      0x844 Core/Src/stm32f4xx_it.o
 .debug_info    0x000000000000518e      0x985 Core/Src/sysmem.o
 .debug_info    0x0000000000005b13      0x57e Core/Src/system_stm32f4xx.o
 .debug_info    0x0000000000006091       0x22 Core/Startup/startup_stm32f401retx.o
 .debug_info    0x00000000000060b3      0x8ce Drivers/STM32F4xx_HAL_Driver/Src/stm32f4xx_hal.o
 .debug_info    0x0000000000006981      0xce6 Drivers/STM32F4xx_HAL_Driver/Src/stm32f4xx_hal_adc.o
 .debug_info    0x0000000000007667      0xd92 Drivers/STM32F4xx_HAL_Driver/Src/stm32f4xx_hal_cortex.o
 .debug_info    0x00000000000083f9      0x7d7 Drivers/STM32F4xx_HAL_Driver/Src/stm32f4xx_hal_gpio.o
 .debug_info    0x0000000000008bd0      0x929 Drivers/STM32F4xx_HAL_Driver/Src/stm32f4xx_hal_rcc.o
 .debug_info    0x00000000000094f9      0x5e5 Drivers/STM32F4xx_HAL_Driver/Src/stm32f4xx_hal_rcc_ex.o
 .debug_info    0x0000000000009ade      0xbb3 Drivers/STM32F4xx_HAL_Driver/Src/stm32f4xx_hal_rtc.o
 .debug_info    0x000000000000a691     0x1632 Drivers/STM32F4xx_HAL_Driver/Src/stm32f4xx_hal_spi.o
 .debug_info    0x000000000000bcc3     0x24a1 Drivers/STM32F4xx_HAL_Driver/Src/stm32f4xx_hal_tim.o
 .debug_info    0x000000000000e164     0x114f Drivers/STM32F4xx_HAL_Driver/Src/stm32f4xx_hal_tim_ex.o
 .debug_info    0x000000000000f2b3     0x1244 Drivers/STM32F4xx_HAL_Driver/Src/stm32f4xx_hal_uart.o
 .debug_info    0x00000000000104f7      0xdbb FATFS/App/fatfs.o
 .debug_info    0x00000000000112b2      0xc29 FATFS/Target/user_diskio.o
 .debug_info    0x0000000000011edb      0xcdc Middlewares/Third_Party/FatFs/src/diskio.o
 .debug_info    0x0000000000012bb7     0x2e3a Middlewares/Third_Party/FatFs/src/ff.o
 .debug_info    0x00000000000159f1      0xc74 Middlewares/Third_Party/FatFs/src/ff_gen_drv.o
 .debug_info    0x0000000000016665      0xac7 Middlewares/Third_Party/FatFs/src/option/ccsbcs.o

.debug_abbrev   0x0000000000000000     0x2f95
 .debug_abbrev  0x0000000000000000      0x262 Core/Src/fatfs_sd.o
 .debug_abbrev  0x0000000000000262      0x326 Core/Src/main.o
 .debug_abbrev  0x0000000000000588      0x1f8 Core/Src/stm32f4xx_hal_msp.o
 .debug_abbrev  0x0000000000000780      0x1a3 Core/Src/stm32f4xx_it.o
 .debug_abbrev  0x0000000000000923      0x19b Core/Src/sysmem.o
 .debug_abbrev  0x0000000000000abe      0x12b Core/Src/system_stm32f4xx.o
 .debug_abbrev  0x0000000000000be9       0x12 Core/Startup/startup_stm32f401retx.o
 .debug_abbrev  0x0000000000000bfb      0x1f2 Drivers/STM32F4xx_HAL_Driver/Src/stm32f4xx_hal.o
 .debug_abbrev  0x0000000000000ded      0x1cd Drivers/STM32F4xx_HAL_Driver/Src/stm32f4xx_hal_adc.o
 .debug_abbrev  0x0000000000000fba      0x2fa Drivers/STM32F4xx_HAL_Driver/Src/stm32f4xx_hal_cortex.o
 .debug_abbrev  0x00000000000012b4      0x1c9 Drivers/STM32F4xx_HAL_Driver/Src/stm32f4xx_hal_gpio.o
 .debug_abbrev  0x000000000000147d      0x245 Drivers/STM32F4xx_HAL_Driver/Src/stm32f4xx_hal_rcc.o
 .debug_abbrev  0x00000000000016c2      0x173 Drivers/STM32F4xx_HAL_Driver/Src/stm32f4xx_hal_rcc_ex.o
 .debug_abbrev  0x0000000000001835      0x1cd Drivers/STM32F4xx_HAL_Driver/Src/stm32f4xx_hal_rtc.o
 .debug_abbrev  0x0000000000001a02      0x240 Drivers/STM32F4xx_HAL_Driver/Src/stm32f4xx_hal_spi.o
 .debug_abbrev  0x0000000000001c42      0x23f Drivers/STM32F4xx_HAL_Driver/Src/stm32f4xx_hal_tim.o
 .debug_abbrev  0x0000000000001e81      0x22d Drivers/STM32F4xx_HAL_Driver/Src/stm32f4xx_hal_tim_ex.o
 .debug_abbrev  0x00000000000020ae      0x251 Drivers/STM32F4xx_HAL_Driver/Src/stm32f4xx_hal_uart.o
 .debug_abbrev  0x00000000000022ff      0x1df FATFS/App/fatfs.o
 .debug_abbrev  0x00000000000024de      0x1f1 FATFS/Target/user_diskio.o
 .debug_abbrev  0x00000000000026cf      0x209 Middlewares/Third_Party/FatFs/src/diskio.o
 .debug_abbrev  0x00000000000028d8      0x298 Middlewares/Third_Party/FatFs/src/ff.o
 .debug_abbrev  0x0000000000002b70      0x236 Middlewares/Third_Party/FatFs/src/ff_gen_drv.o
 .debug_abbrev  0x0000000000002da6      0x1ef Middlewares/Third_Party/FatFs/src/option/ccsbcs.o

.debug_aranges  0x0000000000000000     0x1338
 .debug_aranges
                0x0000000000000000       0xa0 Core/Src/fatfs_sd.o
 .debug_aranges
                0x00000000000000a0       0x90 Core/Src/main.o
 .debug_aranges
                0x0000000000000130       0x70 Core/Src/stm32f4xx_hal_msp.o
 .debug_aranges
                0x00000000000001a0       0x70 Core/Src/stm32f4xx_it.o
 .debug_aranges
                0x0000000000000210       0x20 Core/Src/sysmem.o
 .debug_aranges
                0x0000000000000230       0x28 Core/Src/system_stm32f4xx.o
 .debug_aranges
                0x0000000000000258       0x28 Core/Startup/startup_stm32f401retx.o
 .debug_aranges
                0x0000000000000280       0xf0 Drivers/STM32F4xx_HAL_Driver/Src/stm32f4xx_hal.o
 .debug_aranges
                0x0000000000000370       0xe8 Drivers/STM32F4xx_HAL_Driver/Src/stm32f4xx_hal_adc.o
 .debug_aranges
                0x0000000000000458      0x118 Drivers/STM32F4xx_HAL_Driver/Src/stm32f4xx_hal_cortex.o
 .debug_aranges
                0x0000000000000570       0x58 Drivers/STM32F4xx_HAL_Driver/Src/stm32f4xx_hal_gpio.o
 .debug_aranges
                0x00000000000005c8       0x88 Drivers/STM32F4xx_HAL_Driver/Src/stm32f4xx_hal_rcc.o
 .debug_aranges
                0x0000000000000650       0x48 Drivers/STM32F4xx_HAL_Driver/Src/stm32f4xx_hal_rcc_ex.o
 .debug_aranges
                0x0000000000000698       0xb8 Drivers/STM32F4xx_HAL_Driver/Src/stm32f4xx_hal_rtc.o
 .debug_aranges
                0x0000000000000750      0x1d0 Drivers/STM32F4xx_HAL_Driver/Src/stm32f4xx_hal_spi.o
 .debug_aranges
                0x0000000000000920      0x3a8 Drivers/STM32F4xx_HAL_Driver/Src/stm32f4xx_hal_tim.o
 .debug_aranges
                0x0000000000000cc8      0x150 Drivers/STM32F4xx_HAL_Driver/Src/stm32f4xx_hal_tim_ex.o
 .debug_aranges
                0x0000000000000e18      0x1d0 Drivers/STM32F4xx_HAL_Driver/Src/stm32f4xx_hal_uart.o
 .debug_aranges
                0x0000000000000fe8       0x30 FATFS/App/fatfs.o
 .debug_aranges
                0x0000000000001018       0x40 FATFS/Target/user_diskio.o
 .debug_aranges
                0x0000000000001058       0x48 Middlewares/Third_Party/FatFs/src/diskio.o
 .debug_aranges
                0x00000000000010a0      0x230 Middlewares/Third_Party/FatFs/src/ff.o
 .debug_aranges
                0x00000000000012d0       0x40 Middlewares/Third_Party/FatFs/src/ff_gen_drv.o
 .debug_aranges
                0x0000000000001310       0x28 Middlewares/Third_Party/FatFs/src/option/ccsbcs.o

.debug_ranges   0x0000000000000000     0x11c0
 .debug_ranges  0x0000000000000000       0x90 Core/Src/fatfs_sd.o
 .debug_ranges  0x0000000000000090       0x80 Core/Src/main.o
 .debug_ranges  0x0000000000000110       0x60 Core/Src/stm32f4xx_hal_msp.o
 .debug_ranges  0x0000000000000170       0x60 Core/Src/stm32f4xx_it.o
 .debug_ranges  0x00000000000001d0       0x10 Core/Src/sysmem.o
 .debug_ranges  0x00000000000001e0       0x18 Core/Src/system_stm32f4xx.o
 .debug_ranges  0x00000000000001f8       0x20 Core/Startup/startup_stm32f401retx.o
 .debug_ranges  0x0000000000000218       0xe0 Drivers/STM32F4xx_HAL_Driver/Src/stm32f4xx_hal.o
 .debug_ranges  0x00000000000002f8       0xd8 Drivers/STM32F4xx_HAL_Driver/Src/stm32f4xx_hal_adc.o
 .debug_ranges  0x00000000000003d0      0x108 Drivers/STM32F4xx_HAL_Driver/Src/stm32f4xx_hal_cortex.o
 .debug_ranges  0x00000000000004d8       0x48 Drivers/STM32F4xx_HAL_Driver/Src/stm32f4xx_hal_gpio.o
 .debug_ranges  0x0000000000000520       0x78 Drivers/STM32F4xx_HAL_Driver/Src/stm32f4xx_hal_rcc.o
 .debug_ranges  0x0000000000000598       0x38 Drivers/STM32F4xx_HAL_Driver/Src/stm32f4xx_hal_rcc_ex.o
 .debug_ranges  0x00000000000005d0       0xa8 Drivers/STM32F4xx_HAL_Driver/Src/stm32f4xx_hal_rtc.o
 .debug_ranges  0x0000000000000678      0x1c0 Drivers/STM32F4xx_HAL_Driver/Src/stm32f4xx_hal_spi.o
 .debug_ranges  0x0000000000000838      0x398 Drivers/STM32F4xx_HAL_Driver/Src/stm32f4xx_hal_tim.o
 .debug_ranges  0x0000000000000bd0      0x140 Drivers/STM32F4xx_HAL_Driver/Src/stm32f4xx_hal_tim_ex.o
 .debug_ranges  0x0000000000000d10      0x1c0 Drivers/STM32F4xx_HAL_Driver/Src/stm32f4xx_hal_uart.o
 .debug_ranges  0x0000000000000ed0       0x20 FATFS/App/fatfs.o
 .debug_ranges  0x0000000000000ef0       0x30 FATFS/Target/user_diskio.o
 .debug_ranges  0x0000000000000f20       0x38 Middlewares/Third_Party/FatFs/src/diskio.o
 .debug_ranges  0x0000000000000f58      0x220 Middlewares/Third_Party/FatFs/src/ff.o
 .debug_ranges  0x0000000000001178       0x30 Middlewares/Third_Party/FatFs/src/ff_gen_drv.o
 .debug_ranges  0x00000000000011a8       0x18 Middlewares/Third_Party/FatFs/src/option/ccsbcs.o

.debug_macro    0x0000000000000000    0x19d7e
 .debug_macro   0x0000000000000000      0x249 Core/Src/fatfs_sd.o
 .debug_macro   0x0000000000000249      0xa5a Core/Src/fatfs_sd.o
 .debug_macro   0x0000000000000ca3      0x2a6 Core/Src/fatfs_sd.o
 .debug_macro   0x0000000000000f49       0x2e Core/Src/fatfs_sd.o
 .debug_macro   0x0000000000000f77       0x28 Core/Src/fatfs_sd.o
 .debug_macro   0x0000000000000f9f       0x22 Core/Src/fatfs_sd.o
 .debug_macro   0x0000000000000fc1       0x8e Core/Src/fatfs_sd.o
 .debug_macro   0x000000000000104f       0x51 Core/Src/fatfs_sd.o
 .debug_macro   0x00000000000010a0       0xef Core/Src/fatfs_sd.o
 .debug_macro   0x000000000000118f       0x6a Core/Src/fatfs_sd.o
 .debug_macro   0x00000000000011f9      0x1df Core/Src/fatfs_sd.o
 .debug_macro   0x00000000000013d8       0x1c Core/Src/fatfs_sd.o
 .debug_macro   0x00000000000013f4       0x22 Core/Src/fatfs_sd.o
 .debug_macro   0x0000000000001416       0xdf Core/Src/fatfs_sd.o
 .debug_macro   0x00000000000014f5     0x102d Core/Src/fatfs_sd.o
 .debug_macro   0x0000000000002522      0x11f Core/Src/fatfs_sd.o
 .debug_macro   0x0000000000002641     0xb850 Core/Src/fatfs_sd.o
 .debug_macro   0x000000000000de91       0x43 Core/Src/fatfs_sd.o
 .debug_macro   0x000000000000ded4     0x3659 Core/Src/fatfs_sd.o
 .debug_macro   0x000000000001152d      0x174 Core/Src/fatfs_sd.o
 .debug_macro   0x00000000000116a1       0x5a Core/Src/fatfs_sd.o
 .debug_macro   0x00000000000116fb      0x416 Core/Src/fatfs_sd.o
 .debug_macro   0x0000000000011b11      0x9fe Core/Src/fatfs_sd.o
 .debug_macro   0x000000000001250f      0x117 Core/Src/fatfs_sd.o
 .debug_macro   0x0000000000012626       0xf8 Core/Src/fatfs_sd.o
 .debug_macro   0x000000000001271e       0x27 Core/Src/fatfs_sd.o
 .debug_macro   0x0000000000012745      0x15f Core/Src/fatfs_sd.o
 .debug_macro   0x00000000000128a4      0x287 Core/Src/fatfs_sd.o
 .debug_macro   0x0000000000012b2b       0x5f Core/Src/fatfs_sd.o
 .debug_macro   0x0000000000012b8a      0x236 Core/Src/fatfs_sd.o
 .debug_macro   0x0000000000012dc0      0x391 Core/Src/fatfs_sd.o
 .debug_macro   0x0000000000013151      0x176 Core/Src/fatfs_sd.o
 .debug_macro   0x00000000000132c7       0xf9 Core/Src/fatfs_sd.o
 .debug_macro   0x00000000000133c0      0x132 Core/Src/fatfs_sd.o
 .debug_macro   0x00000000000134f2      0x264 Core/Src/fatfs_sd.o
 .debug_macro   0x0000000000013756       0x2e Core/Src/fatfs_sd.o
 .debug_macro   0x0000000000013784      0x11a Core/Src/fatfs_sd.o
 .debug_macro   0x000000000001389e       0x85 Core/Src/fatfs_sd.o
 .debug_macro   0x0000000000013923       0x89 Core/Src/fatfs_sd.o
 .debug_macro   0x00000000000139ac      0x31a Core/Src/fatfs_sd.o
 .debug_macro   0x0000000000013cc6      0x405 Core/Src/fatfs_sd.o
 .debug_macro   0x00000000000140cb       0xe4 Core/Src/fatfs_sd.o
 .debug_macro   0x00000000000141af      0x225 Core/Src/fatfs_sd.o
 .debug_macro   0x00000000000143d4      0x8a0 Core/Src/fatfs_sd.o
 .debug_macro   0x0000000000014c74       0x47 Core/Src/fatfs_sd.o
 .debug_macro   0x0000000000014cbb      0x287 Core/Src/fatfs_sd.o
 .debug_macro   0x0000000000014f42      0x126 Core/Src/fatfs_sd.o
 .debug_macro   0x0000000000015068       0x16 Core/Src/fatfs_sd.o
 .debug_macro   0x000000000001507e       0x7c Core/Src/fatfs_sd.o
 .debug_macro   0x00000000000150fa       0x70 Core/Src/fatfs_sd.o
 .debug_macro   0x000000000001516a      0x429 Core/Src/main.o
 .debug_macro   0x0000000000015593       0x64 Core/Src/main.o
 .debug_macro   0x00000000000155f7       0xeb Core/Src/main.o
 .debug_macro   0x00000000000156e2       0x18 Core/Src/main.o
 .debug_macro   0x00000000000156fa       0x46 Core/Src/main.o
 .debug_macro   0x0000000000015740       0x3c Core/Src/main.o
 .debug_macro   0x000000000001577c       0x34 Core/Src/main.o
 .debug_macro   0x00000000000157b0       0x16 Core/Src/main.o
 .debug_macro   0x00000000000157c6       0x35 Core/Src/main.o
 .debug_macro   0x00000000000157fb       0x52 Core/Src/main.o
 .debug_macro   0x000000000001584d       0x1f Core/Src/main.o
 .debug_macro   0x000000000001586c       0x43 Core/Src/main.o
 .debug_macro   0x00000000000158af       0x20 Core/Src/main.o
 .debug_macro   0x00000000000158cf      0x1a3 Core/Src/main.o
 .debug_macro   0x0000000000015a72      0x32a Core/Src/main.o
 .debug_macro   0x0000000000015d9c       0x16 Core/Src/main.o
 .debug_macro   0x0000000000015db2       0x29 Core/Src/main.o
 .debug_macro   0x0000000000015ddb       0x12 Core/Src/main.o
 .debug_macro   0x0000000000015ded       0xe2 Core/Src/main.o
 .debug_macro   0x0000000000015ecf       0x8e Core/Src/main.o
 .debug_macro   0x0000000000015f5d       0x16 Core/Src/main.o
 .debug_macro   0x0000000000015f73       0x20 Core/Src/main.o
 .debug_macro   0x0000000000015f93       0x1c Core/Src/main.o
 .debug_macro   0x0000000000015faf       0x10 Core/Src/main.o
 .debug_macro   0x0000000000015fbf       0x10 Core/Src/main.o
 .debug_macro   0x0000000000015fcf       0x1c Core/Src/main.o
 .debug_macro   0x0000000000015feb       0x52 Core/Src/main.o
 .debug_macro   0x000000000001603d       0x40 Core/Src/main.o
 .debug_macro   0x000000000001607d       0x10 Core/Src/main.o
 .debug_macro   0x000000000001608d       0x40 Core/Src/main.o
 .debug_macro   0x00000000000160cd       0xd7 Core/Src/main.o
 .debug_macro   0x00000000000161a4       0x1c Core/Src/main.o
 .debug_macro   0x00000000000161c0       0x3d Core/Src/main.o
 .debug_macro   0x00000000000161fd       0x16 Core/Src/main.o
 .debug_macro   0x0000000000016213      0x145 Core/Src/main.o
 .debug_macro   0x0000000000016358      0x219 Core/Src/stm32f4xx_hal_msp.o
 .debug_macro   0x0000000000016571      0x223 Core/Src/stm32f4xx_it.o
 .debug_macro   0x0000000000016794       0xee Core/Src/sysmem.o
 .debug_macro   0x0000000000016882      0x23b Core/Src/sysmem.o
 .debug_macro   0x0000000000016abd      0x210 Core/Src/system_stm32f4xx.o
 .debug_macro   0x0000000000016ccd      0x26a Drivers/STM32F4xx_HAL_Driver/Src/stm32f4xx_hal.o
 .debug_macro   0x0000000000016f37      0x20b Drivers/STM32F4xx_HAL_Driver/Src/stm32f4xx_hal_adc.o
 .debug_macro   0x0000000000017142      0x20a Drivers/STM32F4xx_HAL_Driver/Src/stm32f4xx_hal_cortex.o
 .debug_macro   0x000000000001734c      0x240 Drivers/STM32F4xx_HAL_Driver/Src/stm32f4xx_hal_gpio.o
 .debug_macro   0x000000000001758c      0x22e Drivers/STM32F4xx_HAL_Driver/Src/stm32f4xx_hal_rcc.o
 .debug_macro   0x00000000000177ba      0x20a Drivers/STM32F4xx_HAL_Driver/Src/stm32f4xx_hal_rcc_ex.o
 .debug_macro   0x00000000000179c4      0x20b Drivers/STM32F4xx_HAL_Driver/Src/stm32f4xx_hal_rtc.o
 .debug_macro   0x0000000000017bcf      0x219 Drivers/STM32F4xx_HAL_Driver/Src/stm32f4xx_hal_spi.o
 .debug_macro   0x0000000000017de8      0x20b Drivers/STM32F4xx_HAL_Driver/Src/stm32f4xx_hal_tim.o
 .debug_macro   0x0000000000017ff3      0x20a Drivers/STM32F4xx_HAL_Driver/Src/stm32f4xx_hal_tim_ex.o
 .debug_macro   0x00000000000181fd      0x20b Drivers/STM32F4xx_HAL_Driver/Src/stm32f4xx_hal_uart.o
 .debug_macro   0x0000000000018408      0x331 FATFS/App/fatfs.o
 .debug_macro   0x0000000000018739       0xe5 FATFS/App/fatfs.o
 .debug_macro   0x000000000001881e      0x357 FATFS/Target/user_diskio.o
 .debug_macro   0x0000000000018b75       0x10 FATFS/Target/user_diskio.o
 .debug_macro   0x0000000000018b85       0xd9 FATFS/Target/user_diskio.o
 .debug_macro   0x0000000000018c5e       0x54 FATFS/Target/user_diskio.o
 .debug_macro   0x0000000000018cb2      0x31e Middlewares/Third_Party/FatFs/src/diskio.o
 .debug_macro   0x0000000000018fd0      0x72c Middlewares/Third_Party/FatFs/src/ff.o
 .debug_macro   0x00000000000196fc       0x58 Middlewares/Third_Party/FatFs/src/ff.o
 .debug_macro   0x0000000000019754      0x31e Middlewares/Third_Party/FatFs/src/ff_gen_drv.o
 .debug_macro   0x0000000000019a72      0x30c Middlewares/Third_Party/FatFs/src/option/ccsbcs.o

.debug_line     0x0000000000000000    0x10e29
 .debug_line    0x0000000000000000      0xaa8 Core/Src/fatfs_sd.o
 .debug_line    0x0000000000000aa8      0xbcf Core/Src/main.o
 .debug_line    0x0000000000001677      0x821 Core/Src/stm32f4xx_hal_msp.o
 .debug_line    0x0000000000001e98      0x81e Core/Src/stm32f4xx_it.o
 .debug_line    0x00000000000026b6      0x4d6 Core/Src/sysmem.o
 .debug_line    0x0000000000002b8c      0x761 Core/Src/system_stm32f4xx.o
 .debug_line    0x00000000000032ed       0x85 Core/Startup/startup_stm32f401retx.o
 .debug_line    0x0000000000003372      0x94b Drivers/STM32F4xx_HAL_Driver/Src/stm32f4xx_hal.o
 .debug_line    0x0000000000003cbd      0xb71 Drivers/STM32F4xx_HAL_Driver/Src/stm32f4xx_hal_adc.o
 .debug_line    0x000000000000482e      0xa6f Drivers/STM32F4xx_HAL_Driver/Src/stm32f4xx_hal_cortex.o
 .debug_line    0x000000000000529d      0x8ee Drivers/STM32F4xx_HAL_Driver/Src/stm32f4xx_hal_gpio.o
 .debug_line    0x0000000000005b8b      0x9a3 Drivers/STM32F4xx_HAL_Driver/Src/stm32f4xx_hal_rcc.o
 .debug_line    0x000000000000652e      0x86e Drivers/STM32F4xx_HAL_Driver/Src/stm32f4xx_hal_rcc_ex.o
 .debug_line    0x0000000000006d9c      0xadb Drivers/STM32F4xx_HAL_Driver/Src/stm32f4xx_hal_rtc.o
 .debug_line    0x0000000000007877     0x1107 Drivers/STM32F4xx_HAL_Driver/Src/stm32f4xx_hal_spi.o
 .debug_line    0x000000000000897e     0x1808 Drivers/STM32F4xx_HAL_Driver/Src/stm32f4xx_hal_tim.o
 .debug_line    0x000000000000a186      0xd56 Drivers/STM32F4xx_HAL_Driver/Src/stm32f4xx_hal_tim_ex.o
 .debug_line    0x000000000000aedc     0x1059 Drivers/STM32F4xx_HAL_Driver/Src/stm32f4xx_hal_uart.o
 .debug_line    0x000000000000bf35      0x932 FATFS/App/fatfs.o
 .debug_line    0x000000000000c867      0x976 FATFS/Target/user_diskio.o
 .debug_line    0x000000000000d1dd      0x949 Middlewares/Third_Party/FatFs/src/diskio.o
 .debug_line    0x000000000000db26     0x2043 Middlewares/Third_Party/FatFs/src/ff.o
 .debug_line    0x000000000000fb69      0x949 Middlewares/Third_Party/FatFs/src/ff_gen_drv.o
 .debug_line    0x00000000000104b2      0x977 Middlewares/Third_Party/FatFs/src/option/ccsbcs.o

.debug_str      0x0000000000000000    0x9a22d
 .debug_str     0x0000000000000000    0x8ff9e Core/Src/fatfs_sd.o
                                      0x902b2 (size before relaxing)
 .debug_str     0x000000000008ff9e     0x554c Core/Src/main.o
                                      0x95821 (size before relaxing)
 .debug_str     0x00000000000954ea      0x47e Core/Src/stm32f4xx_hal_msp.o
                                      0x90bc7 (size before relaxing)
 .debug_str     0x0000000000095968       0xef Core/Src/stm32f4xx_it.o
                                      0x900a7 (size before relaxing)
 .debug_str     0x0000000000095a57      0x4e9 Core/Src/sysmem.o
                                       0x5f4e (size before relaxing)
 .debug_str     0x0000000000095f40       0xc4 Core/Src/system_stm32f4xx.o
                                      0x8fb78 (size before relaxing)
 .debug_str     0x0000000000096004       0x36 Core/Startup/startup_stm32f401retx.o
                                         0x5b (size before relaxing)
 .debug_str     0x000000000009603a      0x58d Drivers/STM32F4xx_HAL_Driver/Src/stm32f4xx_hal.o
                                      0x904e3 (size before relaxing)
 .debug_str     0x00000000000965c7      0x29d Drivers/STM32F4xx_HAL_Driver/Src/stm32f4xx_hal_adc.o
                                      0x900fd (size before relaxing)
 .debug_str     0x0000000000096864      0x392 Drivers/STM32F4xx_HAL_Driver/Src/stm32f4xx_hal_cortex.o
                                      0x902c0 (size before relaxing)
 .debug_str     0x0000000000096bf6      0x20c Drivers/STM32F4xx_HAL_Driver/Src/stm32f4xx_hal_gpio.o
                                      0x8fdb7 (size before relaxing)
 .debug_str     0x0000000000096e02      0x259 Drivers/STM32F4xx_HAL_Driver/Src/stm32f4xx_hal_rcc.o
                                      0x8ff65 (size before relaxing)
 .debug_str     0x000000000009705b      0x113 Drivers/STM32F4xx_HAL_Driver/Src/stm32f4xx_hal_rcc_ex.o
                                      0x8fcbe (size before relaxing)
 .debug_str     0x000000000009716e      0x210 Drivers/STM32F4xx_HAL_Driver/Src/stm32f4xx_hal_rtc.o
                                      0x8ff13 (size before relaxing)
 .debug_str     0x000000000009737e      0x555 Drivers/STM32F4xx_HAL_Driver/Src/stm32f4xx_hal_spi.o
                                      0x903d4 (size before relaxing)
 .debug_str     0x00000000000978d3      0xd05 Drivers/STM32F4xx_HAL_Driver/Src/stm32f4xx_hal_tim.o
                                      0x90c72 (size before relaxing)
 .debug_str     0x00000000000985d8      0x4a2 Drivers/STM32F4xx_HAL_Driver/Src/stm32f4xx_hal_tim_ex.o
                                      0x90472 (size before relaxing)
 .debug_str     0x0000000000098a7a      0x507 Drivers/STM32F4xx_HAL_Driver/Src/stm32f4xx_hal_uart.o
                                      0x903b2 (size before relaxing)
 .debug_str     0x0000000000098f81       0x3f FATFS/App/fatfs.o
                                      0x93316 (size before relaxing)
 .debug_str     0x0000000000098fc0       0x6d FATFS/Target/user_diskio.o
                                      0x933a6 (size before relaxing)
 .debug_str     0x000000000009902d       0x52 Middlewares/Third_Party/FatFs/src/diskio.o
                                      0x93213 (size before relaxing)
 .debug_str     0x000000000009907f     0x10ac Middlewares/Third_Party/FatFs/src/ff.o
                                      0x944c5 (size before relaxing)
 .debug_str     0x000000000009a12b       0xa2 Middlewares/Third_Party/FatFs/src/ff_gen_drv.o
                                      0x93264 (size before relaxing)
 .debug_str     0x000000000009a1cd       0x60 Middlewares/Third_Party/FatFs/src/option/ccsbcs.o
                                      0x92ffa (size before relaxing)

.comment        0x0000000000000000       0x7b
 .comment       0x0000000000000000       0x7b Core/Src/fatfs_sd.o
                                         0x7c (size before relaxing)
 .comment       0x000000000000007b       0x7c Core/Src/main.o
 .comment       0x000000000000007b       0x7c Core/Src/stm32f4xx_hal_msp.o