Archive member included to satisfy reference by file (symbol)

d:/stuff/stm32cubeide_1.4.0/stm32cubeide/plugins/com.st.stm32cube.ide.mcu.externaltools.gnu-tools-for-stm32.7-2018-q2-update.win32_1.4.0.202007081208/tools/bin/../lib/gcc/arm-none-eabi/7.3.1/../../../../arm-none-eabi/lib/thumb/v7e-m/fpv4-sp/hard\libc_nano.a(lib_a-errno.o)
                              Core/Src/syscalls.o (__errno)
d:/stuff/stm32cubeide_1.4.0/stm32cubeide/plugins/com.st.stm32cube.ide.mcu.externaltools.gnu-tools-for-stm32.7-2018-q2-update.win32_1.4.0.202007081208/tools/bin/../lib/gcc/arm-none-eabi/7.3.1/../../../../arm-none-eabi/lib/thumb/v7e-m/fpv4-sp/hard\libc_nano.a(lib_a-exit.o)
                              d:/stuff/stm32cubeide_1.4.0/stm32cubeide/plugins/com.st.stm32cube.ide.mcu.externaltools.gnu-tools-for-stm32.7-2018-q2-update.win32_1.4.0.202007081208/tools/bin/../lib/gcc/arm-none-eabi/7.3.1/../../../../arm-none-eabi/lib/thumb/v7e-m/fpv4-sp/hard/crt0.o (exit)
d:/stuff/stm32cubeide_1.4.0/stm32cubeide/plugins/com.st.stm32cube.ide.mcu.externaltools.gnu-tools-for-stm32.7-2018-q2-update.win32_1.4.0.202007081208/tools/bin/../lib/gcc/arm-none-eabi/7.3.1/../../../../arm-none-eabi/lib/thumb/v7e-m/fpv4-sp/hard\libc_nano.a(lib_a-impure.o)
                              d:/stuff/stm32cubeide_1.4.0/stm32cubeide/plugins/com.st.stm32cube.ide.mcu.externaltools.gnu-tools-for-stm32.7-2018-q2-update.win32_1.4.0.202007081208/tools/bin/../lib/gcc/arm-none-eabi/7.3.1/../../../../arm-none-eabi/lib/thumb/v7e-m/fpv4-sp/hard\libc_nano.a(lib_a-exit.o) (_global_impure_ptr)
d:/stuff/stm32cubeide_1.4.0/stm32cubeide/plugins/com.st.stm32cube.ide.mcu.externaltools.gnu-tools-for-stm32.7-2018-q2-update.win32_1.4.0.202007081208/tools/bin/../lib/gcc/arm-none-eabi/7.3.1/../../../../arm-none-eabi/lib/thumb/v7e-m/fpv4-sp/hard\libc_nano.a(lib_a-init.o)
                              d:/stuff/stm32cubeide_1.4.0/stm32cubeide/plugins/com.st.stm32cube.ide.mcu.externaltools.gnu-tools-for-stm32.7-2018-q2-update.win32_1.4.0.202007081208/tools/bin/../lib/gcc/arm-none-eabi/7.3.1/../../../../arm-none-eabi/lib/thumb/v7e-m/fpv4-sp/hard/crt0.o (__libc_init_array)
d:/stuff/stm32cubeide_1.4.0/stm32cubeide/plugins/com.st.stm32cube.ide.mcu.externaltools.gnu-tools-for-stm32.7-2018-q2-update.win32_1.4.0.202007081208/tools/bin/../lib/gcc/arm-none-eabi/7.3.1/../../../../arm-none-eabi/lib/thumb/v7e-m/fpv4-sp/hard\libc_nano.a(lib_a-memset.o)
                              d:/stuff/stm32cubeide_1.4.0/stm32cubeide/plugins/com.st.stm32cube.ide.mcu.externaltools.gnu-tools-for-stm32.7-2018-q2-update.win32_1.4.0.202007081208/tools/bin/../lib/gcc/arm-none-eabi/7.3.1/../../../../arm-none-eabi/lib/thumb/v7e-m/fpv4-sp/hard/crt0.o (memset)
d:/stuff/stm32cubeide_1.4.0/stm32cubeide/plugins/com.st.stm32cube.ide.mcu.externaltools.gnu-tools-for-stm32.7-2018-q2-update.win32_1.4.0.202007081208/tools/bin/../lib/gcc/arm-none-eabi/7.3.1/../../../../arm-none-eabi/lib/thumb/v7e-m/fpv4-sp/hard\libc_nano.a(lib_a-snprintf.o)
                              Core/Src/main.o (snprintf)
d:/stuff/stm32cubeide_1.4.0/stm32cubeide/plugins/com.st.stm32cube.ide.mcu.externaltools.gnu-tools-for-stm32.7-2018-q2-update.win32_1.4.0.202007081208/tools/bin/../lib/gcc/arm-none-eabi/7.3.1/../../../../arm-none-eabi/lib/thumb/v7e-m/fpv4-sp/hard\libc_nano.a(lib_a-strcat.o)
                              Core/Src/main.o (strcat)
d:/stuff/stm32cubeide_1.4.0/stm32cubeide/plugins/com.st.stm32cube.ide.mcu.externaltools.gnu-tools-for-stm32.7-2018-q2-update.win32_1.4.0.202007081208/tools/bin/../lib/gcc/arm-none-eabi/7.3.1/../../../../arm-none-eabi/lib/thumb/v7e-m/fpv4-sp/hard\libc_nano.a(lib_a-strcpy.o)
                              Core/Src/main.o (strcpy)
d:/stuff/stm32cubeide_1.4.0/stm32cubeide/plugins/com.st.stm32cube.ide.mcu.externaltools.gnu-tools-for-stm32.7-2018-q2-update.win32_1.4.0.202007081208/tools/bin/../lib/gcc/arm-none-eabi/7.3.1/../../../../arm-none-eabi/lib/thumb/v7e-m/fpv4-sp/hard\libc_nano.a(lib_a-strlen.o)
                              Core/Src/main.o (strlen)
d:/stuff/stm32cubeide_1.4.0/stm32cubeide/plugins/com.st.stm32cube.ide.mcu.externaltools.gnu-tools-for-stm32.7-2018-q2-update.win32_1.4.0.202007081208/tools/bin/../lib/gcc/arm-none-eabi/7.3.1/../../../../arm-none-eabi/lib/thumb/v7e-m/fpv4-sp/hard\libc_nano.a(lib_a-nano-svfprintf.o)
                              d:/stuff/stm32cubeide_1.4.0/stm32cubeide/plugins/com.st.stm32cube.ide.mcu.externaltools.gnu-tools-for-stm32.7-2018-q2-update.win32_1.4.0.202007081208/tools/bin/../lib/gcc/arm-none-eabi/7.3.1/../../../../arm-none-eabi/lib/thumb/v7e-m/fpv4-sp/hard\libc_nano.a(lib_a-snprintf.o) (_svfprintf_r)
d:/stuff/stm32cubeide_1.4.0/stm32cubeide/plugins/com.st.stm32cube.ide.mcu.externaltools.gnu-tools-for-stm32.7-2018-q2-update.win32_1.4.0.202007081208/tools/bin/../lib/gcc/arm-none-eabi/7.3.1/../../../../arm-none-eabi/lib/thumb/v7e-m/fpv4-sp/hard\libc_nano.a(lib_a-nano-vfprintf_i.o)
[...]
Memory Configuration

Name             Origin             Length             Attributes
RAM              0x0000000020000000 0x0000000000018000 xrw
FLASH            0x0000000008000000 0x0000000000080000 xr
*default*        0x0000000000000000 0xffffffffffffffff

Linker script and memory map

LOAD d:/stuff/stm32cubeide_1.4.0/stm32cubeide/plugins/com.st.stm32cube.ide.mcu.externaltools.gnu-tools-for-stm32.7-2018-q2-update.win32_1.4.0.202007081208/tools/bin/../lib/gcc/arm-none-eabi/7.3.1/thumb/v7e-m/fpv4-sp/hard/crti.o
LOAD d:/stuff/stm32cubeide_1.4.0/stm32cubeide/plugins/com.st.stm32cube.ide.mcu.externaltools.gnu-tools-for-stm32.7-2018-q2-update.win32_1.4.0.202007081208/tools/bin/../lib/gcc/arm-none-eabi/7.3.1/thumb/v7e-m/fpv4-sp/hard/crtbegin.o
LOAD d:/stuff/stm32cubeide_1.4.0/stm32cubeide/plugins/com.st.stm32cube.ide.mcu.externaltools.gnu-tools-for-stm32.7-2018-q2-update.win32_1.4.0.202007081208/tools/bin/../lib/gcc/arm-none-eabi/7.3.1/../../../../arm-none-eabi/lib/thumb/v7e-m/fpv4-sp/hard/crt0.o
LOAD Core/Src/fatfs_sd.o
LOAD Core/Src/main.o
LOAD Core/Src/stm32f4xx_hal_msp.o
LOAD Core/Src/stm32f4xx_it.o
LOAD Core/Src/syscalls.o
LOAD Core/Src/sysmem.o
LOAD Core/Src/system_stm32f4xx.o
LOAD Core/Startup/startup_stm32f401retx.o
LOAD Drivers/STM32F4xx_HAL_Driver/Src/stm32f4xx_hal.o
LOAD Drivers/STM32F4xx_HAL_Driver/Src/stm32f4xx_hal_adc.o
LOAD Drivers/STM32F4xx_HAL_Driver/Src/stm32f4xx_hal_adc_ex.o
LOAD Drivers/STM32F4xx_HAL_Driver/Src/stm32f4xx_hal_cortex.o
LOAD Drivers/STM32F4xx_HAL_Driver/Src/stm32f4xx_hal_dma.o
LOAD Drivers/STM32F4xx_HAL_Driver/Src/stm32f4xx_hal_dma_ex.o
LOAD Drivers/STM32F4xx_HAL_Driver/Src/stm32f4xx_hal_exti.o
LOAD Drivers/STM32F4xx_HAL_Driver/Src/stm32f4xx_hal_flash.o
LOAD Drivers/STM32F4xx_HAL_Driver/Src/stm32f4xx_hal_flash_ex.o
LOAD Drivers/STM32F4xx_HAL_Driver/Src/stm32f4xx_hal_flash_ramfunc.o
LOAD Drivers/STM32F4xx_HAL_Driver/Src/stm32f4xx_hal_gpio.o
LOAD Drivers/STM32F4xx_HAL_Driver/Src/stm32f4xx_hal_pwr.o
LOAD Drivers/STM32F4xx_HAL_Driver/Src/stm32f4xx_hal_pwr_ex.o
LOAD Drivers/STM32F4xx_HAL_Driver/Src/stm32f4xx_hal_rcc.o
LOAD Drivers/STM32F4xx_HAL_Driver/Src/stm32f4xx_hal_rcc_ex.o
LOAD Drivers/STM32F4xx_HAL_Driver/Src/stm32f4xx_hal_rtc.o
LOAD Drivers/STM32F4xx_HAL_Driver/Src/stm32f4xx_hal_rtc_ex.o
LOAD Drivers/STM32F4xx_HAL_Driver/Src/stm32f4xx_hal_spi.o
LOAD Drivers/STM32F4xx_HAL_Driver/Src/stm32f4xx_hal_tim.o
LOAD Drivers/STM32F4xx_HAL_Driver/Src/stm32f4xx_hal_tim_ex.o
LOAD FATFS/App/fatfs.o
LOAD FATFS/Target/user_diskio.o
LOAD Middlewares/Third_Party/FatFs/src/diskio.o
LOAD Middlewares/Third_Party/FatFs/src/ff.o
LOAD Middlewares/Third_Party/FatFs/src/ff_gen_drv.o
LOAD Middlewares/Third_Party/FatFs/src/option/ccsbcs.o
LOAD Middlewares/Third_Party/FatFs/src/option/syscall.o
START GROUP
LOAD d:/stuff/stm32cubeide_1.4.0/stm32cubeide/plugins/com.st.stm32cube.ide.mcu.externaltools.gnu-tools-for-stm32.7-2018-q2-update.win32_1.4.0.202007081208/tools/bin/../lib/gcc/arm-none-eabi/7.3.1/../../../../arm-none-eabi/lib/thumb/v7e-m/fpv4-sp/hard\libc_nano.a
LOAD d:/stuff/stm32cubeide_1.4.0/stm32cubeide/plugins/com.st.stm32cube.ide.mcu.externaltools.gnu-tools-for-stm32.7-2018-q2-update.win32_1.4.0.202007081208/tools/bin/../lib/gcc/arm-none-eabi/7.3.1/../../../../arm-none-eabi/lib/thumb/v7e-m/fpv4-sp/hard\libm.a
END GROUP
START GROUP
LOAD d:/stuff/stm32cubeide_1.4.0/stm32cubeide/plugins/com.st.stm32cube.ide.mcu.externaltools.gnu-tools-for-stm32.7-2018-q2-update.win32_1.4.0.202007081208/tools/bin/../lib/gcc/arm-none-eabi/7.3.1/thumb/v7e-m/fpv4-sp/hard\libgcc.a
LOAD d:/stuff/stm32cubeide_1.4.0/stm32cubeide/plugins/com.st.stm32cube.ide.mcu.externaltools.gnu-tools-for-stm32.7-2018-q2-update.win32_1.4.0.202007081208/tools/bin/../lib/gcc/arm-none-eabi/7.3.1/../../../../arm-none-eabi/lib/thumb/v7e-m/fpv4-sp/hard\libc_nano.a
END GROUP
START GROUP
LOAD d:/stuff/stm32cubeide_1.4.0/stm32cubeide/plugins/com.st.stm32cube.ide.mcu.externaltools.gnu-tools-for-stm32.7-2018-q2-update.win32_1.4.0.202007081208/tools/bin/../lib/gcc/arm-none-eabi/7.3.1/thumb/v7e-m/fpv4-sp/hard\libgcc.a
LOAD d:/stuff/stm32cubeide_1.4.0/stm32cubeide/plugins/com.st.stm32cube.ide.mcu.externaltools.gnu-tools-for-stm32.7-2018-q2-update.win32_1.4.0.202007081208/tools/bin/../lib/gcc/arm-none-eabi/7.3.1/../../../../arm-none-eabi/lib/thumb/v7e-m/fpv4-sp/hard\libc_nano.a
LOAD d:/stuff/stm32cubeide_1.4.0/stm32cubeide/plugins/com.st.stm32cube.ide.mcu.externaltools.gnu-tools-for-stm32.7-2018-q2-update.win32_1.4.0.202007081208/tools/bin/../lib/gcc/arm-none-eabi/7.3.1/../../../../arm-none-eabi/lib/thumb/v7e-m/fpv4-sp/hard\libnosys.a
END GROUP
START GROUP
LOAD d:/stuff/stm32cubeide_1.4.0/stm32cubeide/plugins/com.st.stm32cube.ide.mcu.externaltools.gnu-tools-for-stm32.7-2018-q2-update.win32_1.4.0.202007081208/tools/bin/../lib/gcc/arm-none-eabi/7.3.1/thumb/v7e-m/fpv4-sp/hard\libgcc.a
LOAD d:/stuff/stm32cubeide_1.4.0/stm32cubeide/plugins/com.st.stm32cube.ide.mcu.externaltools.gnu-tools-for-stm32.7-2018-q2-update.win32_1.4.0.202007081208/tools/bin/../lib/gcc/arm-none-eabi/7.3.1/../../../../arm-none-eabi/lib/thumb/v7e-m/fpv4-sp/hard\libc_nano.a
LOAD d:/stuff/stm32cubeide_1.4.0/stm32cubeide/plugins/com.st.stm32cube.ide.mcu.externaltools.gnu-tools-for-stm32.7-2018-q2-update.win32_1.4.0.202007081208/tools/bin/../lib/gcc/arm-none-eabi/7.3.1/../../../../arm-none-eabi/lib/thumb/v7e-m/fpv4-sp/hard\libnosys.a
END GROUP
LOAD d:/stuff/stm32cubeide_1.4.0/stm32cubeide/plugins/com.st.stm32cube.ide.mcu.externaltools.gnu-tools-for-stm32.7-2018-q2-update.win32_1.4.0.202007081208/tools/bin/../lib/gcc/arm-none-eabi/7.3.1/thumb/v7e-m/fpv4-sp/hard/crtend.o
LOAD d:/stuff/stm32cubeide_1.4.0/stm32cubeide/plugins/com.st.stm32cube.ide.mcu.externaltools.gnu-tools-for-stm32.7-2018-q2-update.win32_1.4.0.202007081208/tools/bin/../lib/gcc/arm-none-eabi/7.3.1/thumb/v7e-m/fpv4-sp/hard/crtn.o
                0x0000000020018000                _estack = (ORIGIN (RAM) + LENGTH (RAM))
                0x0000000000000200                _Min_Heap_Size = 0x200
                0x0000000000000400                _Min_Stack_Size = 0x400

.isr_vector     0x0000000008000000      0x194
                0x0000000008000000                . = ALIGN (0x4)
 *(.isr_vector)
 .isr_vector    0x0000000008000000      0x194 Core/Startup/startup_stm32f401retx.o
                0x0000000008000000                g_pfnVectors
                0x0000000008000194                . = ALIGN (0x4)

.text           0x00000000080001a0     0x7fdc
                0x00000000080001a0                . = ALIGN (0x4)
 *(.text)
 .text          0x00000000080001a0       0x40 d:/stuff/stm32cubeide_1.4.0/stm32cubeide/plugins/com.st.stm32cube.ide.mcu.externaltools.gnu-tools-for-stm32.7-2018-q2-update.win32_1.4.0.202007081208/tools/bin/../lib/gcc/arm-none-eabi/7.3.1/thumb/v7e-m/fpv4-sp/hard/crtbegin.o
 .text          0x00000000080001e0       0x10 d:/stuff/stm32cubeide_1.4.0/stm32cubeide/plugins/com.st.stm32cube.ide.mcu.externaltools.gnu-tools-for-stm32.7-2018-q2-update.win32_1.4.0.202007081208/tools/bin/../lib/gcc/arm-none-eabi/7.3.1/../../../../arm-none-eabi/lib/thumb/v7e-m/fpv4-sp/hard\libc_nano.a(lib_a-strlen.o)
                0x00000000080001e0                strlen
 .text          0x00000000080001f0       0xa0 d:/stuff/stm32cubeide_1.4.0/stm32cubeide/plugins/com.st.stm32cube.ide.mcu.externaltools.gnu-tools-for-stm32.7-2018-q2-update.win32_1.4.0.202007081208/tools/bin/../lib/gcc/arm-none-eabi/7.3.1/../../../../arm-none-eabi/lib/thumb/v7e-m/fpv4-sp/hard\libc_nano.a(lib_a-memchr.o)
                0x00000000080001f0                memchr
 .text          0x0000000008000290       0x30 d:/stuff/stm32cubeide_1.4.0/stm32cubeide/plugins/com.st.stm32cube.ide.mcu.externaltools.gnu-tools-for-stm32.7-2018-q2-update.win32_1.4.0.202007081208/tools/bin/../lib/gcc/arm-none-eabi/7.3.1/thumb/v7e-m/fpv4-sp/hard\libgcc.a(_aeabi_uldivmod.o)
                0x0000000008000290                __aeabi_uldivmod
 .text          0x00000000080002c0      0x2cc d:/stuff/stm32cubeide_1.4.0/stm32cubeide/plugins/com.st.stm32cube.ide.mcu.externaltools.gnu-tools-for-stm32.7-2018-q2-update.win32_1.4.0.202007081208/tools/bin/../lib/gcc/arm-none-eabi/7.3.1/thumb/v7e-m/fpv4-sp/hard\libgcc.a(_udivmoddi4.o)
                0x00000000080002c0                __udivmoddi4
 .text          0x000000000800058c        0x4 d:/stuff/stm32cubeide_1.4.0/stm32cubeide/plugins/com.st.stm32cube.ide.mcu.externaltools.gnu-tools-for-stm32.7-2018-q2-update.win32_1.4.0.202007081208/tools/bin/../lib/gcc/arm-none-eabi/7.3.1/thumb/v7e-m/fpv4-sp/hard\libgcc.a(_dvmd_tls.o)
                0x000000000800058c                __aeabi_idiv0
                0x000000000800058c                __aeabi_ldiv0
 *(.text*)
 .text.SELECT   0x0000000008000590       0x18 Core/Src/fatfs_sd.o
 .text.DESELECT
                0x00000000080005a8       0x18 Core/Src/fatfs_sd.o
 .text.SPI_TxByte
                0x00000000080005c0       0x34 Core/Src/fatfs_sd.o
 .text.SPI_RxByte
                0x00000000080005f4       0x3c Core/Src/fatfs_sd.o
 .text.SPI_RxBytePtr
                0x0000000008000630       0x1c Core/Src/fatfs_sd.o
 .text.SD_ReadyWait
                0x000000000800064c       0x38 Core/Src/fatfs_sd.o
 .text.SD_PowerOn
                0x0000000008000684       0x98 Core/Src/fatfs_sd.o
 .text.SD_PowerOff
                0x000000000800071c       0x18 Core/Src/fatfs_sd.o
 .text.SD_CheckPower
                0x0000000008000734       0x18 Core/Src/fatfs_sd.o
 .text.SD_RxDataBlock
                0x000000000800074c       0x6c Core/Src/fatfs_sd.o
 .text.SD_TxDataBlock
                0x00000000080007b8       0xa8 Core/Src/fatfs_sd.o
 .text.SD_SendCmd
                0x0000000008000860       0xa4 Core/Src/fatfs_sd.o
 .text.SD_disk_initialize
                0x0000000008000904      0x1d4 Core/Src/fatfs_sd.o
                0x0000000008000904                SD_disk_initialize
 .text.SD_disk_status
                0x0000000008000ad8       0x2c Core/Src/fatfs_sd.o
                0x0000000008000ad8                SD_disk_status
 .text.SD_disk_read
                0x0000000008000b04       0xd4 Core/Src/fatfs_sd.o
                0x0000000008000b04                SD_disk_read
 .text.SD_disk_write
                0x0000000008000bd8      0x108 Core/Src/fatfs_sd.o
                0x0000000008000bd8                SD_disk_write
 .text.SD_disk_ioctl
                0x0000000008000ce0      0x25c Core/Src/fatfs_sd.o
                0x0000000008000ce0                SD_disk_ioctl
 .text.main     0x0000000008000f3c       0x78 Core/Src/main.o
                0x0000000008000f3c                main
 .text.SystemClock_Config
                0x0000000008000fb4      0x108 Core/Src/main.o
                0x0000000008000fb4                SystemClock_Config
 .text.MX_ADC1_Init
                0x00000000080010bc       0xa4 Core/Src/main.o
 .text.MX_RTC_Init
                0x0000000008001160       0xdc Core/Src/main.o
 .text.MX_SPI2_Init
                0x000000000800123c       0x6c Core/Src/main.o
 .text.MX_TIM1_Init
                0x00000000080012a8       0xa4 Core/Src/main.o
 .text.MX_GPIO_Init
                0x000000000800134c      0x124 Core/Src/main.o
 .text.GetSensorValue
                0x0000000008001470       0x34 Core/Src/main.o
                0x0000000008001470                GetSensorValue
 .text.FormatOutputLine
                0x00000000080014a4       0x50 Core/Src/main.o
                0x00000000080014a4                FormatOutputLine
 .text.GetFileName
                0x00000000080014f4       0x48 Core/Src/main.o
                0x00000000080014f4                GetFileName
 .text.AddLineToFile
                0x000000000800153c      0x214 Core/Src/main.o
                0x000000000800153c                AddLineToFile
 .text.Error_Handler
                0x0000000008001750        0xe Core/Src/main.o
                0x0000000008001750                Error_Handler
 *fill*         0x000000000800175e        0x2 
 .text.HAL_MspInit
                0x0000000008001760       0x50 Core/Src/stm32f4xx_hal_msp.o
                0x0000000008001760                HAL_MspInit
 .text.HAL_ADC_MspInit
                0x00000000080017b0       0x88 Core/Src/stm32f4xx_hal_msp.o
                0x00000000080017b0                HAL_ADC_MspInit
 .text.HAL_RTC_MspInit
                0x0000000008001838       0x2c Core/Src/stm32f4xx_hal_msp.o
                0x0000000008001838                HAL_RTC_MspInit
 .text.HAL_SPI_MspInit
                0x0000000008001864       0x90 Core/Src/stm32f4xx_hal_msp.o
                0x0000000008001864                HAL_SPI_MspInit
 .text.HAL_TIM_Base_MspInit
                0x00000000080018f4       0x50 Core/Src/stm32f4xx_hal_msp.o
                0x00000000080018f4                HAL_TIM_Base_MspInit
 .text.SDTimer_Handler
                0x0000000008001944       0x48 Core/Src/stm32f4xx_it.o
                0x0000000008001944                SDTimer_Handler
 .text.NMI_Handler
                0x000000000800198c        0xe Core/Src/stm32f4xx_it.o
                0x000000000800198c                NMI_Handler
 .text.HardFault_Handler
                0x000000000800199a        0x6 Core/Src/stm32f4xx_it.o
                0x000000000800199a                HardFault_Handler
 .text.MemManage_Handler
                0x00000000080019a0        0x6 Core/Src/stm32f4xx_it.o
                0x00000000080019a0                MemManage_Handler
 .text.BusFault_Handler
                0x00000000080019a6        0x6 Core/Src/stm32f4xx_it.o
                0x00000000080019a6                BusFault_Handler
 .text.UsageFault_Handler
                0x00000000080019ac        0x6 Core/Src/stm32f4xx_it.o
                0x00000000080019ac                UsageFault_Handler
 .text.SVC_Handler
                0x00000000080019b2        0xe Core/Src/stm32f4xx_it.o
                0x00000000080019b2                SVC_Handler
 .text.DebugMon_Handler
                0x00000000080019c0        0xe Core/Src/stm32f4xx_it.o
                0x00000000080019c0                DebugMon_Handler
 .text.PendSV_Handler
                0x00000000080019ce        0xe Core/Src/stm32f4xx_it.o
                0x00000000080019ce                PendSV_Handler
 .text.SysTick_Handler
                0x00000000080019dc       0x34 Core/Src/stm32f4xx_it.o
                0x00000000080019dc                SysTick_Handler
 .text.TIM1_UP_TIM10_IRQHandler
                0x0000000008001a10       0x8c Core/Src/stm32f4xx_it.o
                0x0000000008001a10                TIM1_UP_TIM10_IRQHandler
 .text._sbrk    0x0000000008001a9c       0x6c Core/Src/sysmem.o
                0x0000000008001a9c                _sbrk
 .text.SystemInit
                0x0000000008001b08       0x2c Core/Src/system_stm32f4xx.o
                0x0000000008001b08                SystemInit
 .text.Reset_Handler
                0x0000000008001b34       0x50 Core/Startup/startup_stm32f401retx.o
                0x0000000008001b34                Reset_Handler
 .text.Default_Handler
                0x0000000008001b84        0x2 Core/Startup/startup_stm32f401retx.o
                0x0000000008001b84                RTC_Alarm_IRQHandler
                0x0000000008001b84                EXTI2_IRQHandler
                0x0000000008001b84                SPI4_IRQHandler
                0x0000000008001b84                TIM1_CC_IRQHandler
                0x0000000008001b84                DMA2_Stream5_IRQHandler
                0x0000000008001b84                DMA1_Stream5_IRQHandler
                0x0000000008001b84                PVD_IRQHandler
                0x0000000008001b84                SDIO_IRQHandler
                0x0000000008001b84                TAMP_STAMP_IRQHandler
                0x0000000008001b84                EXTI3_IRQHandler
                0x0000000008001b84                I2C3_ER_IRQHandler
                0x0000000008001b84                EXTI0_IRQHandler
                0x0000000008001b84                I2C2_EV_IRQHandler
                0x0000000008001b84                DMA1_Stream2_IRQHandler
                0x0000000008001b84                FPU_IRQHandler
                0x0000000008001b84                DMA2_Stream2_IRQHandler
                0x0000000008001b84                SPI1_IRQHandler
                0x0000000008001b84                TIM1_BRK_TIM9_IRQHandler
                0x0000000008001b84                DMA2_Stream3_IRQHandler
                0x0000000008001b84                USART6_IRQHandler
                0x0000000008001b84                DMA2_Stream0_IRQHandler
                0x0000000008001b84                TIM4_IRQHandler
                0x0000000008001b84                I2C1_EV_IRQHandler
                0x0000000008001b84                DMA1_Stream6_IRQHandler
                0x0000000008001b84                DMA1_Stream1_IRQHandler
                0x0000000008001b84                TIM3_IRQHandler
                0x0000000008001b84                RCC_IRQHandler
                0x0000000008001b84                Default_Handler
                0x0000000008001b84                EXTI15_10_IRQHandler
                0x0000000008001b84                ADC_IRQHandler
                0x0000000008001b84                DMA1_Stream7_IRQHandler
                0x0000000008001b84                TIM5_IRQHandler
                0x0000000008001b84                DMA2_Stream7_IRQHandler
                0x0000000008001b84                I2C3_EV_IRQHandler
                0x0000000008001b84                EXTI9_5_IRQHandler
                0x0000000008001b84                RTC_WKUP_IRQHandler
                0x0000000008001b84                SPI2_IRQHandler
                0x0000000008001b84                DMA1_Stream0_IRQHandler
                0x0000000008001b84                EXTI4_IRQHandler
                0x0000000008001b84                WWDG_IRQHandler
                0x0000000008001b84                TIM2_IRQHandler
                0x0000000008001b84                OTG_FS_WKUP_IRQHandler
                0x0000000008001b84                TIM1_TRG_COM_TIM11_IRQHandler
                0x0000000008001b84                EXTI1_IRQHandler
                0x0000000008001b84                USART2_IRQHandler
                0x0000000008001b84                I2C2_ER_IRQHandler
                0x0000000008001b84                DMA2_Stream1_IRQHandler
                0x0000000008001b84                FLASH_IRQHandler
                0x0000000008001b84                DMA2_Stream4_IRQHandler
                0x0000000008001b84                USART1_IRQHandler
                0x0000000008001b84                OTG_FS_IRQHandler
                0x0000000008001b84                SPI3_IRQHandler
                0x0000000008001b84                DMA1_Stream4_IRQHandler
                0x0000000008001b84                I2C1_ER_IRQHandler
                0x0000000008001b84                DMA2_Stream6_IRQHandler
                0x0000000008001b84                DMA1_Stream3_IRQHandler
 *fill*         0x0000000008001b86        0x2 
 .text.HAL_Init
                0x0000000008001b88       0x44 Drivers/STM32F4xx_HAL_Driver/Src/stm32f4xx_hal.o
                0x0000000008001b88                HAL_Init
 .text.HAL_InitTick
                0x0000000008001bcc       0x60 Drivers/STM32F4xx_HAL_Driver/Src/stm32f4xx_hal.o
                0x0000000008001bcc                HAL_InitTick
 .text.HAL_IncTick
                0x0000000008001c2c       0x28 Drivers/STM32F4xx_HAL_Driver/Src/stm32f4xx_hal.o
                0x0000000008001c2c                HAL_IncTick
 .text.HAL_GetTick
                0x0000000008001c54       0x18 Drivers/STM32F4xx_HAL_Driver/Src/stm32f4xx_hal.o
                0x0000000008001c54                HAL_GetTick
 .text.HAL_ADC_Init
                0x0000000008001c6c       0x86 Drivers/STM32F4xx_HAL_Driver/Src/stm32f4xx_hal_adc.o
                0x0000000008001c6c                HAL_ADC_Init
 *fill*         0x0000000008001cf2        0x2 
 .text.HAL_ADC_Start
                0x0000000008001cf4      0x14c Drivers/STM32F4xx_HAL_Driver/Src/stm32f4xx_hal_adc.o
                0x0000000008001cf4                HAL_ADC_Start
 .text.HAL_ADC_PollForConversion
                0x0000000008001e40      0x108 Drivers/STM32F4xx_HAL_Driver/Src/stm32f4xx_hal_adc.o
                0x0000000008001e40                HAL_ADC_PollForConversion
 .text.HAL_ADC_GetValue
                0x0000000008001f48       0x1a Drivers/STM32F4xx_HAL_Driver/Src/stm32f4xx_hal_adc.o
                0x0000000008001f48                HAL_ADC_GetValue
 *fill*         0x0000000008001f62        0x2 
 .text.HAL_ADC_ConfigChannel
                0x0000000008001f64      0x244 Drivers/STM32F4xx_HAL_Driver/Src/stm32f4xx_hal_adc.o
                0x0000000008001f64                HAL_ADC_ConfigChannel
 .text.ADC_Init
                0x00000000080021a8      0x1f8 Drivers/STM32F4xx_HAL_Driver/Src/stm32f4xx_hal_adc.o
 .text.__NVIC_SetPriorityGrouping
                0x00000000080023a0       0x48 Drivers/STM32F4xx_HAL_Driver/Src/stm32f4xx_hal_cortex.o
 .text.__NVIC_GetPriorityGrouping
                0x00000000080023e8       0x1c Drivers/STM32F4xx_HAL_Driver/Src/stm32f4xx_hal_cortex.o
 .text.__NVIC_EnableIRQ
                0x0000000008002404       0x3c Drivers/STM32F4xx_HAL_Driver/Src/stm32f4xx_hal_cortex.o
 .text.__NVIC_SetPriority
                0x0000000008002440       0x54 Drivers/STM32F4xx_HAL_Driver/Src/stm32f4xx_hal_cortex.o
 .text.NVIC_EncodePriority
                0x0000000008002494       0x66 Drivers/STM32F4xx_HAL_Driver/Src/stm32f4xx_hal_cortex.o
 *fill*         0x00000000080024fa        0x2 
 .text.SysTick_Config
                0x00000000080024fc       0x44 Drivers/STM32F4xx_HAL_Driver/Src/stm32f4xx_hal_cortex.o
 .text.HAL_NVIC_SetPriorityGrouping
                0x0000000008002540       0x16 Drivers/STM32F4xx_HAL_Driver/Src/stm32f4xx_hal_cortex.o
                0x0000000008002540                HAL_NVIC_SetPriorityGrouping
 .text.HAL_NVIC_SetPriority
                0x0000000008002556       0x38 Drivers/STM32F4xx_HAL_Driver/Src/stm32f4xx_hal_cortex.o
                0x0000000008002556                HAL_NVIC_SetPriority
 .text.HAL_NVIC_EnableIRQ
                0x000000000800258e       0x1c Drivers/STM32F4xx_HAL_Driver/Src/stm32f4xx_hal_cortex.o
                0x000000000800258e                HAL_NVIC_EnableIRQ
 .text.HAL_SYSTICK_Config
                0x00000000080025aa       0x18 Drivers/STM32F4xx_HAL_Driver/Src/stm32f4xx_hal_cortex.o
                0x00000000080025aa                HAL_SYSTICK_Config
 *fill*         0x00000000080025c2        0x2 
 .text.HAL_GPIO_Init
                0x00000000080025c4      0x304 Drivers/STM32F4xx_HAL_Driver/Src/stm32f4xx_hal_gpio.o
                0x00000000080025c4                HAL_GPIO_Init
 .text.HAL_GPIO_WritePin
                0x00000000080028c8       0x32 Drivers/STM32F4xx_HAL_Driver/Src/stm32f4xx_hal_gpio.o
                0x00000000080028c8                HAL_GPIO_WritePin
 *fill*         0x00000000080028fa        0x2 
 .text.HAL_RCC_OscConfig
                0x00000000080028fc      0x4e0 Drivers/STM32F4xx_HAL_Driver/Src/stm32f4xx_hal_rcc.o
                0x00000000080028fc                HAL_RCC_OscConfig
 .text.HAL_RCC_ClockConfig
                0x0000000008002ddc      0x1cc Drivers/STM32F4xx_HAL_Driver/Src/stm32f4xx_hal_rcc.o
                0x0000000008002ddc                HAL_RCC_ClockConfig
 .text.HAL_RCC_GetSysClockFreq
                0x0000000008002fa8      0x1b0 Drivers/STM32F4xx_HAL_Driver/Src/stm32f4xx_hal_rcc.o
                0x0000000008002fa8                HAL_RCC_GetSysClockFreq
 .text.HAL_RCCEx_PeriphCLKConfig
                0x0000000008003158      0x1dc Drivers/STM32F4xx_HAL_Driver/Src/stm32f4xx_hal_rcc_ex.o
                0x0000000008003158                HAL_RCCEx_PeriphCLKConfig
 .text.HAL_RTC_Init
                0x0000000008003334      0x122 Drivers/STM32F4xx_HAL_Driver/Src/stm32f4xx_hal_rtc.o
                0x0000000008003334                HAL_RTC_Init
 .text.HAL_RTC_SetTime
                0x0000000008003456      0x17a Drivers/STM32F4xx_HAL_Driver/Src/stm32f4xx_hal_rtc.o
                0x0000000008003456                HAL_RTC_SetTime
 .text.HAL_RTC_GetTime
                0x00000000080035d0       0xbc Drivers/STM32F4xx_HAL_Driver/Src/stm32f4xx_hal_rtc.o
                0x00000000080035d0                HAL_RTC_GetTime
 .text.HAL_RTC_SetDate
                0x000000000800368c      0x14e Drivers/STM32F4xx_HAL_Driver/Src/stm32f4xx_hal_rtc.o
                0x000000000800368c                HAL_RTC_SetDate
 .text.HAL_RTC_GetDate
                0x00000000080037da       0x9e Drivers/STM32F4xx_HAL_Driver/Src/stm32f4xx_hal_rtc.o
                0x00000000080037da                HAL_RTC_GetDate
 .text.HAL_RTC_WaitForSynchro
                0x0000000008003878       0x50 Drivers/STM32F4xx_HAL_Driver/Src/stm32f4xx_hal_rtc.o
                0x0000000008003878                HAL_RTC_WaitForSynchro
 .text.RTC_EnterInitMode
                0x00000000080038c8       0x58 Drivers/STM32F4xx_HAL_Driver/Src/stm32f4xx_hal_rtc.o
                0x00000000080038c8                RTC_EnterInitMode
 .text.RTC_ByteToBcd2
                0x0000000008003920       0x3c Drivers/STM32F4xx_HAL_Driver/Src/stm32f4xx_hal_rtc.o
                0x0000000008003920                RTC_ByteToBcd2
 .text.RTC_Bcd2ToByte
                0x000000000800395c       0x3c Drivers/STM32F4xx_HAL_Driver/Src/stm32f4xx_hal_rtc.o
                0x000000000800395c                RTC_Bcd2ToByte
 .text.HAL_SPI_Init
                0x0000000008003998       0xc8 Drivers/STM32F4xx_HAL_Driver/Src/stm32f4xx_hal_spi.o
                0x0000000008003998                HAL_SPI_Init
 .text.HAL_SPI_Transmit
                0x0000000008003a60      0x268 Drivers/STM32F4xx_HAL_Driver/Src/stm32f4xx_hal_spi.o
                0x0000000008003a60                HAL_SPI_Transmit
 .text.HAL_SPI_TransmitReceive
                0x0000000008003cc8      0x344 Drivers/STM32F4xx_HAL_Driver/Src/stm32f4xx_hal_spi.o
                0x0000000008003cc8                HAL_SPI_TransmitReceive
 .text.HAL_SPI_GetState
                0x000000000800400c       0x1c Drivers/STM32F4xx_HAL_Driver/Src/stm32f4xx_hal_spi.o
                0x000000000800400c                HAL_SPI_GetState
 .text.SPI_WaitFlagStateUntilTimeout
                0x0000000008004028       0xd4 Drivers/STM32F4xx_HAL_Driver/Src/stm32f4xx_hal_spi.o
 .text.SPI_EndRxTxTransaction
                0x00000000080040fc       0x84 Drivers/STM32F4xx_HAL_Driver/Src/stm32f4xx_hal_spi.o
 .text.HAL_TIM_Base_Init
                0x0000000008004180       0x56 Drivers/STM32F4xx_HAL_Driver/Src/stm32f4xx_hal_tim.o
                0x0000000008004180                HAL_TIM_Base_Init
 .text.HAL_TIM_Base_Start_IT
                0x00000000080041d6       0x48 Drivers/STM32F4xx_HAL_Driver/Src/stm32f4xx_hal_tim.o
                0x00000000080041d6                HAL_TIM_Base_Start_IT
 .text.HAL_TIM_IRQHandler
                0x000000000800421e      0x210 Drivers/STM32F4xx_HAL_Driver/Src/stm32f4xx_hal_tim.o
                0x000000000800421e                HAL_TIM_IRQHandler
 .text.HAL_TIM_ConfigClockSource
                0x000000000800442e      0x16e Drivers/STM32F4xx_HAL_Driver/Src/stm32f4xx_hal_tim.o
                0x000000000800442e                HAL_TIM_ConfigClockSource
 .text.HAL_TIM_PeriodElapsedCallback
                0x000000000800459c       0x14 Drivers/STM32F4xx_HAL_Driver/Src/stm32f4xx_hal_tim.o
                0x000000000800459c                HAL_TIM_PeriodElapsedCallback
 .text.HAL_TIM_OC_DelayElapsedCallback
                0x00000000080045b0       0x14 Drivers/STM32F4xx_HAL_Driver/Src/stm32f4xx_hal_tim.o
                0x00000000080045b0                HAL_TIM_OC_DelayElapsedCallback
 .text.HAL_TIM_IC_CaptureCallback
                0x00000000080045c4       0x14 Drivers/STM32F4xx_HAL_Driver/Src/stm32f4xx_hal_tim.o
                0x00000000080045c4                HAL_TIM_IC_CaptureCallback
 .text.HAL_TIM_PWM_PulseFinishedCallback
                0x00000000080045d8       0x14 Drivers/STM32F4xx_HAL_Driver/Src/stm32f4xx_hal_tim.o
                0x00000000080045d8                HAL_TIM_PWM_PulseFinishedCallback
 .text.HAL_TIM_TriggerCallback
                0x00000000080045ec       0x14 Drivers/STM32F4xx_HAL_Driver/Src/stm32f4xx_hal_tim.o
                0x00000000080045ec                HAL_TIM_TriggerCallback
 .text.TIM_Base_SetConfig
                0x0000000008004600      0x100 Drivers/STM32F4xx_HAL_Driver/Src/stm32f4xx_hal_tim.o
                0x0000000008004600                TIM_Base_SetConfig
 .text.TIM_TI1_ConfigInputStage
                0x0000000008004700       0x5e Drivers/STM32F4xx_HAL_Driver/Src/stm32f4xx_hal_tim.o
 .text.TIM_TI2_ConfigInputStage
                0x000000000800475e       0x60 Drivers/STM32F4xx_HAL_Driver/Src/stm32f4xx_hal_tim.o
 .text.TIM_ITRx_SetConfig
                0x00000000080047be       0x36 Drivers/STM32F4xx_HAL_Driver/Src/stm32f4xx_hal_tim.o
 .text.TIM_ETR_SetConfig
                0x00000000080047f4       0x40 Drivers/STM32F4xx_HAL_Driver/Src/stm32f4xx_hal_tim.o
                0x00000000080047f4                TIM_ETR_SetConfig
 .text.HAL_TIMEx_MasterConfigSynchronization
                0x0000000008004834       0xdc Drivers/STM32F4xx_HAL_Driver/Src/stm32f4xx_hal_tim_ex.o
                0x0000000008004834                HAL_TIMEx_MasterConfigSynchronization
 .text.HAL_TIMEx_CommutCallback
                0x0000000008004910       0x14 Drivers/STM32F4xx_HAL_Driver/Src/stm32f4xx_hal_tim_ex.o
                0x0000000008004910                HAL_TIMEx_CommutCallback
 .text.HAL_TIMEx_BreakCallback
                0x0000000008004924       0x14 Drivers/STM32F4xx_HAL_Driver/Src/stm32f4xx_hal_tim_ex.o
                0x0000000008004924                HAL_TIMEx_BreakCallback
 .text.MX_FATFS_Init
                0x0000000008004938       0x24 FATFS/App/fatfs.o
                0x0000000008004938                MX_FATFS_Init
 .text.get_fattime
                0x000000000800495c       0x10 FATFS/App/fatfs.o
                0x000000000800495c                get_fattime
 .text.USER_initialize
                0x000000000800496c       0x1c FATFS/Target/user_diskio.o
                0x000000000800496c                USER_initialize
 .text.USER_status
                0x0000000008004988       0x1c FATFS/Target/user_diskio.o
                0x0000000008004988                USER_status
 .text.USER_read
                0x00000000080049a4       0x26 FATFS/Target/user_diskio.o
                0x00000000080049a4                USER_read
 .text.USER_write
                0x00000000080049ca       0x26 FATFS/Target/user_diskio.o
                0x00000000080049ca                USER_write
 .text.USER_ioctl
                0x00000000080049f0       0x26 FATFS/Target/user_diskio.o
                0x00000000080049f0                USER_ioctl
 *fill*         0x0000000008004a16        0x2 
 .text.disk_status
                0x0000000008004a18       0x34 Middlewares/Third_Party/FatFs/src/diskio.o
                0x0000000008004a18                disk_status
 .text.disk_initialize
                0x0000000008004a4c       0x4c Middlewares/Third_Party/FatFs/src/diskio.o
                0x0000000008004a4c                disk_initialize
 .text.disk_read
                0x0000000008004a98       0x40 Middlewares/Third_Party/FatFs/src/diskio.o
                0x0000000008004a98                disk_read
 .text.disk_write
                0x0000000008004ad8       0x40 Middlewares/Third_Party/FatFs/src/diskio.o
                0x0000000008004ad8                disk_write
 .text.disk_ioctl
                0x0000000008004b18       0x3c Middlewares/Third_Party/FatFs/src/diskio.o
                0x0000000008004b18                disk_ioctl
 .text.ld_word  0x0000000008004b54       0x30 Middlewares/Third_Party/FatFs/src/ff.o
 .text.ld_dword
                0x0000000008004b84       0x46 Middlewares/Third_Party/FatFs/src/ff.o
 .text.st_word  0x0000000008004bca       0x36 Middlewares/Third_Party/FatFs/src/ff.o
 .text.st_dword
                0x0000000008004c00       0x58 Middlewares/Third_Party/FatFs/src/ff.o
 .text.mem_cpy  0x0000000008004c58       0x42 Middlewares/Third_Party/FatFs/src/ff.o
 .text.mem_set  0x0000000008004c9a       0x34 Middlewares/Third_Party/FatFs/src/ff.o
 .text.mem_cmp  0x0000000008004cce       0x4e Middlewares/Third_Party/FatFs/src/ff.o
 .text.chk_chr  0x0000000008004d1c       0x36 Middlewares/Third_Party/FatFs/src/ff.o
 *fill*         0x0000000008004d52        0x2 
 .text.chk_lock
                0x0000000008004d54       0xb8 Middlewares/Third_Party/FatFs/src/ff.o
 .text.enq_lock
                0x0000000008004e0c       0x44 Middlewares/Third_Party/FatFs/src/ff.o
 .text.inc_lock
                0x0000000008004e50      0x11c Middlewares/Third_Party/FatFs/src/ff.o
 .text.dec_lock
                0x0000000008004f6c       0x78 Middlewares/Third_Party/FatFs/src/ff.o
 .text.clear_lock
                0x0000000008004fe4       0x48 Middlewares/Third_Party/FatFs/src/ff.o
 .text.sync_window
                0x000000000800502c       0x88 Middlewares/Third_Party/FatFs/src/ff.o
 .text.move_window
                0x00000000080050b4       0x5a Middlewares/Third_Party/FatFs/src/ff.o
 *fill*         0x000000000800510e        0x2 
 .text.sync_fs  0x0000000008005110       0xe0 Middlewares/Third_Party/FatFs/src/ff.o
 .text.clust2sect
                0x00000000080051f0       0x3e Middlewares/Third_Party/FatFs/src/ff.o
 .text.get_fat  0x000000000800522e      0x1a0 Middlewares/Third_Party/FatFs/src/ff.o
 .text.put_fat  0x00000000080053ce      0x22e Middlewares/Third_Party/FatFs/src/ff.o
 .text.remove_chain
                0x00000000080055fc       0xca Middlewares/Third_Party/FatFs/src/ff.o
 .text.create_chain
                0x00000000080056c6      0x130 Middlewares/Third_Party/FatFs/src/ff.o
 .text.clmt_clust
                0x00000000080057f6       0x70 Middlewares/Third_Party/FatFs/src/ff.o
 .text.dir_sdi  0x0000000008005866      0x112 Middlewares/Third_Party/FatFs/src/ff.o
 .text.dir_next
                0x0000000008005978      0x1ac Middlewares/Third_Party/FatFs/src/ff.o
 .text.dir_alloc
                0x0000000008005b24       0x8e Middlewares/Third_Party/FatFs/src/ff.o
 .text.ld_clust
                0x0000000008005bb2       0x3e Middlewares/Third_Party/FatFs/src/ff.o
 .text.st_clust
                0x0000000008005bf0       0x40 Middlewares/Third_Party/FatFs/src/ff.o
 .text.cmp_lfn  0x0000000008005c30       0xe0 Middlewares/Third_Party/FatFs/src/ff.o
 .text.put_lfn  0x0000000008005d10       0xd0 Middlewares/Third_Party/FatFs/src/ff.o
 .text.gen_numname
                0x0000000008005de0      0x11e Middlewares/Third_Party/FatFs/src/ff.o
 .text.sum_sfn  0x0000000008005efe       0x42 Middlewares/Third_Party/FatFs/src/ff.o
 .text.dir_find
                0x0000000008005f40      0x180 Middlewares/Third_Party/FatFs/src/ff.o
 .text.dir_register
                0x00000000080060c0      0x1f0 Middlewares/Third_Party/FatFs/src/ff.o
 .text.create_name
                0x00000000080062b0      0x370 Middlewares/Third_Party/FatFs/src/ff.o
 .text.follow_path
                0x0000000008006620       0xec Middlewares/Third_Party/FatFs/src/ff.o
 .text.get_ldnumber
                0x000000000800670c       0x88 Middlewares/Third_Party/FatFs/src/ff.o
 .text.check_fs
                0x0000000008006794       0xac Middlewares/Third_Party/FatFs/src/ff.o
 .text.find_volume
                0x0000000008006840      0x510 Middlewares/Third_Party/FatFs/src/ff.o
 .text.validate
                0x0000000008006d50       0x6a Middlewares/Third_Party/FatFs/src/ff.o
 *fill*         0x0000000008006dba        0x2 
 .text.f_mount  0x0000000008006dbc       0x8c Middlewares/Third_Party/FatFs/src/ff.o
                0x0000000008006dbc                f_mount
 .text.f_open   0x0000000008006e48      0x398 Middlewares/Third_Party/FatFs/src/ff.o
                0x0000000008006e48                f_open
 .text.f_write  0x00000000080071e0      0x328 Middlewares/Third_Party/FatFs/src/ff.o
                0x00000000080071e0                f_write
 .text.f_sync   0x0000000008007508       0xfc Middlewares/Third_Party/FatFs/src/ff.o
                0x0000000008007508                f_sync
 .text.f_close  0x0000000008007604       0x54 Middlewares/Third_Party/FatFs/src/ff.o
                0x0000000008007604                f_close
 .text.FATFS_LinkDriverEx
                0x0000000008007658       0x98 Middlewares/Third_Party/FatFs/src/ff_gen_drv.o
                0x0000000008007658                FATFS_LinkDriverEx
 .text.FATFS_LinkDriver
                0x00000000080076f0       0x1e Middlewares/Third_Party/FatFs/src/ff_gen_drv.o
                0x00000000080076f0                FATFS_LinkDriver
 *fill*         0x000000000800770e        0x2 
 .text.ff_convert
                0x0000000008007710       0x78 Middlewares/Third_Party/FatFs/src/option/ccsbcs.o
                0x0000000008007710                ff_convert
 .text.ff_wtoupper
                0x0000000008007788      0x114 Middlewares/Third_Party/FatFs/src/option/ccsbcs.o
                0x0000000008007788                ff_wtoupper
 .text.__errno  0x000000000800789c        0xc d:/stuff/stm32cubeide_1.4.0/stm32cubeide/plugins/com.st.stm32cube.ide.mcu.externaltools.gnu-tools-for-stm32.7-2018-q2-update.win32_1.4.0.202007081208/tools/bin/../lib/gcc/arm-none-eabi/7.3.1/../../../../arm-none-eabi/lib/thumb/v7e-m/fpv4-sp/hard\libc_nano.a(lib_a-errno.o)
                0x000000000800789c                __errno
 .text.__libc_init_array
                0x00000000080078a8       0x48 d:/stuff/stm32cubeide_1.4.0/stm32cubeide/plugins/com.st.stm32cube.ide.mcu.externaltools.gnu-tools-for-stm32.7-2018-q2-update.win32_1.4.0.202007081208/tools/bin/../lib/gcc/arm-none-eabi/7.3.1/../../../../arm-none-eabi/lib/thumb/v7e-m/fpv4-sp/hard\libc_nano.a(lib_a-init.o)
                0x00000000080078a8                __libc_init_array
 .text.memset   0x00000000080078f0       0x10 d:/stuff/stm32cubeide_1.4.0/stm32cubeide/plugins/com.st.stm32cube.ide.mcu.externaltools.gnu-tools-for-stm32.7-2018-q2-update.win32_1.4.0.202007081208/tools/bin/../lib/gcc/arm-none-eabi/7.3.1/../../../../arm-none-eabi/lib/thumb/v7e-m/fpv4-sp/hard\libc_nano.a(lib_a-memset.o)
                0x00000000080078f0                memset
 .text.snprintf
                0x0000000008007900       0x68 d:/stuff/stm32cubeide_1.4.0/stm32cubeide/plugins/com.st.stm32cube.ide.mcu.externaltools.gnu-tools-for-stm32.7-2018-q2-update.win32_1.4.0.202007081208/tools/bin/../lib/gcc/arm-none-eabi/7.3.1/../../../../arm-none-eabi/lib/thumb/v7e-m/fpv4-sp/hard\libc_nano.a(lib_a-snprintf.o)
                0x0000000008007900                sniprintf
                0x0000000008007900                snprintf
 .text.strcat   0x0000000008007968       0x1e d:/stuff/stm32cubeide_1.4.0/stm32cubeide/plugins/com.st.stm32cube.ide.mcu.externaltools.gnu-tools-for-stm32.7-2018-q2-update.win32_1.4.0.202007081208/tools/bin/../lib/gcc/arm-none-eabi/7.3.1/../../../../arm-none-eabi/lib/thumb/v7e-m/fpv4-sp/hard\libc_nano.a(lib_a-strcat.o)
                0x0000000008007968                strcat
 .text.strcpy   0x0000000008007986       0x10 d:/stuff/stm32cubeide_1.4.0/stm32cubeide/plugins/com.st.stm32cube.ide.mcu.externaltools.gnu-tools-for-stm32.7-2018-q2-update.win32_1.4.0.202007081208/tools/bin/../lib/gcc/arm-none-eabi/7.3.1/../../../../arm-none-eabi/lib/thumb/v7e-m/fpv4-sp/hard\libc_nano.a(lib_a-strcpy.o)
                0x0000000008007986                strcpy
 .text.__ssputs_r
                0x0000000008007996       0xb4 d:/stuff/stm32cubeide_1.4.0/stm32cubeide/plugins/com.st.stm32cube.ide.mcu.externaltools.gnu-tools-for-stm32.7-2018-q2-update.win32_1.4.0.202007081208/tools/bin/../lib/gcc/arm-none-eabi/7.3.1/../../../../arm-none-eabi/lib/thumb/v7e-m/fpv4-sp/hard\libc_nano.a(lib_a-nano-svfprintf.o)
                0x0000000008007996                __ssputs_r
 *fill*         0x0000000008007a4a        0x2 
 .text._svfprintf_r
                0x0000000008007a4c      0x1f0 d:/stuff/stm32cubeide_1.4.0/stm32cubeide/plugins/com.st.stm32cube.ide.mcu.externaltools.gnu-tools-for-stm32.7-2018-q2-update.win32_1.4.0.202007081208/tools/bin/../lib/gcc/arm-none-eabi/7.3.1/../../../../arm-none-eabi/lib/thumb/v7e-m/fpv4-sp/hard\libc_nano.a(lib_a-nano-svfprintf.o)
                0x0000000008007a4c                _svfiprintf_r
                0x0000000008007a4c                _svfprintf_r
 .text._printf_common
                0x0000000008007c3c       0xea d:/stuff/stm32cubeide_1.4.0/stm32cubeide/plugins/com.st.stm32cube.ide.mcu.externaltools.gnu-tools-for-stm32.7-2018-q2-update.win32_1.4.0.202007081208/tools/bin/../lib/gcc/arm-none-eabi/7.3.1/../../../../arm-none-eabi/lib/thumb/v7e-m/fpv4-sp/hard\libc_nano.a(lib_a-nano-vfprintf_i.o)
                0x0000000008007c3c                _printf_common
 *fill*         0x0000000008007d26        0x2 
 .text._printf_i
                0x0000000008007d28      0x224 d:/stuff/stm32cubeide_1.4.0/stm32cubeide/plugins/com.st.stm32cube.ide.mcu.externaltools.gnu-tools-for-stm32.7-2018-q2-update.win32_1.4.0.202007081208/tools/bin/../lib/gcc/arm-none-eabi/7.3.1/../../../../arm-none-eabi/lib/thumb/v7e-m/fpv4-sp/hard\libc_nano.a(lib_a-nano-vfprintf_i.o)
                0x0000000008007d28                _printf_i
 .text.memcpy   0x0000000008007f4c       0x16 d:/stuff/stm32cubeide_1.4.0/stm32cubeide/plugins/com.st.stm32cube.ide.mcu.externaltools.gnu-tools-for-stm32.7-2018-q2-update.win32_1.4.0.202007081208/tools/bin/../lib/gcc/arm-none-eabi/7.3.1/../../../../arm-none-eabi/lib/thumb/v7e-m/fpv4-sp/hard\libc_nano.a(lib_a-memcpy-stub.o)
                0x0000000008007f4c                memcpy
 .text.memmove  0x0000000008007f62       0x32 d:/stuff/stm32cubeide_1.4.0/stm32cubeide/plugins/com.st.stm32cube.ide.mcu.externaltools.gnu-tools-for-stm32.7-2018-q2-update.win32_1.4.0.202007081208/tools/bin/../lib/gcc/arm-none-eabi/7.3.1/../../../../arm-none-eabi/lib/thumb/v7e-m/fpv4-sp/hard\libc_nano.a(lib_a-memmove.o)
                0x0000000008007f62                memmove
 .text._free_r  0x0000000008007f94       0x9c d:/stuff/stm32cubeide_1.4.0/stm32cubeide/plugins/com.st.stm32cube.ide.mcu.externaltools.gnu-tools-for-stm32.7-2018-q2-update.win32_1.4.0.202007081208/tools/bin/../lib/gcc/arm-none-eabi/7.3.1/../../../../arm-none-eabi/lib/thumb/v7e-m/fpv4-sp/hard\libc_nano.a(lib_a-nano-freer.o)
                0x0000000008007f94                _free_r
 .text._malloc_r
                0x0000000008008030       0xb4 d:/stuff/stm32cubeide_1.4.0/stm32cubeide/plugins/com.st.stm32cube.ide.mcu.externaltools.gnu-tools-for-stm32.7-2018-q2-update.win32_1.4.0.202007081208/tools/bin/../lib/gcc/arm-none-eabi/7.3.1/../../../../arm-none-eabi/lib/thumb/v7e-m/fpv4-sp/hard\libc_nano.a(lib_a-nano-mallocr.o)
                0x0000000008008030                _malloc_r
 .text._realloc_r
                0x00000000080080e4       0x4c d:/stuff/stm32cubeide_1.4.0/stm32cubeide/plugins/com.st.stm32cube.ide.mcu.externaltools.gnu-tools-for-stm32.7-2018-q2-update.win32_1.4.0.202007081208/tools/bin/../lib/gcc/arm-none-eabi/7.3.1/../../../../arm-none-eabi/lib/thumb/v7e-m/fpv4-sp/hard\libc_nano.a(lib_a-nano-reallocr.o)
                0x00000000080080e4                _realloc_r
 .text._sbrk_r  0x0000000008008130       0x20 d:/stuff/stm32cubeide_1.4.0/stm32cubeide/plugins/com.st.stm32cube.ide.mcu.externaltools.gnu-tools-for-stm32.7-2018-q2-update.win32_1.4.0.202007081208/tools/bin/../lib/gcc/arm-none-eabi/7.3.1/../../../../arm-none-eabi/lib/thumb/v7e-m/fpv4-sp/hard\libc_nano.a(lib_a-sbrkr.o)
                0x0000000008008130                _sbrk_r
 .text.__malloc_lock
                0x0000000008008150        0x2 d:/stuff/stm32cubeide_1.4.0/stm32cubeide/plugins/com.st.stm32cube.ide.mcu.externaltools.gnu-tools-for-stm32.7-2018-q2-update.win32_1.4.0.202007081208/tools/bin/../lib/gcc/arm-none-eabi/7.3.1/../../../../arm-none-eabi/lib/thumb/v7e-m/fpv4-sp/hard\libc_nano.a(lib_a-mlock.o)
                0x0000000008008150                __malloc_lock
 .text.__malloc_unlock
                0x0000000008008152        0x2 d:/stuff/stm32cubeide_1.4.0/stm32cubeide/plugins/com.st.stm32cube.ide.mcu.externaltools.gnu-tools-for-stm32.7-2018-q2-update.win32_1.4.0.202007081208/tools/bin/../lib/gcc/arm-none-eabi/7.3.1/../../../../arm-none-eabi/lib/thumb/v7e-m/fpv4-sp/hard\libc_nano.a(lib_a-mlock.o)
                0x0000000008008152                __malloc_unlock
 .text._malloc_usable_size_r
                0x0000000008008154       0x10 d:/stuff/stm32cubeide_1.4.0/stm32cubeide/plugins/com.st.stm32cube.ide.mcu.externaltools.gnu-tools-for-stm32.7-2018-q2-update.win32_1.4.0.202007081208/tools/bin/../lib/gcc/arm-none-eabi/7.3.1/../../../../arm-none-eabi/lib/thumb/v7e-m/fpv4-sp/hard\libc_nano.a(lib_a-nano-msizer.o)
                0x0000000008008154                _malloc_usable_size_r
 *(.glue_7)
 .glue_7        0x0000000008008164        0x0 linker stubs
 *(.glue_7t)
 .glue_7t       0x0000000008008164        0x0 linker stubs
 *(.eh_frame)
 .eh_frame      0x0000000008008164        0x0 d:/stuff/stm32cubeide_1.4.0/stm32cubeide/plugins/com.st.stm32cube.ide.mcu.externaltools.gnu-tools-for-stm32.7-2018-q2-update.win32_1.4.0.202007081208/tools/bin/../lib/gcc/arm-none-eabi/7.3.1/thumb/v7e-m/fpv4-sp/hard/crtbegin.o
 *(.init)
 .init          0x0000000008008164        0x4 d:/stuff/stm32cubeide_1.4.0/stm32cubeide/plugins/com.st.stm32cube.ide.mcu.externaltools.gnu-tools-for-stm32.7-2018-q2-update.win32_1.4.0.202007081208/tools/bin/../lib/gcc/arm-none-eabi/7.3.1/thumb/v7e-m/fpv4-sp/hard/crti.o
                0x0000000008008164                _init
 .init          0x0000000008008168        0x8 d:/stuff/stm32cubeide_1.4.0/stm32cubeide/plugins/com.st.stm32cube.ide.mcu.externaltools.gnu-tools-for-stm32.7-2018-q2-update.win32_1.4.0.202007081208/tools/bin/../lib/gcc/arm-none-eabi/7.3.1/thumb/v7e-m/fpv4-sp/hard/crtn.o
 *(.fini)
 .fini          0x0000000008008170        0x4 d:/stuff/stm32cubeide_1.4.0/stm32cubeide/plugins/com.st.stm32cube.ide.mcu.externaltools.gnu-tools-for-stm32.7-2018-q2-update.win32_1.4.0.202007081208/tools/bin/../lib/gcc/arm-none-eabi/7.3.1/thumb/v7e-m/fpv4-sp/hard/crti.o
                0x0000000008008170                _fini
 .fini          0x0000000008008174        0x8 d:/stuff/stm32cubeide_1.4.0/stm32cubeide/plugins/com.st.stm32cube.ide.mcu.externaltools.gnu-tools-for-stm32.7-2018-q2-update.win32_1.4.0.202007081208/tools/bin/../lib/gcc/arm-none-eabi/7.3.1/thumb/v7e-m/fpv4-sp/hard/crtn.o
                0x000000000800817c                . = ALIGN (0x4)
                0x000000000800817c                _etext = .

.vfp11_veneer   0x000000000800817c        0x0
 .vfp11_veneer  0x000000000800817c        0x0 linker stubs

.v4_bx          0x000000000800817c        0x0
 .v4_bx         0x000000000800817c        0x0 linker stubs

.iplt           0x000000000800817c        0x0
 .iplt          0x000000000800817c        0x0 d:/stuff/stm32cubeide_1.4.0/stm32cubeide/plugins/com.st.stm32cube.ide.mcu.externaltools.gnu-tools-for-stm32.7-2018-q2-update.win32_1.4.0.202007081208/tools/bin/../lib/gcc/arm-none-eabi/7.3.1/thumb/v7e-m/fpv4-sp/hard/crtbegin.o

.rodata         0x000000000800817c      0x568
                0x000000000800817c                . = ALIGN (0x4)
 *(.rodata)
 .rodata        0x000000000800817c       0x99 Core/Src/main.o
 *fill*         0x0000000008008215        0x3 
 .rodata        0x0000000008008218       0x48 Middlewares/Third_Party/FatFs/src/ff.o
 *(.rodata*)
 .rodata.AHBPrescTable
                0x0000000008008260       0x10 Core/Src/system_stm32f4xx.o
                0x0000000008008260                AHBPrescTable
 .rodata.ExCvt  0x0000000008008270       0x80 Middlewares/Third_Party/FatFs/src/ff.o
 .rodata.LfnOfs
                0x00000000080082f0        0xd Middlewares/Third_Party/FatFs/src/ff.o
 *fill*         0x00000000080082fd        0x3 
 .rodata.Tbl    0x0000000008008300      0x100 Middlewares/Third_Party/FatFs/src/option/ccsbcs.o
 .rodata.cvt1.9003
                0x0000000008008400      0x1f2 Middlewares/Third_Party/FatFs/src/option/ccsbcs.o
 *fill*         0x00000000080085f2        0x2 
 .rodata.cvt2.9004
                0x00000000080085f4       0xbc Middlewares/Third_Party/FatFs/src/option/ccsbcs.o
 .rodata._svfprintf_r.str1.1
                0x00000000080086b0       0x11 d:/stuff/stm32cubeide_1.4.0/stm32cubeide/plugins/com.st.stm32cube.ide.mcu.externaltools.gnu-tools-for-stm32.7-2018-q2-update.win32_1.4.0.202007081208/tools/bin/../lib/gcc/arm-none-eabi/7.3.1/../../../../arm-none-eabi/lib/thumb/v7e-m/fpv4-sp/hard\libc_nano.a(lib_a-nano-svfprintf.o)
 .rodata._printf_i.str1.1
                0x00000000080086c1       0x22 d:/stuff/stm32cubeide_1.4.0/stm32cubeide/plugins/com.st.stm32cube.ide.mcu.externaltools.gnu-tools-for-stm32.7-2018-q2-update.win32_1.4.0.202007081208/tools/bin/../lib/gcc/arm-none-eabi/7.3.1/../../../../arm-none-eabi/lib/thumb/v7e-m/fpv4-sp/hard\libc_nano.a(lib_a-nano-vfprintf_i.o)
                0x00000000080086e4                . = ALIGN (0x4)
 *fill*         0x00000000080086e3        0x1 

.ARM.extab      0x00000000080086e4        0x0
                0x00000000080086e4                . = ALIGN (0x4)
 *(.ARM.extab* .gnu.linkonce.armextab.*)
                0x00000000080086e4                . = ALIGN (0x4)

.ARM            0x00000000080086e4        0x8
                0x00000000080086e4                . = ALIGN (0x4)
                0x00000000080086e4                __exidx_start = .
 *(.ARM.exidx*)
 .ARM.exidx     0x00000000080086e4        0x8 d:/stuff/stm32cubeide_1.4.0/stm32cubeide/plugins/com.st.stm32cube.ide.mcu.externaltools.gnu-tools-for-stm32.7-2018-q2-update.win32_1.4.0.202007081208/tools/bin/../lib/gcc/arm-none-eabi/7.3.1/thumb/v7e-m/fpv4-sp/hard\libgcc.a(_udivmoddi4.o)
                0x00000000080086ec                __exidx_end = .
                0x00000000080086ec                . = ALIGN (0x4)

.rel.dyn        0x00000000080086ec        0x0
 .rel.iplt      0x00000000080086ec        0x0 d:/stuff/stm32cubeide_1.4.0/stm32cubeide/plugins/com.st.stm32cube.ide.mcu.externaltools.gnu-tools-for-stm32.7-2018-q2-update.win32_1.4.0.202007081208/tools/bin/../lib/gcc/arm-none-eabi/7.3.1/thumb/v7e-m/fpv4-sp/hard/crtbegin.o

.preinit_array  0x00000000080086ec        0x0
                0x00000000080086ec                . = ALIGN (0x4)
                0x00000000080086ec                PROVIDE (__preinit_array_start = .)
 *(.preinit_array*)
                0x00000000080086ec                PROVIDE (__preinit_array_end = .)
                0x00000000080086ec                . = ALIGN (0x4)

.init_array     0x00000000080086ec        0x4
                0x00000000080086ec                . = ALIGN (0x4)
                0x00000000080086ec                PROVIDE (__init_array_start = .)
 *(SORT_BY_NAME(.init_array.*))
 *(.init_array*)
 .init_array    0x00000000080086ec        0x4 d:/stuff/stm32cubeide_1.4.0/stm32cubeide/plugins/com.st.stm32cube.ide.mcu.externaltools.gnu-tools-for-stm32.7-2018-q2-update.win32_1.4.0.202007081208/tools/bin/../lib/gcc/arm-none-eabi/7.3.1/thumb/v7e-m/fpv4-sp/hard/crtbegin.o
                0x00000000080086f0                PROVIDE (__init_array_end = .)
                0x00000000080086f0                . = ALIGN (0x4)

.fini_array     0x00000000080086f0        0x4
                0x00000000080086f0                . = ALIGN (0x4)
                [!provide]                        PROVIDE (__fini_array_start = .)
 *(SORT_BY_NAME(.fini_array.*))
 *(.fini_array*)
 .fini_array    0x00000000080086f0        0x4 d:/stuff/stm32cubeide_1.4.0/stm32cubeide/plugins/com.st.stm32cube.ide.mcu.externaltools.gnu-tools-for-stm32.7-2018-q2-update.win32_1.4.0.202007081208/tools/bin/../lib/gcc/arm-none-eabi/7.3.1/thumb/v7e-m/fpv4-sp/hard/crtbegin.o
                [!provide]                        PROVIDE (__fini_array_end = .)
                0x00000000080086f4                . = ALIGN (0x4)
                0x00000000080086f4                _sidata = LOADADDR (.data)

.data           0x0000000020000000       0x88 load address 0x00000000080086f4
                0x0000000020000000                . = ALIGN (0x4)
                0x0000000020000000                _sdata = .
 *(.data)
 *(.data*)
 .data.Stat     0x0000000020000000        0x1 Core/Src/fatfs_sd.o
 *fill*         0x0000000020000001        0x3 
 .data.SystemCoreClock
                0x0000000020000004        0x4 Core/Src/system_stm32f4xx.o
                0x0000000020000004                SystemCoreClock
 .data.uwTickPrio
                0x0000000020000008        0x4 Drivers/STM32F4xx_HAL_Driver/Src/stm32f4xx_hal.o
                0x0000000020000008                uwTickPrio
 .data.uwTickFreq
                0x000000002000000c        0x1 Drivers/STM32F4xx_HAL_Driver/Src/stm32f4xx_hal.o
                0x000000002000000c                uwTickFreq
 *fill*         0x000000002000000d        0x3 
 .data.USER_Driver
                0x0000000020000010       0x14 FATFS/Target/user_diskio.o
                0x0000000020000010                USER_Driver
 .data._impure_ptr
                0x0000000020000024        0x4 d:/stuff/stm32cubeide_1.4.0/stm32cubeide/plugins/com.st.stm32cube.ide.mcu.externaltools.gnu-tools-for-stm32.7-2018-q2-update.win32_1.4.0.202007081208/tools/bin/../lib/gcc/arm-none-eabi/7.3.1/../../../../arm-none-eabi/lib/thumb/v7e-m/fpv4-sp/hard\libc_nano.a(lib_a-impure.o)
                0x0000000020000024                _impure_ptr
 .data.impure_data
                0x0000000020000028       0x60 d:/stuff/stm32cubeide_1.4.0/stm32cubeide/plugins/com.st.stm32cube.ide.mcu.externaltools.gnu-tools-for-stm32.7-2018-q2-update.win32_1.4.0.202007081208/tools/bin/../lib/gcc/arm-none-eabi/7.3.1/../../../../arm-none-eabi/lib/thumb/v7e-m/fpv4-sp/hard\libc_nano.a(lib_a-impure.o)
                0x0000000020000088                . = ALIGN (0x4)
                0x0000000020000088                _edata = .

.igot.plt       0x0000000020000088        0x0 load address 0x000000000800877c
 .igot.plt      0x0000000020000088        0x0 d:/stuff/stm32cubeide_1.4.0/stm32cubeide/plugins/com.st.stm32cube.ide.mcu.externaltools.gnu-tools-for-stm32.7-2018-q2-update.win32_1.4.0.202007081208/tools/bin/../lib/gcc/arm-none-eabi/7.3.1/thumb/v7e-m/fpv4-sp/hard/crtbegin.o
                0x0000000020000088                . = ALIGN (0x4)

.bss            0x0000000020000088     0x27f4 load address 0x000000000800877c
                0x0000000020000088                _sbss = .
                0x0000000020000088                __bss_start__ = _sbss
 *(.bss)
 .bss           0x0000000020000088       0x1c d:/stuff/stm32cubeide_1.4.0/stm32cubeide/plugins/com.st.stm32cube.ide.mcu.externaltools.gnu-tools-for-stm32.7-2018-q2-update.win32_1.4.0.202007081208/tools/bin/../lib/gcc/arm-none-eabi/7.3.1/thumb/v7e-m/fpv4-sp/hard/crtbegin.o
 *(.bss*)
 .bss.CardType  0x00000000200000a4        0x1 Core/Src/fatfs_sd.o
 .bss.PowerFlag
                0x00000000200000a5        0x1 Core/Src/fatfs_sd.o
 *fill*         0x00000000200000a6        0x2 
 .bss.sTime     0x00000000200000a8       0x14 Core/Src/main.o
                0x00000000200000a8                sTime
 .bss.sDate     0x00000000200000bc        0x4 Core/Src/main.o
                0x00000000200000bc                sDate
 .bss.FatFsCnt  0x00000000200000c0        0x1 Core/Src/stm32f4xx_it.o
                0x00000000200000c0                FatFsCnt
 *fill*         0x00000000200000c1        0x3 
 .bss.__sbrk_heap_end
                0x00000000200000c4        0x4 Core/Src/sysmem.o
 .bss.FatFs     0x00000000200000c8        0x4 Middlewares/Third_Party/FatFs/src/ff.o
 .bss.Fsid      0x00000000200000cc        0x2 Middlewares/Third_Party/FatFs/src/ff.o
 *fill*         0x00000000200000ce        0x2 
 .bss.Files     0x00000000200000d0       0x20 Middlewares/Third_Party/FatFs/src/ff.o
 .bss.LfnBuf    0x00000000200000f0      0x200 Middlewares/Third_Party/FatFs/src/ff.o
 .bss.disk      0x00000000200002f0        0xc Middlewares/Third_Party/FatFs/src/ff_gen_drv.o
                0x00000000200002f0                disk
 .bss.__malloc_free_list
                0x00000000200002fc        0x4 d:/stuff/stm32cubeide_1.4.0/stm32cubeide/plugins/com.st.stm32cube.ide.mcu.externaltools.gnu-tools-for-stm32.7-2018-q2-update.win32_1.4.0.202007081208/tools/bin/../lib/gcc/arm-none-eabi/7.3.1/../../../../arm-none-eabi/lib/thumb/v7e-m/fpv4-sp/hard\libc_nano.a(lib_a-nano-mallocr.o)
                0x00000000200002fc                __malloc_free_list
 .bss.__malloc_sbrk_start
                0x0000000020000300        0x4 d:/stuff/stm32cubeide_1.4.0/stm32cubeide/plugins/com.st.stm32cube.ide.mcu.externaltools.gnu-tools-for-stm32.7-2018-q2-update.win32_1.4.0.202007081208/tools/bin/../lib/gcc/arm-none-eabi/7.3.1/../../../../arm-none-eabi/lib/thumb/v7e-m/fpv4-sp/hard\libc_nano.a(lib_a-nano-mallocr.o)
                0x0000000020000300                __malloc_sbrk_start
 *(COMMON)
 COMMON         0x0000000020000304      0x4fc Core/Src/main.o
                0x0000000020000304                Second
                0x0000000020000308                hspi2
                0x0000000020000360                Hour
                0x0000000020000361                Weekday
                0x0000000020000364                hadc1
                0x00000000200003ac                Minute
                0x00000000200003b0                hrtc
                0x00000000200003d0                Day
                0x00000000200003d4                htim1
                0x0000000020000414                Year
                0x0000000020000415                Month
                0x0000000020000418                ErrorMessage
 COMMON         0x0000000020000800        0x2 Core/Src/stm32f4xx_it.o
                0x0000000020000800                Timer2
                0x0000000020000801                Timer1
 *fill*         0x0000000020000802        0x2 
 COMMON         0x0000000020000804        0x4 Drivers/STM32F4xx_HAL_Driver/Src/stm32f4xx_hal.o
                0x0000000020000804                uwTick
 COMMON         0x0000000020000808     0x2070 FATFS/App/fatfs.o
                0x0000000020000808                USERPath
                0x000000002000080c                retUSER
                0x0000000020000810                USERFile
                0x0000000020001840                USERFatFS
 COMMON         0x0000000020002878        0x4 d:/stuff/stm32cubeide_1.4.0/stm32cubeide/plugins/com.st.stm32cube.ide.mcu.externaltools.gnu-tools-for-stm32.7-2018-q2-update.win32_1.4.0.202007081208/tools/bin/../lib/gcc/arm-none-eabi/7.3.1/../../../../arm-none-eabi/lib/thumb/v7e-m/fpv4-sp/hard\libc_nano.a(lib_a-reent.o)
                0x0000000020002878                errno
                0x000000002000287c                . = ALIGN (0x4)
                0x000000002000287c                _ebss = .
                0x000000002000287c                __bss_end__ = _ebss

._user_heap_stack
                0x000000002000287c      0x604 load address 0x000000000800877c
                0x0000000020002880                . = ALIGN (0x8)
 *fill*         0x000000002000287c        0x4 
                [!provide]                        PROVIDE (end = .)
                0x0000000020002880                PROVIDE (_end = .)
                0x0000000020002a80                . = (. + _Min_Heap_Size)
 *fill*         0x0000000020002880      0x200 
                0x0000000020002e80                . = (. + _Min_Stack_Size)
 *fill*         0x0000000020002a80      0x400 
                0x0000000020002e80                . = ALIGN (0x8)

/DISCARD/
 libc.a(*)
 libm.a(*)
 libgcc.a(*)

.ARM.attributes
                0x0000000000000000       0x30
 *(.ARM.attributes)
 .ARM.attributes
                0x0000000000000000       0x22 d:/stuff/stm32cubeide_1.4.0/stm32cubeide/plugins/com.st.stm32cube.ide.mcu.externaltools.gnu-tools-for-stm32.7-2018-q2-update.win32_1.4.0.202007081208/tools/bin/../lib/gcc/arm-none-eabi/7.3.1/thumb/v7e-m/fpv4-sp/hard/crti.o
 .ARM.attributes
                0x0000000000000022       0x34 d:/stuff/stm32cubeide_1.4.0/stm32cubeide/plugins/com.st.stm32cube.ide.mcu.externaltools.gnu-tools-for-stm32.7-2018-q2-update.win32_1.4.0.202007081208/tools/bin/../lib/gcc/arm-none-eabi/7.3.1/thumb/v7e-m/fpv4-sp/hard/crtbegin.o
 .ARM.attributes
                0x0000000000000056       0x39 Core/Src/fatfs_sd.o
 .ARM.attributes
                0x000000000000008f       0x39 Core/Src/main.o
 .ARM.attributes
                0x00000000000000c8       0x39 Core/Src/stm32f4xx_hal_msp.o
 .ARM.attributes
                0x0000000000000101       0x39 Core/Src/stm32f4xx_it.o
 .ARM.attributes
                0x000000000000013a       0x39 Core/Src/sysmem.o
 .ARM.attributes
                0x0000000000000173       0x39 Core/Src/system_stm32f4xx.o
 .ARM.attributes
                0x00000000000001ac       0x21 Core/Startup/startup_stm32f401retx.o
 .ARM.attributes
                0x00000000000001cd       0x39 Drivers/STM32F4xx_HAL_Driver/Src/stm32f4xx_hal.o
 .ARM.attributes
                0x0000000000000206       0x39 Drivers/STM32F4xx_HAL_Driver/Src/stm32f4xx_hal_adc.o
 .ARM.attributes
                0x000000000000023f       0x39 Drivers/STM32F4xx_HAL_Driver/Src/stm32f4xx_hal_cortex.o
 .ARM.attributes
                0x0000000000000278       0x39 Drivers/STM32F4xx_HAL_Driver/Src/stm32f4xx_hal_gpio.o
 .ARM.attributes
                0x00000000000002b1       0x39 Drivers/STM32F4xx_HAL_Driver/Src/stm32f4xx_hal_rcc.o
 .ARM.attributes
                0x00000000000002ea       0x39 Drivers/STM32F4xx_HAL_Driver/Src/stm32f4xx_hal_rcc_ex.o
 .ARM.attributes
                0x0000000000000323       0x39 Drivers/STM32F4xx_HAL_Driver/Src/stm32f4xx_hal_rtc.o
 .ARM.attributes
                0x000000000000035c       0x39 Drivers/STM32F4xx_HAL_Driver/Src/stm32f4xx_hal_spi.o
 .ARM.attributes
                0x0000000000000395       0x39 Drivers/STM32F4xx_HAL_Driver/Src/stm32f4xx_hal_tim.o
 .ARM.attributes
                0x00000000000003ce       0x39 Drivers/STM32F4xx_HAL_Driver/Src/stm32f4xx_hal_tim_ex.o
 .ARM.attributes
                0x0000000000000407       0x39 FATFS/App/fatfs.o
 .ARM.attributes
                0x0000000000000440       0x39 FATFS/Target/user_diskio.o
 .ARM.attributes
                0x0000000000000479       0x39 Middlewares/Third_Party/FatFs/src/diskio.o
 .ARM.attributes
                0x00000000000004b2       0x39 Middlewares/Third_Party/FatFs/src/ff.o
 .ARM.attributes
                0x00000000000004eb       0x39 Middlewares/Third_Party/FatFs/src/ff_gen_drv.o
 .ARM.attributes
                0x0000000000000524       0x39 Middlewares/Third_Party/FatFs/src/option/ccsbcs.o
 .ARM.attributes
                0x000000000000055d       0x34 d:/stuff/stm32cubeide_1.4.0/stm32cubeide/plugins/com.st.stm32cube.ide.mcu.externaltools.gnu-tools-for-stm32.7-2018-q2-update.win32_1.4.0.202007081208/tools/bin/../lib/gcc/arm-none-eabi/7.3.1/../../../../arm-none-eabi/lib/thumb/v7e-m/fpv4-sp/hard\libc_nano.a(lib_a-errno.o)
 .ARM.attributes
                0x0000000000000591       0x34 d:/stuff/stm32cubeide_1.4.0/stm32cubeide/plugins/com.st.stm32cube.ide.mcu.externaltools.gnu-tools-for-stm32.7-2018-q2-update.win32_1.4.0.202007081208/tools/bin/../lib/gcc/arm-none-eabi/7.3.1/../../../../arm-none-eabi/lib/thumb/v7e-m/fpv4-sp/hard\libc_nano.a(lib_a-impure.o)
 .ARM.attributes
                0x00000000000005c5       0x34 d:/stuff/stm32cubeide_1.4.0/stm32cubeide/plugins/com.st.stm32cube.ide.mcu.externaltools.gnu-tools-for-stm32.7-2018-q2-update.win32_1.4.0.202007081208/tools/bin/../lib/gcc/arm-none-eabi/7.3.1/../../../../arm-none-eabi/lib/thumb/v7e-m/fpv4-sp/hard\libc_nano.a(lib_a-init.o)
 .ARM.attributes
                0x00000000000005f9       0x34 d:/stuff/stm32cubeide_1.4.0/stm32cubeide/plugins/com.st.stm32cube.ide.mcu.externaltools.gnu-tools-for-stm32.7-2018-q2-update.win32_1.4.0.202007081208/tools/bin/../lib/gcc/arm-none-eabi/7.3.1/../../../../arm-none-eabi/lib/thumb/v7e-m/fpv4-sp/hard\libc_nano.a(lib_a-memset.o)
 .ARM.attributes
                0x000000000000062d       0x34 d:/stuff/stm32cubeide_1.4.0/stm32cubeide/plugins/com.st.stm32cube.ide.mcu.externaltools.gnu-tools-for-stm32.7-2018-q2-update.win32_1.4.0.202007081208/tools/bin/../lib/gcc/arm-none-eabi/7.3.1/../../../../arm-none-eabi/lib/thumb/v7e-m/fpv4-sp/hard\libc_nano.a(lib_a-snprintf.o)
 .ARM.attributes
                0x0000000000000661       0x34 d:/stuff/stm32cubeide_1.4.0/stm32cubeide/plugins/com.st.stm32cube.ide.mcu.externaltools.gnu-tools-for-stm32.7-2018-q2-update.win32_1.4.0.202007081208/tools/bin/../lib/gcc/arm-none-eabi/7.3.1/../../../../arm-none-eabi/lib/thumb/v7e-m/fpv4-sp/hard\libc_nano.a(lib_a-strcat.o)
 .ARM.attributes
                0x0000000000000695       0x34 d:/stuff/stm32cubeide_1.4.0/stm32cubeide/plugins/com.st.stm32cube.ide.mcu.externaltools.gnu-tools-for-stm32.7-2018-q2-update.win32_1.4.0.202007081208/tools/bin/../lib/gcc/arm-none-eabi/7.3.1/../../../../arm-none-eabi/lib/thumb/v7e-m/fpv4-sp/hard\libc_nano.a(lib_a-strcpy.o)
 .ARM.attributes
                0x00000000000006c9       0x1b d:/stuff/stm32cubeide_1.4.0/stm32cubeide/plugins/com.st.stm32cube.ide.mcu.externaltools.gnu-tools-for-stm32.7-2018-q2-update.win32_1.4.0.202007081208/tools/bin/../lib/gcc/arm-none-eabi/7.3.1/../../../../arm-none-eabi/lib/thumb/v7e-m/fpv4-sp/hard\libc_nano.a(lib_a-strlen.o)
 .ARM.attributes
                0x00000000000006e4       0x34 d:/stuff/stm32cubeide_1.4.0/stm32cubeide/plugins/com.st.stm32cube.ide.mcu.externaltools.gnu-tools-for-stm32.7-2018-q2-update.win32_1.4.0.202007081208/tools/bin/../lib/gcc/arm-none-eabi/7.3.1/../../../../arm-none-eabi/lib/thumb/v7e-m/fpv4-sp/hard\libc_nano.a(lib_a-nano-svfprintf.o)
 .ARM.attributes
                0x0000000000000718       0x34 d:/stuff/stm32cubeide_1.4.0/stm32cubeide/plugins/com.st.stm32cube.ide.mcu.externaltools.gnu-tools-for-stm32.7-2018-q2-update.win32_1.4.0.202007081208/tools/bin/../lib/gcc/arm-none-eabi/7.3.1/../../../../arm-none-eabi/lib/thumb/v7e-m/fpv4-sp/hard\libc_nano.a(lib_a-nano-vfprintf_i.o)
 .ARM.attributes
                0x000000000000074c       0x20 d:/stuff/stm32cubeide_1.4.0/stm32cubeide/plugins/com.st.stm32cube.ide.mcu.externaltools.gnu-tools-for-stm32.7-2018-q2-update.win32_1.4.0.202007081208/tools/bin/../lib/gcc/arm-none-eabi/7.3.1/../../../../arm-none-eabi/lib/thumb/v7e-m/fpv4-sp/hard\libc_nano.a(lib_a-memchr.o)
 .ARM.attributes
                0x000000000000076c       0x34 d:/stuff/stm32cubeide_1.4.0/stm32cubeide/plugins/com.st.stm32cube.ide.mcu.externaltools.gnu-tools-for-stm32.7-2018-q2-update.win32_1.4.0.202007081208/tools/bin/../lib/gcc/arm-none-eabi/7.3.1/../../../../arm-none-eabi/lib/thumb/v7e-m/fpv4-sp/hard\libc_nano.a(lib_a-memcpy-stub.o)
 .ARM.attributes
                0x00000000000007a0       0x34 d:/stuff/stm32cubeide_1.4.0/stm32cubeide/plugins/com.st.stm32cube.ide.mcu.externaltools.gnu-tools-for-stm32.7-2018-q2-update.win32_1.4.0.202007081208/tools/bin/../lib/gcc/arm-none-eabi/7.3.1/../../../../arm-none-eabi/lib/thumb/v7e-m/fpv4-sp/hard\libc_nano.a(lib_a-memmove.o)
 .ARM.attributes
                0x00000000000007d4       0x34 d:/stuff/stm32cubeide_1.4.0/stm32cubeide/plugins/com.st.stm32cube.ide.mcu.externaltools.gnu-tools-for-stm32.7-2018-q2-update.win32_1.4.0.202007081208/tools/bin/../lib/gcc/arm-none-eabi/7.3.1/../../../../arm-none-eabi/lib/thumb/v7e-m/fpv4-sp/hard\libc_nano.a(lib_a-nano-freer.o)
 .ARM.attributes
                0x0000000000000808       0x34 d:/stuff/stm32cubeide_1.4.0/stm32cubeide/plugins/com.st.stm32cube.ide.mcu.externaltools.gnu-tools-for-stm32.7-2018-q2-update.win32_1.4.0.202007081208/tools/bin/../lib/gcc/arm-none-eabi/7.3.1/../../../../arm-none-eabi/lib/thumb/v7e-m/fpv4-sp/hard\libc_nano.a(lib_a-nano-mallocr.o)
 .ARM.attributes
                0x000000000000083c       0x34 d:/stuff/stm32cubeide_1.4.0/stm32cubeide/plugins/com.st.stm32cube.ide.mcu.externaltools.gnu-tools-for-stm32.7-2018-q2-update.win32_1.4.0.202007081208/tools/bin/../lib/gcc/arm-none-eabi/7.3.1/../../../../arm-none-eabi/lib/thumb/v7e-m/fpv4-sp/hard\libc_nano.a(lib_a-nano-reallocr.o)
 .ARM.attributes
                0x0000000000000870       0x34 d:/stuff/stm32cubeide_1.4.0/stm32cubeide/plugins/com.st.stm32cube.ide.mcu.externaltools.gnu-tools-for-stm32.7-2018-q2-update.win32_1.4.0.202007081208/tools/bin/../lib/gcc/arm-none-eabi/7.3.1/../../../../arm-none-eabi/lib/thumb/v7e-m/fpv4-sp/hard\libc_nano.a(lib_a-sbrkr.o)
 .ARM.attributes
                0x00000000000008a4       0x34 d:/stuff/stm32cubeide_1.4.0/stm32cubeide/plugins/com.st.stm32cube.ide.mcu.externaltools.gnu-tools-for-stm32.7-2018-q2-update.win32_1.4.0.202007081208/tools/bin/../lib/gcc/arm-none-eabi/7.3.1/../../../../arm-none-eabi/lib/thumb/v7e-m/fpv4-sp/hard\libc_nano.a(lib_a-mlock.o)
 .ARM.attributes
                0x00000000000008d8       0x34 d:/stuff/stm32cubeide_1.4.0/stm32cubeide/plugins/com.st.stm32cube.ide.mcu.externaltools.gnu-tools-for-stm32.7-2018-q2-update.win32_1.4.0.202007081208/tools/bin/../lib/gcc/arm-none-eabi/7.3.1/../../../../arm-none-eabi/lib/thumb/v7e-m/fpv4-sp/hard\libc_nano.a(lib_a-nano-msizer.o)
 .ARM.attributes
                0x000000000000090c       0x34 d:/stuff/stm32cubeide_1.4.0/stm32cubeide/plugins/com.st.stm32cube.ide.mcu.externaltools.gnu-tools-for-stm32.7-2018-q2-update.win32_1.4.0.202007081208/tools/bin/../lib/gcc/arm-none-eabi/7.3.1/../../../../arm-none-eabi/lib/thumb/v7e-m/fpv4-sp/hard\libc_nano.a(lib_a-reent.o)
 .ARM.attributes
                0x0000000000000940       0x22 d:/stuff/stm32cubeide_1.4.0/stm32cubeide/plugins/com.st.stm32cube.ide.mcu.externaltools.gnu-tools-for-stm32.7-2018-q2-update.win32_1.4.0.202007081208/tools/bin/../lib/gcc/arm-none-eabi/7.3.1/thumb/v7e-m/fpv4-sp/hard\libgcc.a(_aeabi_uldivmod.o)
 .ARM.attributes
                0x0000000000000962       0x34 d:/stuff/stm32cubeide_1.4.0/stm32cubeide/plugins/com.st.stm32cube.ide.mcu.externaltools.gnu-tools-for-stm32.7-2018-q2-update.win32_1.4.0.202007081208/tools/bin/../lib/gcc/arm-none-eabi/7.3.1/thumb/v7e-m/fpv4-sp/hard\libgcc.a(_udivmoddi4.o)
 .ARM.attributes
                0x0000000000000996       0x22 d:/stuff/stm32cubeide_1.4.0/stm32cubeide/plugins/com.st.stm32cube.ide.mcu.externaltools.gnu-tools-for-stm32.7-2018-q2-update.win32_1.4.0.202007081208/tools/bin/../lib/gcc/arm-none-eabi/7.3.1/thumb/v7e-m/fpv4-sp/hard\libgcc.a(_dvmd_tls.o)
 .ARM.attributes
                0x00000000000009b8       0x22 d:/stuff/stm32cubeide_1.4.0/stm32cubeide/plugins/com.st.stm32cube.ide.mcu.externaltools.gnu-tools-for-stm32.7-2018-q2-update.win32_1.4.0.202007081208/tools/bin/../lib/gcc/arm-none-eabi/7.3.1/thumb/v7e-m/fpv4-sp/hard/crtn.o
OUTPUT(NUCLEO-F401RE-Sensor.elf elf32-littlearm)

.debug_info     0x0000000000000000    0x15a10
 .debug_info    0x0000000000000000      0xc09 Core/Src/fatfs_sd.o
 .debug_info    0x0000000000000c09     0x242b Core/Src/main.o
 .debug_info    0x0000000000003034     0x144f Core/Src/stm32f4xx_hal_msp.o
 .debug_info    0x0000000000004483      0x844 Core/Src/stm32f4xx_it.o
 .debug_info    0x0000000000004cc7      0x985 Core/Src/sysmem.o
 .debug_info    0x000000000000564c      0x57e Core/Src/system_stm32f4xx.o
 .debug_info    0x0000000000005bca       0x22 Core/Startup/startup_stm32f401retx.o
 .debug_info    0x0000000000005bec      0x8ce Drivers/STM32F4xx_HAL_Driver/Src/stm32f4xx_hal.o
 .debug_info    0x00000000000064ba      0xce6 Drivers/STM32F4xx_HAL_Driver/Src/stm32f4xx_hal_adc.o
 .debug_info    0x00000000000071a0      0xd92 Drivers/STM32F4xx_HAL_Driver/Src/stm32f4xx_hal_cortex.o
 .debug_info    0x0000000000007f32      0x7d7 Drivers/STM32F4xx_HAL_Driver/Src/stm32f4xx_hal_gpio.o
 .debug_info    0x0000000000008709      0x929 Drivers/STM32F4xx_HAL_Driver/Src/stm32f4xx_hal_rcc.o
 .debug_info    0x0000000000009032      0x5e5 Drivers/STM32F4xx_HAL_Driver/Src/stm32f4xx_hal_rcc_ex.o
 .debug_info    0x0000000000009617      0xbb3 Drivers/STM32F4xx_HAL_Driver/Src/stm32f4xx_hal_rtc.o
 .debug_info    0x000000000000a1ca     0x1632 Drivers/STM32F4xx_HAL_Driver/Src/stm32f4xx_hal_spi.o
 .debug_info    0x000000000000b7fc     0x24a1 Drivers/STM32F4xx_HAL_Driver/Src/stm32f4xx_hal_tim.o
 .debug_info    0x000000000000dc9d     0x114f Drivers/STM32F4xx_HAL_Driver/Src/stm32f4xx_hal_tim_ex.o
 .debug_info    0x000000000000edec      0xdaa FATFS/App/fatfs.o
 .debug_info    0x000000000000fb96      0xc29 FATFS/Target/user_diskio.o
 .debug_info    0x00000000000107bf      0xcdc Middlewares/Third_Party/FatFs/src/diskio.o
 .debug_info    0x000000000001149b     0x2e3a Middlewares/Third_Party/FatFs/src/ff.o
 .debug_info    0x00000000000142d5      0xc74 Middlewares/Third_Party/FatFs/src/ff_gen_drv.o
 .debug_info    0x0000000000014f49      0xac7 Middlewares/Third_Party/FatFs/src/option/ccsbcs.o

.debug_abbrev   0x0000000000000000     0x2d2c
 .debug_abbrev  0x0000000000000000      0x262 Core/Src/fatfs_sd.o
 .debug_abbrev  0x0000000000000262      0x30e Core/Src/main.o
 .debug_abbrev  0x0000000000000570      0x1f8 Core/Src/stm32f4xx_hal_msp.o
 .debug_abbrev  0x0000000000000768      0x1a3 Core/Src/stm32f4xx_it.o
 .debug_abbrev  0x000000000000090b      0x19b Core/Src/sysmem.o
 .debug_abbrev  0x0000000000000aa6      0x12b Core/Src/system_stm32f4xx.o
 .debug_abbrev  0x0000000000000bd1       0x12 Core/Startup/startup_stm32f401retx.o
 .debug_abbrev  0x0000000000000be3      0x1f2 Drivers/STM32F4xx_HAL_Driver/Src/stm32f4xx_hal.o
 .debug_abbrev  0x0000000000000dd5      0x1cd Drivers/STM32F4xx_HAL_Driver/Src/stm32f4xx_hal_adc.o
 .debug_abbrev  0x0000000000000fa2      0x2fa Drivers/STM32F4xx_HAL_Driver/Src/stm32f4xx_hal_cortex.o
 .debug_abbrev  0x000000000000129c      0x1c9 Drivers/STM32F4xx_HAL_Driver/Src/stm32f4xx_hal_gpio.o
 .debug_abbrev  0x0000000000001465      0x245 Drivers/STM32F4xx_HAL_Driver/Src/stm32f4xx_hal_rcc.o
 .debug_abbrev  0x00000000000016aa      0x173 Drivers/STM32F4xx_HAL_Driver/Src/stm32f4xx_hal_rcc_ex.o
 .debug_abbrev  0x000000000000181d      0x1cd Drivers/STM32F4xx_HAL_Driver/Src/stm32f4xx_hal_rtc.o
 .debug_abbrev  0x00000000000019ea      0x240 Drivers/STM32F4xx_HAL_Driver/Src/stm32f4xx_hal_spi.o
 .debug_abbrev  0x0000000000001c2a      0x23f Drivers/STM32F4xx_HAL_Driver/Src/stm32f4xx_hal_tim.o
 .debug_abbrev  0x0000000000001e69      0x22d Drivers/STM32F4xx_HAL_Driver/Src/stm32f4xx_hal_tim_ex.o
 .debug_abbrev  0x0000000000002096      0x1df FATFS/App/fatfs.o
 .debug_abbrev  0x0000000000002275      0x1f1 FATFS/Target/user_diskio.o
 .debug_abbrev  0x0000000000002466      0x209 Middlewares/Third_Party/FatFs/src/diskio.o
 .debug_abbrev  0x000000000000266f      0x298 Middlewares/Third_Party/FatFs/src/ff.o
 .debug_abbrev  0x0000000000002907      0x236 Middlewares/Third_Party/FatFs/src/ff_gen_drv.o
 .debug_abbrev  0x0000000000002b3d      0x1ef Middlewares/Third_Party/FatFs/src/option/ccsbcs.o

.debug_aranges  0x0000000000000000     0x1138
 .debug_aranges
                0x0000000000000000       0xa0 Core/Src/fatfs_sd.o
 .debug_aranges
                0x00000000000000a0       0x78 Core/Src/main.o
 .debug_aranges
                0x0000000000000118       0x60 Core/Src/stm32f4xx_hal_msp.o
 .debug_aranges
                0x0000000000000178       0x70 Core/Src/stm32f4xx_it.o
 .debug_aranges
                0x00000000000001e8       0x20 Core/Src/sysmem.o
 .debug_aranges
                0x0000000000000208       0x28 Core/Src/system_stm32f4xx.o
 .debug_aranges
                0x0000000000000230       0x28 Core/Startup/startup_stm32f401retx.o
 .debug_aranges
                0x0000000000000258       0xf0 Drivers/STM32F4xx_HAL_Driver/Src/stm32f4xx_hal.o
 .debug_aranges
                0x0000000000000348       0xe8 Drivers/STM32F4xx_HAL_Driver/Src/stm32f4xx_hal_adc.o
 .debug_aranges
                0x0000000000000430      0x118 Drivers/STM32F4xx_HAL_Driver/Src/stm32f4xx_hal_cortex.o
 .debug_aranges
                0x0000000000000548       0x58 Drivers/STM32F4xx_HAL_Driver/Src/stm32f4xx_hal_gpio.o
 .debug_aranges
                0x00000000000005a0       0x88 Drivers/STM32F4xx_HAL_Driver/Src/stm32f4xx_hal_rcc.o
 .debug_aranges
                0x0000000000000628       0x48 Drivers/STM32F4xx_HAL_Driver/Src/stm32f4xx_hal_rcc_ex.o
 .debug_aranges
                0x0000000000000670       0xb8 Drivers/STM32F4xx_HAL_Driver/Src/stm32f4xx_hal_rtc.o
 .debug_aranges
                0x0000000000000728      0x1d0 Drivers/STM32F4xx_HAL_Driver/Src/stm32f4xx_hal_spi.o
 .debug_aranges
                0x00000000000008f8      0x3a8 Drivers/STM32F4xx_HAL_Driver/Src/stm32f4xx_hal_tim.o
 .debug_aranges
                0x0000000000000ca0      0x150 Drivers/STM32F4xx_HAL_Driver/Src/stm32f4xx_hal_tim_ex.o
 .debug_aranges
                0x0000000000000df0       0x28 FATFS/App/fatfs.o
 .debug_aranges
                0x0000000000000e18       0x40 FATFS/Target/user_diskio.o
 .debug_aranges
                0x0000000000000e58       0x48 Middlewares/Third_Party/FatFs/src/diskio.o
 .debug_aranges
                0x0000000000000ea0      0x230 Middlewares/Third_Party/FatFs/src/ff.o
 .debug_aranges
                0x00000000000010d0       0x40 Middlewares/Third_Party/FatFs/src/ff_gen_drv.o
 .debug_aranges
                0x0000000000001110       0x28 Middlewares/Third_Party/FatFs/src/option/ccsbcs.o

.debug_ranges   0x0000000000000000      0xfd0
 .debug_ranges  0x0000000000000000       0x90 Core/Src/fatfs_sd.o
 .debug_ranges  0x0000000000000090       0x68 Core/Src/main.o
 .debug_ranges  0x00000000000000f8       0x50 Core/Src/stm32f4xx_hal_msp.o
 .debug_ranges  0x0000000000000148       0x60 Core/Src/stm32f4xx_it.o
 .debug_ranges  0x00000000000001a8       0x10 Core/Src/sysmem.o
 .debug_ranges  0x00000000000001b8       0x18 Core/Src/system_stm32f4xx.o
 .debug_ranges  0x00000000000001d0       0x20 Core/Startup/startup_stm32f401retx.o
 .debug_ranges  0x00000000000001f0       0xe0 Drivers/STM32F4xx_HAL_Driver/Src/stm32f4xx_hal.o
 .debug_ranges  0x00000000000002d0       0xd8 Drivers/STM32F4xx_HAL_Driver/Src/stm32f4xx_hal_adc.o
 .debug_ranges  0x00000000000003a8      0x108 Drivers/STM32F4xx_HAL_Driver/Src/stm32f4xx_hal_cortex.o
 .debug_ranges  0x00000000000004b0       0x48 Drivers/STM32F4xx_HAL_Driver/Src/stm32f4xx_hal_gpio.o
 .debug_ranges  0x00000000000004f8       0x78 Drivers/STM32F4xx_HAL_Driver/Src/stm32f4xx_hal_rcc.o
 .debug_ranges  0x0000000000000570       0x38 Drivers/STM32F4xx_HAL_Driver/Src/stm32f4xx_hal_rcc_ex.o
 .debug_ranges  0x00000000000005a8       0xa8 Drivers/STM32F4xx_HAL_Driver/Src/stm32f4xx_hal_rtc.o
 .debug_ranges  0x0000000000000650      0x1c0 Drivers/STM32F4xx_HAL_Driver/Src/stm32f4xx_hal_spi.o
 .debug_ranges  0x0000000000000810      0x398 Drivers/STM32F4xx_HAL_Driver/Src/stm32f4xx_hal_tim.o
 .debug_ranges  0x0000000000000ba8      0x140 Drivers/STM32F4xx_HAL_Driver/Src/stm32f4xx_hal_tim_ex.o
 .debug_ranges  0x0000000000000ce8       0x18 FATFS/App/fatfs.o
 .debug_ranges  0x0000000000000d00       0x30 FATFS/Target/user_diskio.o
 .debug_ranges  0x0000000000000d30       0x38 Middlewares/Third_Party/FatFs/src/diskio.o
 .debug_ranges  0x0000000000000d68      0x220 Middlewares/Third_Party/FatFs/src/ff.o
 .debug_ranges  0x0000000000000f88       0x30 Middlewares/Third_Party/FatFs/src/ff_gen_drv.o
 .debug_ranges  0x0000000000000fb8       0x18 Middlewares/Third_Party/FatFs/src/option/ccsbcs.o

.debug_macro    0x0000000000000000    0x19814
 .debug_macro   0x0000000000000000      0x23f Core/Src/fatfs_sd.o
 .debug_macro   0x000000000000023f      0xa5a Core/Src/fatfs_sd.o
 .debug_macro   0x0000000000000c99      0x2a0 Core/Src/fatfs_sd.o
 .debug_macro   0x0000000000000f39       0x2e Core/Src/fatfs_sd.o
 .debug_macro   0x0000000000000f67       0x28 Core/Src/fatfs_sd.o
 .debug_macro   0x0000000000000f8f       0x22 Core/Src/fatfs_sd.o
 .debug_macro   0x0000000000000fb1       0x8e Core/Src/fatfs_sd.o
 .debug_macro   0x000000000000103f       0x51 Core/Src/fatfs_sd.o
 .debug_macro   0x0000000000001090       0xef Core/Src/fatfs_sd.o
 .debug_macro   0x000000000000117f       0x6a Core/Src/fatfs_sd.o
 .debug_macro   0x00000000000011e9      0x1df Core/Src/fatfs_sd.o
 .debug_macro   0x00000000000013c8       0x1c Core/Src/fatfs_sd.o
 .debug_macro   0x00000000000013e4       0x22 Core/Src/fatfs_sd.o
 .debug_macro   0x0000000000001406       0xdf Core/Src/fatfs_sd.o
 .debug_macro   0x00000000000014e5     0x102d Core/Src/fatfs_sd.o
 .debug_macro   0x0000000000002512      0x11f Core/Src/fatfs_sd.o
 .debug_macro   0x0000000000002631     0xb850 Core/Src/fatfs_sd.o
 .debug_macro   0x000000000000de81       0x43 Core/Src/fatfs_sd.o
 .debug_macro   0x000000000000dec4     0x3659 Core/Src/fatfs_sd.o
 .debug_macro   0x000000000001151d      0x174 Core/Src/fatfs_sd.o
 .debug_macro   0x0000000000011691       0x5a Core/Src/fatfs_sd.o
 .debug_macro   0x00000000000116eb      0x416 Core/Src/fatfs_sd.o
 .debug_macro   0x0000000000011b01      0x9fe Core/Src/fatfs_sd.o
 .debug_macro   0x00000000000124ff      0x117 Core/Src/fatfs_sd.o
 .debug_macro   0x0000000000012616       0xf8 Core/Src/fatfs_sd.o
 .debug_macro   0x000000000001270e       0x27 Core/Src/fatfs_sd.o
 .debug_macro   0x0000000000012735      0x15f Core/Src/fatfs_sd.o
 .debug_macro   0x0000000000012894      0x287 Core/Src/fatfs_sd.o
 .debug_macro   0x0000000000012b1b       0x5f Core/Src/fatfs_sd.o
 .debug_macro   0x0000000000012b7a      0x236 Core/Src/fatfs_sd.o
 .debug_macro   0x0000000000012db0      0x391 Core/Src/fatfs_sd.o
 .debug_macro   0x0000000000013141      0x176 Core/Src/fatfs_sd.o
 .debug_macro   0x00000000000132b7       0xf9 Core/Src/fatfs_sd.o
 .debug_macro   0x00000000000133b0      0x132 Core/Src/fatfs_sd.o
 .debug_macro   0x00000000000134e2      0x264 Core/Src/fatfs_sd.o
 .debug_macro   0x0000000000013746       0x2e Core/Src/fatfs_sd.o
 .debug_macro   0x0000000000013774      0x11a Core/Src/fatfs_sd.o
 .debug_macro   0x000000000001388e       0x85 Core/Src/fatfs_sd.o
 .debug_macro   0x0000000000013913       0x89 Core/Src/fatfs_sd.o
 .debug_macro   0x000000000001399c      0x31a Core/Src/fatfs_sd.o
 .debug_macro   0x0000000000013cb6      0x405 Core/Src/fatfs_sd.o
 .debug_macro   0x00000000000140bb       0xe4 Core/Src/fatfs_sd.o
 .debug_macro   0x000000000001419f      0x225 Core/Src/fatfs_sd.o
 .debug_macro   0x00000000000143c4      0x8a0 Core/Src/fatfs_sd.o
 .debug_macro   0x0000000000014c64       0x47 Core/Src/fatfs_sd.o
 .debug_macro   0x0000000000014cab      0x126 Core/Src/fatfs_sd.o
 .debug_macro   0x0000000000014dd1       0x16 Core/Src/fatfs_sd.o
 .debug_macro   0x0000000000014de7       0x7c Core/Src/fatfs_sd.o
 .debug_macro   0x0000000000014e63       0x70 Core/Src/fatfs_sd.o
 .debug_macro   0x0000000000014ed3      0x41f Core/Src/main.o
 .debug_macro   0x00000000000152f2       0x64 Core/Src/main.o
 .debug_macro   0x0000000000015356       0xeb Core/Src/main.o
 .debug_macro   0x0000000000015441       0x18 Core/Src/main.o
 .debug_macro   0x0000000000015459       0x46 Core/Src/main.o
 .debug_macro   0x000000000001549f       0x3c Core/Src/main.o
 .debug_macro   0x00000000000154db       0x34 Core/Src/main.o
 .debug_macro   0x000000000001550f       0x16 Core/Src/main.o
 .debug_macro   0x0000000000015525       0x35 Core/Src/main.o
 .debug_macro   0x000000000001555a       0x52 Core/Src/main.o
 .debug_macro   0x00000000000155ac       0x1f Core/Src/main.o
 .debug_macro   0x00000000000155cb       0x43 Core/Src/main.o
 .debug_macro   0x000000000001560e       0x20 Core/Src/main.o
 .debug_macro   0x000000000001562e      0x1a3 Core/Src/main.o
 .debug_macro   0x00000000000157d1      0x32a Core/Src/main.o
 .debug_macro   0x0000000000015afb       0x16 Core/Src/main.o
 .debug_macro   0x0000000000015b11       0x29 Core/Src/main.o
 .debug_macro   0x0000000000015b3a       0x12 Core/Src/main.o
 .debug_macro   0x0000000000015b4c       0xe2 Core/Src/main.o
 .debug_macro   0x0000000000015c2e       0x8e Core/Src/main.o
 .debug_macro   0x0000000000015cbc       0x16 Core/Src/main.o
 .debug_macro   0x0000000000015cd2       0x20 Core/Src/main.o
 .debug_macro   0x0000000000015cf2       0x1c Core/Src/main.o
 .debug_macro   0x0000000000015d0e       0x10 Core/Src/main.o
 .debug_macro   0x0000000000015d1e       0x10 Core/Src/main.o
 .debug_macro   0x0000000000015d2e       0x1c Core/Src/main.o
 .debug_macro   0x0000000000015d4a       0x52 Core/Src/main.o
 .debug_macro   0x0000000000015d9c       0x40 Core/Src/main.o
 .debug_macro   0x0000000000015ddc       0x10 Core/Src/main.o
 .debug_macro   0x0000000000015dec       0x40 Core/Src/main.o
 .debug_macro   0x0000000000015e2c       0xd7 Core/Src/main.o
 .debug_macro   0x0000000000015f03       0x1c Core/Src/main.o
 .debug_macro   0x0000000000015f1f       0x3d Core/Src/main.o
 .debug_macro   0x0000000000015f5c       0x16 Core/Src/main.o
 .debug_macro   0x0000000000015f72      0x145 Core/Src/main.o
 .debug_macro   0x00000000000160b7      0x20f Core/Src/stm32f4xx_hal_msp.o
 .debug_macro   0x00000000000162c6      0x219 Core/Src/stm32f4xx_it.o
 .debug_macro   0x00000000000164df       0xee Core/Src/sysmem.o
 .debug_macro   0x00000000000165cd      0x23b Core/Src/sysmem.o
 .debug_macro   0x0000000000016808      0x206 Core/Src/system_stm32f4xx.o
 .debug_macro   0x0000000000016a0e      0x260 Drivers/STM32F4xx_HAL_Driver/Src/stm32f4xx_hal.o
 .debug_macro   0x0000000000016c6e      0x201 Drivers/STM32F4xx_HAL_Driver/Src/stm32f4xx_hal_adc.o
 .debug_macro   0x0000000000016e6f      0x200 Drivers/STM32F4xx_HAL_Driver/Src/stm32f4xx_hal_cortex.o
 .debug_macro   0x000000000001706f      0x236 Drivers/STM32F4xx_HAL_Driver/Src/stm32f4xx_hal_gpio.o
 .debug_macro   0x00000000000172a5      0x224 Drivers/STM32F4xx_HAL_Driver/Src/stm32f4xx_hal_rcc.o
 .debug_macro   0x00000000000174c9      0x200 Drivers/STM32F4xx_HAL_Driver/Src/stm32f4xx_hal_rcc_ex.o
 .debug_macro   0x00000000000176c9      0x201 Drivers/STM32F4xx_HAL_Driver/Src/stm32f4xx_hal_rtc.o
 .debug_macro   0x00000000000178ca      0x20f Drivers/STM32F4xx_HAL_Driver/Src/stm32f4xx_hal_spi.o
 .debug_macro   0x0000000000017ad9      0x201 Drivers/STM32F4xx_HAL_Driver/Src/stm32f4xx_hal_tim.o
 .debug_macro   0x0000000000017cda      0x200 Drivers/STM32F4xx_HAL_Driver/Src/stm32f4xx_hal_tim_ex.o
 .debug_macro   0x0000000000017eda      0x327 FATFS/App/fatfs.o
 .debug_macro   0x0000000000018201       0xe5 FATFS/App/fatfs.o
 .debug_macro   0x00000000000182e6      0x34d FATFS/Target/user_diskio.o
 .debug_macro   0x0000000000018633       0x10 FATFS/Target/user_diskio.o
 .debug_macro   0x0000000000018643       0xd9 FATFS/Target/user_diskio.o
 .debug_macro   0x000000000001871c       0x54 FATFS/Target/user_diskio.o
 .debug_macro   0x0000000000018770      0x314 Middlewares/Third_Party/FatFs/src/diskio.o
 .debug_macro   0x0000000000018a84      0x722 Middlewares/Third_Party/FatFs/src/ff.o
 .debug_macro   0x00000000000191a6       0x58 Middlewares/Third_Party/FatFs/src/ff.o
 .debug_macro   0x00000000000191fe      0x314 Middlewares/Third_Party/FatFs/src/ff_gen_drv.o
 .debug_macro   0x0000000000019512      0x302 Middlewares/Third_Party/FatFs/src/option/ccsbcs.o

.debug_line     0x0000000000000000     0xfb53
 .debug_line    0x0000000000000000      0xa90 Core/Src/fatfs_sd.o
 .debug_line    0x0000000000000a90      0xb73 Core/Src/main.o
 .debug_line    0x0000000000001603      0x7da Core/Src/stm32f4xx_hal_msp.o
 .debug_line    0x0000000000001ddd      0x805 Core/Src/stm32f4xx_it.o
 .debug_line    0x00000000000025e2      0x4d6 Core/Src/sysmem.o
 .debug_line    0x0000000000002ab8      0x749 Core/Src/system_stm32f4xx.o
 .debug_line    0x0000000000003201       0x85 Core/Startup/startup_stm32f401retx.o
 .debug_line    0x0000000000003286      0x933 Drivers/STM32F4xx_HAL_Driver/Src/stm32f4xx_hal.o
 .debug_line    0x0000000000003bb9      0xb59 Drivers/STM32F4xx_HAL_Driver/Src/stm32f4xx_hal_adc.o
 .debug_line    0x0000000000004712      0xa57 Drivers/STM32F4xx_HAL_Driver/Src/stm32f4xx_hal_cortex.o
 .debug_line    0x0000000000005169      0x8d6 Drivers/STM32F4xx_HAL_Driver/Src/stm32f4xx_hal_gpio.o
 .debug_line    0x0000000000005a3f      0x98b Drivers/STM32F4xx_HAL_Driver/Src/stm32f4xx_hal_rcc.o
 .debug_line    0x00000000000063ca      0x856 Drivers/STM32F4xx_HAL_Driver/Src/stm32f4xx_hal_rcc_ex.o
 .debug_line    0x0000000000006c20      0xac3 Drivers/STM32F4xx_HAL_Driver/Src/stm32f4xx_hal_rtc.o
 .debug_line    0x00000000000076e3     0x10ef Drivers/STM32F4xx_HAL_Driver/Src/stm32f4xx_hal_spi.o
 .debug_line    0x00000000000087d2     0x17f0 Drivers/STM32F4xx_HAL_Driver/Src/stm32f4xx_hal_tim.o
 .debug_line    0x0000000000009fc2      0xd3e Drivers/STM32F4xx_HAL_Driver/Src/stm32f4xx_hal_tim_ex.o
 .debug_line    0x000000000000ad00      0x909 FATFS/App/fatfs.o
 .debug_line    0x000000000000b609      0x95e FATFS/Target/user_diskio.o
 .debug_line    0x000000000000bf67      0x931 Middlewares/Third_Party/FatFs/src/diskio.o
 .debug_line    0x000000000000c898     0x202b Middlewares/Third_Party/FatFs/src/ff.o
 .debug_line    0x000000000000e8c3      0x931 Middlewares/Third_Party/FatFs/src/ff_gen_drv.o
 .debug_line    0x000000000000f1f4      0x95f Middlewares/Third_Party/FatFs/src/option/ccsbcs.o

.debug_str      0x0000000000000000    0x97e4a
 .debug_str     0x0000000000000000    0x8e275 Core/Src/fatfs_sd.o
                                      0x8e589 (size before relaxing)
 .debug_str     0x000000000008e275     0x53d3 Core/Src/main.o
                                      0x9396c (size before relaxing)
 .debug_str     0x0000000000093648      0x454 Core/Src/stm32f4xx_hal_msp.o
                                      0x8ed16 (size before relaxing)
 .debug_str     0x0000000000093a9c       0xef Core/Src/stm32f4xx_it.o
                                      0x8e37e (size before relaxing)
 .debug_str     0x0000000000093b8b      0x4e9 Core/Src/sysmem.o
                                       0x5f4e (size before relaxing)
 .debug_str     0x0000000000094074       0xc4 Core/Src/system_stm32f4xx.o
                                      0x8de4f (size before relaxing)
 .debug_str     0x0000000000094138       0x36 Core/Startup/startup_stm32f401retx.o
                                         0x5b (size before relaxing)
 .debug_str     0x000000000009416e      0x58d Drivers/STM32F4xx_HAL_Driver/Src/stm32f4xx_hal.o
                                      0x8e7ba (size before relaxing)
 .debug_str     0x00000000000946fb      0x29d Drivers/STM32F4xx_HAL_Driver/Src/stm32f4xx_hal_adc.o
                                      0x8e3d4 (size before relaxing)
 .debug_str     0x0000000000094998      0x392 Drivers/STM32F4xx_HAL_Driver/Src/stm32f4xx_hal_cortex.o
                                      0x8e597 (size before relaxing)
 .debug_str     0x0000000000094d2a      0x20c Drivers/STM32F4xx_HAL_Driver/Src/stm32f4xx_hal_gpio.o
                                      0x8e08e (size before relaxing)
 .debug_str     0x0000000000094f36      0x259 Drivers/STM32F4xx_HAL_Driver/Src/stm32f4xx_hal_rcc.o
                                      0x8e23c (size before relaxing)
 .debug_str     0x000000000009518f      0x113 Drivers/STM32F4xx_HAL_Driver/Src/stm32f4xx_hal_rcc_ex.o
                                      0x8df95 (size before relaxing)
 .debug_str     0x00000000000952a2      0x210 Drivers/STM32F4xx_HAL_Driver/Src/stm32f4xx_hal_rtc.o
                                      0x8e1ea (size before relaxing)
 .debug_str     0x00000000000954b2      0x555 Drivers/STM32F4xx_HAL_Driver/Src/stm32f4xx_hal_spi.o
                                      0x8e6ab (size before relaxing)
 .debug_str     0x0000000000095a07      0xd05 Drivers/STM32F4xx_HAL_Driver/Src/stm32f4xx_hal_tim.o
                                      0x8ef49 (size before relaxing)
 .debug_str     0x000000000009670c      0x4a2 Drivers/STM32F4xx_HAL_Driver/Src/stm32f4xx_hal_tim_ex.o
                                      0x8e749 (size before relaxing)
 .debug_str     0x0000000000096bae       0x2f FATFS/App/fatfs.o
                                      0x915dd (size before relaxing)
 .debug_str     0x0000000000096bdd       0x6d FATFS/Target/user_diskio.o
                                      0x9167d (size before relaxing)
 .debug_str     0x0000000000096c4a       0x52 Middlewares/Third_Party/FatFs/src/diskio.o
                                      0x914ea (size before relaxing)
 .debug_str     0x0000000000096c9c     0x10ac Middlewares/Third_Party/FatFs/src/ff.o
                                      0x9279c (size before relaxing)
 .debug_str     0x0000000000097d48       0xa2 Middlewares/Third_Party/FatFs/src/ff_gen_drv.o
                                      0x9153b (size before relaxing)
 .debug_str     0x0000000000097dea       0x60 Middlewares/Third_Party/FatFs/src/option/ccsbcs.o
                                      0x912d1 (size before relaxing)

.comment        0x0000000000000000       0x7b
 .comment       0x0000000000000000       0x7b Core/Src/fatfs_sd.o
                                         0x7c (size before relaxing)
 .comment       0x000000000000007b       0x7c Core/Src/main.o
 .comment       0x000000000000007b       0x7c Core/Src/stm32f4xx_hal_msp.o
 .comment       0x000000000000007b       0x7c Core/Src/stm32f4xx_it.o
 .comment       0x000000000000007b       0x7c Core/Src/sysmem.o
 .comment       0x000000000000007b       0x7c Core/Src/system_stm32f4xx.o
 .comment       0x000000000000007b       0x7c Drivers/STM32F4xx_HAL_Driver/Src/stm32f4xx_hal.o
 .comment       0x000000000000007b       0x7c Drivers/STM32F4xx_HAL_Driver/Src/stm32f4xx_hal_adc.o
 .comment       0x000000000000007b       0x7c Drivers/STM32F4xx_HAL_Driver/Src/stm32f4xx_hal_cortex.o
 .comment       0x000000000000007b       0x7c Drivers/STM32F4xx_HAL_Driver/Src/stm32f4xx_hal_gpio.o
 .comment       0x000000000000007b       0x7c Drivers/STM32F4xx_HAL_Driver/Src/stm32f4xx_hal_rcc.o
 .comment       0x000000000000007b       0x7c Drivers/STM32F4xx_HAL_Driver/Src/stm32f4xx_hal_rcc_ex.o
 .comment       0x000000000000007b       0x7c Drivers/STM32F4xx_HAL_Driver/Src/stm32f4xx_hal_rtc.o
 .comment       0x000000000000007b       0x7c Drivers/STM32F4xx_HAL_Driver/Src/stm32f4xx_hal_spi.o
 .comment       0x000000000000007b       0x7c Drivers/STM32F4xx_HAL_Driver/Src/stm32f4xx_hal_tim.o
 .comment       0x000000000000007b       0x7c Drivers/STM32F4xx_HAL_Driver/Src/stm32f4xx_hal_tim_ex.o
 .comment       0x000000000000007b       0x7c FATFS/App/fatfs.o
 .comment       0x000000000000007b       0x7c FATFS/Target/user_diskio.o
 .comment       0x000000000000007b       0x7c Middlewares/Third_Party/FatFs/src/diskio.o
 .comment       0x000000000000007b       0x7c Middlewares/Third_Party/FatFs/src/ff.o
 .comment       0x000000000000007b       0x7c Middlewares/Third_Party/FatFs/src/ff_gen_drv.o
 .comment       0x000000000000007b       0x7c Middlewares/Third_Party/FatFs/src/option/ccsbcs.o

.debug_frame    0x0000000000000000     0x4ad0
 .debug_frame   0x0000000000000000      0x268 Core/Src/fatfs_sd.o
 .debug_frame   0x0000000000000268      0x1b0 Core/Src/main.o
 .debug_frame   0x0000000000000418      0x15c Core/Src/stm32f4xx_hal_msp.o
 .debug_frame   0x0000000000000574      0x150 Core/Src/stm32f4xx_it.o
 .debug_frame   0x00000000000006c4       0x34 Core/Src/sysmem.o