main.c:90:5:main	8	static
main.c:145:6:SystemClock_Config	104	static
main.c:198:13:MX_ADC1_Init	24	static
main.c:248:13:MX_RTC_Init	8	static
main.c:308:13:MX_SPI2_Init	8	static
main.c:346:13:MX_TIM1_Init	32	static
main.c:392:13:MX_USART2_UART_Init	8	static
main.c:425:13:MX_GPIO_Init	48	static
main.c:465:6:InitDateTime	8	static
main.c:480:6:Print	16	static
main.c:485:10:GetSensorValue	16	static
main.c:494:6:FormatOutputLine	56	static
main.c:501:6:GetFileName	24	static
main.c:507:10:AddLineToFile	8424	static
main.c:576:6:Error_Handler	4	static
